Component: ARM Compiler 5.05 update 1 (build 106) Tool: armlink [4d0efa]

==============================================================================

Section Cross References

    startup_stm32l1xx_md.o(RESET) refers to startup_stm32l1xx_md.o(STACK) for __initial_sp
    startup_stm32l1xx_md.o(RESET) refers to startup_stm32l1xx_md.o(.text) for Reset_Handler
    startup_stm32l1xx_md.o(RESET) refers to stm32l1xx_it.o(.text) for NMI_Handler
    startup_stm32l1xx_md.o(RESET) refers to exti.o(.text) for EXTI4_IRQHandler
    startup_stm32l1xx_md.o(RESET) refers to timer.o(.text) for TIM10_IRQHandler
    startup_stm32l1xx_md.o(RESET) refers to nb_process.o(.text) for TIM3_IRQHandler
    startup_stm32l1xx_md.o(RESET) refers to nb_at.o(.text) for TIM4_IRQHandler
    startup_stm32l1xx_md.o(RESET) refers to rtc.o(.text) for RTC_Alarm_IRQHandler
    startup_stm32l1xx_md.o(.text) refers to system_stm32l1xx.o(.text) for SystemInit
    startup_stm32l1xx_md.o(.text) refers to entry.o(.ARM.Collect$$$$00000000) for __main
    stm32l1xx_adc.o(.text) refers to stm32l1xx_rcc.o(.text) for RCC_APB2PeriphResetCmd
    stm32l1xx_aes.o(.text) refers to stm32l1xx_rcc.o(.text) for RCC_AHBPeriphResetCmd
    stm32l1xx_aes_util.o(.text) refers to stm32l1xx_aes.o(.text) for AES_KeyInit
    stm32l1xx_dac.o(.text) refers to stm32l1xx_rcc.o(.text) for RCC_APB1PeriphResetCmd
    stm32l1xx_gpio.o(.text) refers to stm32l1xx_rcc.o(.text) for RCC_AHBPeriphResetCmd
    stm32l1xx_i2c.o(.text) refers to stm32l1xx_rcc.o(.text) for RCC_APB1PeriphResetCmd
    stm32l1xx_lcd.o(.text) refers to stm32l1xx_rcc.o(.text) for RCC_APB1PeriphResetCmd
    stm32l1xx_pwr.o(.text) refers to stm32l1xx_rcc.o(.text) for RCC_APB1PeriphResetCmd
    stm32l1xx_rcc.o(.text) refers to stm32l1xx_rcc.o(.data) for PLLMulTable
    stm32l1xx_sdio.o(.text) refers to stm32l1xx_rcc.o(.text) for RCC_APB2PeriphResetCmd
    stm32l1xx_spi.o(.text) refers to stm32l1xx_rcc.o(.text) for RCC_APB2PeriphResetCmd
    stm32l1xx_syscfg.o(.text) refers to stm32l1xx_rcc.o(.text) for RCC_APB2PeriphResetCmd
    stm32l1xx_tim.o(.text) refers to stm32l1xx_rcc.o(.text) for RCC_APB1PeriphResetCmd
    stm32l1xx_usart.o(.text) refers to stm32l1xx_rcc.o(.text) for RCC_APB2PeriphResetCmd
    stm32l1xx_wwdg.o(.text) refers to stm32l1xx_rcc.o(.text) for RCC_APB1PeriphResetCmd
    main.o(.text) refers to delay.o(.text) for delay_init
    main.o(.text) refers to rtc.o(.text) for RTC_Configuration
    main.o(.text) refers to switch.o(.text) for LED_Init
    main.o(.text) refers to usart.o(.text) for USART1_Configuration
    main.o(.text) refers to nb_process.o(.text) for NBBCxx_init
    main.o(.text) refers to 24l01.o(.text) for SPI_NRF_Init
    main.o(.text) refers to ds18b20.o(.text) for DS18B20_Init
    main.o(.text) refers to temp.o(.text) for sht10_temp_init
    main.o(.text) refers to adc.o(.text) for Adc_Init
    main.o(.text) refers to oled.o(.text) for OLED_Init
    main.o(.text) refers to key.o(.text) for KEY_Init
    main.o(.text) refers to exti.o(.text) for Wireless_Key_Init
    main.o(.text) refers to protocol.o(.text) for Config_Init
    main.o(.text) refers to show.o(.text) for Show_HomePage
    main.o(.text) refers to menu.o(.text) for MenuReflash
    main.o(.text) refers to protocol.o(.data) for data_process_flag
    main.o(.text) refers to main.o(.data) for key_num_t
    main.o(.text) refers to timer.o(.data) for timer2_flag
    system_stm32l1xx.o(.text) refers to system_stm32l1xx.o(.data) for SystemCoreClock
    delay.o(.text) refers to delay.o(.data) for fac_us
    sys.o(.text) refers to sys.o(.emb_text) for WFI_SET
    usart.o(.text) refers to stm32l1xx_usart.o(.text) for USART_SendData
    usart.o(.text) refers to stm32l1xx_rcc.o(.text) for RCC_APB2PeriphClockCmd
    usart.o(.text) refers to stm32l1xx_gpio.o(.text) for GPIO_Init
    usart.o(.text) refers to misc.o(.text) for NVIC_Init
    24l01.o(.text) refers to stm32l1xx_rcc.o(.text) for RCC_AHBPeriphClockCmd
    24l01.o(.text) refers to stm32l1xx_gpio.o(.text) for GPIO_Init
    24l01.o(.text) refers to spi.o(.text) for SPI1_Init
    24l01.o(.text) refers to stm32l1xx_spi.o(.text) for SPI_I2S_GetFlagStatus
    24l01.o(.text) refers to 24l01.o(.data) for RX_ADDRESS
    stmflash.o(.text) refers to stm32l1xx_flash.o(.text) for DATA_EEPROM_ProgramHalfWord
    stmflash.o(.text) refers to stmflash.o(.bss) for STMFLASH_BUF
    rtc.o(.text) refers to stm32l1xx_pwr.o(.text) for PWR_RTCAccessCmd
    rtc.o(.text) refers to stm32l1xx_rcc.o(.text) for RCC_RTCResetCmd
    rtc.o(.text) refers to stm32l1xx_rtc.o(.text) for RTC_Init
    rtc.o(.text) refers to stm32l1xx_exti.o(.text) for EXTI_Init
    rtc.o(.text) refers to misc.o(.text) for NVIC_Init
    rtc.o(.text) refers to lpm.o(.text) for Run_Mode
    rtc.o(.text) refers to timer.o(.text) for TIM10_Init
    rtc.o(.text) refers to stm32l1xx_gpio.o(.text) for GPIO_ToggleBits
    rtc.o(.text) refers to memcpya.o(.text) for __aeabi_memcpy4
    rtc.o(.text) refers to rtc.o(.data) for RTC_time_current
[...]
    EXTI9_5_IRQHandler                       0x08000123   Thumb Code     0  startup_stm32l1xx_md.o(.text)
    FLASH_IRQHandler                         0x08000123   Thumb Code     0  startup_stm32l1xx_md.o(.text)
    I2C1_ER_IRQHandler                       0x08000123   Thumb Code     0  startup_stm32l1xx_md.o(.text)
    I2C1_EV_IRQHandler                       0x08000123   Thumb Code     0  startup_stm32l1xx_md.o(.text)
    I2C2_ER_IRQHandler                       0x08000123   Thumb Code     0  startup_stm32l1xx_md.o(.text)
    I2C2_EV_IRQHandler                       0x08000123   Thumb Code     0  startup_stm32l1xx_md.o(.text)
    LCD_IRQHandler                           0x08000123   Thumb Code     0  startup_stm32l1xx_md.o(.text)
    PVD_IRQHandler                           0x08000123   Thumb Code     0  startup_stm32l1xx_md.o(.text)
    RCC_IRQHandler                           0x08000123   Thumb Code     0  startup_stm32l1xx_md.o(.text)
    RTC_WKUP_IRQHandler                      0x08000123   Thumb Code     0  startup_stm32l1xx_md.o(.text)
    SPI1_IRQHandler                          0x08000123   Thumb Code     0  startup_stm32l1xx_md.o(.text)
    SPI2_IRQHandler                          0x08000123   Thumb Code     0  startup_stm32l1xx_md.o(.text)
    TAMPER_STAMP_IRQHandler                  0x08000123   Thumb Code     0  startup_stm32l1xx_md.o(.text)
    TIM11_IRQHandler                         0x08000123   Thumb Code     0  startup_stm32l1xx_md.o(.text)
    TIM6_IRQHandler                          0x08000123   Thumb Code     0  startup_stm32l1xx_md.o(.text)
    TIM7_IRQHandler                          0x08000123   Thumb Code     0  startup_stm32l1xx_md.o(.text)
    TIM9_IRQHandler                          0x08000123   Thumb Code     0  startup_stm32l1xx_md.o(.text)
    USART2_IRQHandler                        0x08000123   Thumb Code     0  startup_stm32l1xx_md.o(.text)
    USART3_IRQHandler                        0x08000123   Thumb Code     0  startup_stm32l1xx_md.o(.text)
    USB_FS_WKUP_IRQHandler                   0x08000123   Thumb Code     0  startup_stm32l1xx_md.o(.text)
    USB_HP_IRQHandler                        0x08000123   Thumb Code     0  startup_stm32l1xx_md.o(.text)
    USB_LP_IRQHandler                        0x08000123   Thumb Code     0  startup_stm32l1xx_md.o(.text)
    WWDG_IRQHandler                          0x08000123   Thumb Code     0  startup_stm32l1xx_md.o(.text)
    NVIC_PriorityGroupConfig                 0x0800012d   Thumb Code    10  misc.o(.text)
    NVIC_Init                                0x08000137   Thumb Code   106  misc.o(.text)
    NVIC_SetVectorTable                      0x080001a1   Thumb Code    14  misc.o(.text)
    NVIC_SystemLPConfig                      0x080001af   Thumb Code    34  misc.o(.text)
    SysTick_CLKSourceConfig                  0x080001d1   Thumb Code    40  misc.o(.text)
    ADC_DeInit                               0x0800020d   Thumb Code    28  stm32l1xx_adc.o(.text)
    ADC_Init                                 0x08000229   Thumb Code    74  stm32l1xx_adc.o(.text)
    ADC_StructInit                           0x08000273   Thumb Code    26  stm32l1xx_adc.o(.text)
    ADC_CommonInit                           0x0800028d   Thumb Code    22  stm32l1xx_adc.o(.text)
    ADC_CommonStructInit                     0x080002a3   Thumb Code     6  stm32l1xx_adc.o(.text)
    ADC_Cmd                                  0x080002a9   Thumb Code    22  stm32l1xx_adc.o(.text)
    ADC_BankSelection                        0x080002bf   Thumb Code    22  stm32l1xx_adc.o(.text)
    ADC_PowerDownCmd                         0x080002d5   Thumb Code    18  stm32l1xx_adc.o(.text)
    ADC_DelaySelectionConfig                 0x080002e7   Thumb Code    16  stm32l1xx_adc.o(.text)
    ADC_AnalogWatchdogCmd                    0x080002f7   Thumb Code    16  stm32l1xx_adc.o(.text)
    ADC_AnalogWatchdogThresholdsConfig       0x08000307   Thumb Code     6  stm32l1xx_adc.o(.text)
    ADC_AnalogWatchdogSingleChannelConfig    0x0800030d   Thumb Code    16  stm32l1xx_adc.o(.text)
    ADC_TempSensorVrefintCmd                 0x0800031d   Thumb Code    30  stm32l1xx_adc.o(.text)
    ADC_RegularChannelConfig                 0x0800033b   Thumb Code   344  stm32l1xx_adc.o(.text)
    ADC_SoftwareStartConv                    0x08000493   Thumb Code    10  stm32l1xx_adc.o(.text)
    ADC_GetSoftwareStartConvStatus           0x0800049d   Thumb Code    20  stm32l1xx_adc.o(.text)
    ADC_EOCOnEachRegularChannelCmd           0x080004b1   Thumb Code    22  stm32l1xx_adc.o(.text)
    ADC_ContinuousModeCmd                    0x080004c7   Thumb Code    22  stm32l1xx_adc.o(.text)
    ADC_DiscModeChannelCountConfig           0x080004dd   Thumb Code    24  stm32l1xx_adc.o(.text)
    ADC_DiscModeCmd                          0x080004f5   Thumb Code    22  stm32l1xx_adc.o(.text)
    ADC_GetConversionValue                   0x0800050b   Thumb Code     8  stm32l1xx_adc.o(.text)
    ADC_DMACmd                               0x08000513   Thumb Code    22  stm32l1xx_adc.o(.text)
    ADC_DMARequestAfterLastTransferCmd       0x08000529   Thumb Code    22  stm32l1xx_adc.o(.text)
    ADC_InjectedChannelConfig                0x0800053f   Thumb Code   232  stm32l1xx_adc.o(.text)
    ADC_InjectedSequencerLengthConfig        0x08000627   Thumb Code    24  stm32l1xx_adc.o(.text)
    ADC_SetInjectedOffset                    0x0800063f   Thumb Code    20  stm32l1xx_adc.o(.text)
    ADC_ExternalTrigInjectedConvConfig       0x08000653   Thumb Code    16  stm32l1xx_adc.o(.text)
    ADC_ExternalTrigInjectedConvEdgeConfig   0x08000663   Thumb Code    16  stm32l1xx_adc.o(.text)
    ADC_SoftwareStartInjectedConv            0x08000673   Thumb Code    10  stm32l1xx_adc.o(.text)
    ADC_GetSoftwareStartInjectedConvCmdStatus 0x0800067d   Thumb Code    20  stm32l1xx_adc.o(.text)
    ADC_AutoInjectedConvCmd                  0x08000691   Thumb Code    22  stm32l1xx_adc.o(.text)
    ADC_InjectedDiscModeCmd                  0x080006a7   Thumb Code    22  stm32l1xx_adc.o(.text)
    ADC_GetInjectedConversionValue           0x080006bd   Thumb Code    28  stm32l1xx_adc.o(.text)
    ADC_ITConfig                             0x080006d9   Thumb Code    32  stm32l1xx_adc.o(.text)
    ADC_GetFlagStatus                        0x080006f9   Thumb Code    18  stm32l1xx_adc.o(.text)
    ADC_ClearFlag                            0x0800070b   Thumb Code     6  stm32l1xx_adc.o(.text)
    ADC_GetITStatus                          0x08000711   Thumb Code    38  stm32l1xx_adc.o(.text)
    ADC_ClearITPendingBit                    0x08000737   Thumb Code    10  stm32l1xx_adc.o(.text)
    DMA_DeInit                               0x08000741   Thumb Code   324  stm32l1xx_dma.o(.text)
    DMA_Init                                 0x08000885   Thumb Code    60  stm32l1xx_dma.o(.text)
    DMA_StructInit                           0x080008c1   Thumb Code    26  stm32l1xx_dma.o(.text)
    DMA_Cmd                                  0x080008db   Thumb Code    24  stm32l1xx_dma.o(.text)
    DMA_SetCurrDataCounter                   0x080008f3   Thumb Code     4  stm32l1xx_dma.o(.text)
    DMA_GetCurrDataCounter                   0x080008f7   Thumb Code     8  stm32l1xx_dma.o(.text)
    DMA_ITConfig                             0x080008ff   Thumb Code    18  stm32l1xx_dma.o(.text)
    DMA_GetFlagStatus                        0x08000911   Thumb Code    40  stm32l1xx_dma.o(.text)
    DMA_ClearFlag                            0x08000939   Thumb Code    22  stm32l1xx_dma.o(.text)
    DMA_GetITStatus                          0x0800094f   Thumb Code    40  stm32l1xx_dma.o(.text)
    DMA_ClearITPendingBit                    0x08000977   Thumb Code    22  stm32l1xx_dma.o(.text)
    EXTI_DeInit                              0x08000995   Thumb Code    30  stm32l1xx_exti.o(.text)
    EXTI_Init                                0x080009b3   Thumb Code   142  stm32l1xx_exti.o(.text)
    EXTI_StructInit                          0x08000a41   Thumb Code    16  stm32l1xx_exti.o(.text)
    EXTI_GenerateSWInterrupt                 0x08000a51   Thumb Code    16  stm32l1xx_exti.o(.text)
    EXTI_GetFlagStatus                       0x08000a61   Thumb Code    22  stm32l1xx_exti.o(.text)
    EXTI_ClearFlag                           0x08000a77   Thumb Code     8  stm32l1xx_exti.o(.text)
    EXTI_GetITStatus                         0x08000a7f   Thumb Code    34  stm32l1xx_exti.o(.text)
    EXTI_ClearITPendingBit                   0x08000aa1   Thumb Code     8  stm32l1xx_exti.o(.text)
    FLASH_SetLatency                         0x08000aad   Thumb Code    18  stm32l1xx_flash.o(.text)
    FLASH_PrefetchBufferCmd                  0x08000abf   Thumb Code    30  stm32l1xx_flash.o(.text)
    FLASH_ReadAccess64Cmd                    0x08000add   Thumb Code    30  stm32l1xx_flash.o(.text)
    FLASH_SLEEPPowerDownCmd                  0x08000afb   Thumb Code    30  stm32l1xx_flash.o(.text)
    DATA_EEPROM_Unlock                       0x08000b19   Thumb Code    26  stm32l1xx_flash.o(.text)
    FLASH_Unlock                             0x08000b33   Thumb Code    32  stm32l1xx_flash.o(.text)
    FLASH_Lock                               0x08000b53   Thumb Code    18  stm32l1xx_flash.o(.text)
    FLASH_GetStatus                          0x08000b65   Thumb Code    54  stm32l1xx_flash.o(.text)
    FLASH_WaitForLastOperation               0x08000b9b   Thumb Code    48  stm32l1xx_flash.o(.text)
    FLASH_ErasePage                          0x08000bcb   Thumb Code    86  stm32l1xx_flash.o(.text)
    FLASH_FastProgramWord                    0x08000c21   Thumb Code    34  stm32l1xx_flash.o(.text)
    DATA_EEPROM_Lock                         0x08000c43   Thumb Code    18  stm32l1xx_flash.o(.text)
    DATA_EEPROM_FixedTimeProgramCmd          0x08000c55   Thumb Code    38  stm32l1xx_flash.o(.text)
    DATA_EEPROM_EraseByte                    0x08000c7b   Thumb Code    26  stm32l1xx_flash.o(.text)
    DATA_EEPROM_EraseHalfWord                0x08000c95   Thumb Code    26  stm32l1xx_flash.o(.text)
    DATA_EEPROM_EraseWord                    0x08000caf   Thumb Code    26  stm32l1xx_flash.o(.text)
    DATA_EEPROM_FastProgramWord              0x08000cc9   Thumb Code    50  stm32l1xx_flash.o(.text)
    DATA_EEPROM_FastProgramByte              0x08000cfb   Thumb Code   108  stm32l1xx_flash.o(.text)
    DATA_EEPROM_FastProgramHalfWord          0x08000d67   Thumb Code   136  stm32l1xx_flash.o(.text)
    DATA_EEPROM_ProgramByte                  0x08000def   Thumb Code    92  stm32l1xx_flash.o(.text)
    DATA_EEPROM_ProgramHalfWord              0x08000e4b   Thumb Code   140  stm32l1xx_flash.o(.text)
    DATA_EEPROM_ProgramWord                  0x08000ed7   Thumb Code    34  stm32l1xx_flash.o(.text)
    FLASH_OB_Unlock                          0x08000ef9   Thumb Code    30  stm32l1xx_flash.o(.text)
    FLASH_OB_Lock                            0x08000f17   Thumb Code    14  stm32l1xx_flash.o(.text)
    FLASH_OB_Launch                          0x08000f25   Thumb Code    14  stm32l1xx_flash.o(.text)
    FLASH_OB_WRPConfig                       0x08000f33   Thumb Code   142  stm32l1xx_flash.o(.text)
    FLASH_OB_WRP1Config                      0x08000fc1   Thumb Code   142  stm32l1xx_flash.o(.text)
    FLASH_OB_WRP2Config                      0x0800104f   Thumb Code   142  stm32l1xx_flash.o(.text)
    FLASH_OB_RDPConfig                       0x080010dd   Thumb Code    48  stm32l1xx_flash.o(.text)
    FLASH_OB_UserConfig                      0x0800110d   Thumb Code    94  stm32l1xx_flash.o(.text)
    FLASH_OB_BORConfig                       0x0800116b   Thumb Code    66  stm32l1xx_flash.o(.text)
    FLASH_OB_BootConfig                      0x080011ad   Thumb Code    64  stm32l1xx_flash.o(.text)
    FLASH_OB_GetUser                         0x080011ed   Thumb Code    12  stm32l1xx_flash.o(.text)
    FLASH_OB_GetWRP                          0x080011f9   Thumb Code     8  stm32l1xx_flash.o(.text)
    FLASH_OB_GetWRP1                         0x08001201   Thumb Code     8  stm32l1xx_flash.o(.text)
    FLASH_OB_GetWRP2                         0x08001209   Thumb Code     8  stm32l1xx_flash.o(.text)
    FLASH_OB_GetRDP                          0x08001211   Thumb Code    22  stm32l1xx_flash.o(.text)
    FLASH_OB_GetBOR                          0x08001227   Thumb Code    12  stm32l1xx_flash.o(.text)
    FLASH_ITConfig                           0x08001233   Thumb Code    26  stm32l1xx_flash.o(.text)
    FLASH_GetFlagStatus                      0x0800124d   Thumb Code    22  stm32l1xx_flash.o(.text)
    FLASH_ClearFlag                          0x08001263   Thumb Code     8  stm32l1xx_flash.o(.text)
    GPIO_DeInit                              0x0800127d   Thumb Code   196  stm32l1xx_gpio.o(.text)
    GPIO_Init                                0x08001341   Thumb Code   144  stm32l1xx_gpio.o(.text)
    GPIO_StructInit                          0x080013d1   Thumb Code    18  stm32l1xx_gpio.o(.text)
    GPIO_PinLockConfig                       0x080013e3   Thumb Code    34  stm32l1xx_gpio.o(.text)
    GPIO_ReadInputDataBit                    0x08001405   Thumb Code    18  stm32l1xx_gpio.o(.text)
    GPIO_ReadInputData                       0x08001417   Thumb Code     6  stm32l1xx_gpio.o(.text)
    GPIO_ReadOutputDataBit                   0x0800141d   Thumb Code    18  stm32l1xx_gpio.o(.text)
    GPIO_ReadOutputData                      0x0800142f   Thumb Code     6  stm32l1xx_gpio.o(.text)
    GPIO_SetBits                             0x08001435   Thumb Code     4  stm32l1xx_gpio.o(.text)
    GPIO_ResetBits                           0x08001439   Thumb Code     4  stm32l1xx_gpio.o(.text)
    GPIO_WriteBit                            0x0800143d   Thumb Code    10  stm32l1xx_gpio.o(.text)
    GPIO_Write                               0x08001447   Thumb Code     4  stm32l1xx_gpio.o(.text)
    GPIO_ToggleBits                          0x0800144b   Thumb Code     8  stm32l1xx_gpio.o(.text)
    GPIO_PinAFConfig                         0x08001453   Thumb Code    70  stm32l1xx_gpio.o(.text)
    I2C_DeInit                               0x080014b9   Thumb Code    50  stm32l1xx_i2c.o(.text)
    I2C_Init                                 0x080014eb   Thumb Code   218  stm32l1xx_i2c.o(.text)
    I2C_StructInit                           0x080015c5   Thumb Code    30  stm32l1xx_i2c.o(.text)
    I2C_Cmd                                  0x080015e3   Thumb Code    24  stm32l1xx_i2c.o(.text)
    I2C_GenerateSTART                        0x080015fb   Thumb Code    24  stm32l1xx_i2c.o(.text)
    I2C_GenerateSTOP                         0x08001613   Thumb Code    24  stm32l1xx_i2c.o(.text)
    I2C_AcknowledgeConfig                    0x0800162b   Thumb Code    24  stm32l1xx_i2c.o(.text)
    I2C_OwnAddress2Config                    0x08001643   Thumb Code    22  stm32l1xx_i2c.o(.text)
    I2C_DualAddressCmd                       0x08001659   Thumb Code    24  stm32l1xx_i2c.o(.text)
    I2C_GeneralCallCmd                       0x08001671   Thumb Code    24  stm32l1xx_i2c.o(.text)
    I2C_SoftwareResetCmd                     0x08001689   Thumb Code    22  stm32l1xx_i2c.o(.text)
    I2C_SMBusAlertConfig                     0x0800169f   Thumb Code    28  stm32l1xx_i2c.o(.text)
    I2C_ARPCmd                               0x080016bb   Thumb Code    24  stm32l1xx_i2c.o(.text)
    I2C_StretchClockCmd                      0x080016d3   Thumb Code    24  stm32l1xx_i2c.o(.text)
    I2C_FastModeDutyCycleConfig              0x080016eb   Thumb Code    28  stm32l1xx_i2c.o(.text)
    I2C_Send7bitAddress                      0x08001707   Thumb Code    16  stm32l1xx_i2c.o(.text)
    I2C_SendData                             0x08001717   Thumb Code     4  stm32l1xx_i2c.o(.text)
    I2C_ReceiveData                          0x0800171b   Thumb Code     8  stm32l1xx_i2c.o(.text)
    I2C_NACKPositionConfig                   0x08001723   Thumb Code    28  stm32l1xx_i2c.o(.text)
    I2C_TransmitPEC                          0x0800173f   Thumb Code    24  stm32l1xx_i2c.o(.text)
    I2C_PECPositionConfig                    0x08001757   Thumb Code    28  stm32l1xx_i2c.o(.text)
    I2C_CalculatePEC                         0x08001773   Thumb Code    24  stm32l1xx_i2c.o(.text)
    I2C_GetPEC                               0x0800178b   Thumb Code     8  stm32l1xx_i2c.o(.text)
    I2C_DMACmd                               0x08001793   Thumb Code    24  stm32l1xx_i2c.o(.text)
    I2C_DMALastTransferCmd                   0x080017ab   Thumb Code    24  stm32l1xx_i2c.o(.text)
    I2C_ReadRegister                         0x080017c3   Thumb Code    22  stm32l1xx_i2c.o(.text)
    I2C_ITConfig                             0x080017d9   Thumb Code    18  stm32l1xx_i2c.o(.text)
    I2C_CheckEvent                           0x080017eb   Thumb Code    42  stm32l1xx_i2c.o(.text)
    I2C_GetLastEvent                         0x08001815   Thumb Code    26  stm32l1xx_i2c.o(.text)
    I2C_GetFlagStatus                        0x0800182f   Thumb Code    58  stm32l1xx_i2c.o(.text)
    I2C_ClearFlag                            0x08001869   Thumb Code    12  stm32l1xx_i2c.o(.text)
    I2C_GetITStatus                          0x08001875   Thumb Code    56  stm32l1xx_i2c.o(.text)
    I2C_ClearITPendingBit                    0x080018ad   Thumb Code    12  stm32l1xx_i2c.o(.text)
    PWR_DeInit                               0x080018b9   Thumb Code    22  stm32l1xx_pwr.o(.text)
    PWR_RTCAccessCmd                         0x080018cf   Thumb Code     6  stm32l1xx_pwr.o(.text)
    PWR_PVDLevelConfig                       0x080018d5   Thumb Code    18  stm32l1xx_pwr.o(.text)
    PWR_PVDCmd                               0x080018e7   Thumb Code     6  stm32l1xx_pwr.o(.text)
    PWR_WakeUpPinCmd                         0x080018ed   Thumb Code    20  stm32l1xx_pwr.o(.text)
    PWR_FastWakeUpCmd                        0x08001901   Thumb Code     6  stm32l1xx_pwr.o(.text)
    PWR_UltraLowPowerCmd                     0x08001907   Thumb Code     6  stm32l1xx_pwr.o(.text)
    PWR_VoltageScalingConfig                 0x0800190d   Thumb Code    24  stm32l1xx_pwr.o(.text)
    PWR_EnterLowPowerRunMode                 0x08001925   Thumb Code    50  stm32l1xx_pwr.o(.text)
    PWR_EnterSleepMode                       0x08001957   Thumb Code    42  stm32l1xx_pwr.o(.text)
    PWR_EnterSTOPMode                        0x08001981   Thumb Code    54  stm32l1xx_pwr.o(.text)
    PWR_EnterSTANDBYMode                     0x080019b7   Thumb Code    42  stm32l1xx_pwr.o(.text)
    PWR_GetFlagStatus                        0x080019e1   Thumb Code    20  stm32l1xx_pwr.o(.text)
    PWR_ClearFlag                            0x080019f5   Thumb Code    14  stm32l1xx_pwr.o(.text)
    RCC_DeInit                               0x08001a11   Thumb Code    74  stm32l1xx_rcc.o(.text)
    RCC_HSEConfig                            0x08001a5b   Thumb Code    14  stm32l1xx_rcc.o(.text)
    RCC_GetFlagStatus                        0x08001a69   Thumb Code    48  stm32l1xx_rcc.o(.text)
    RCC_WaitForHSEStartUp                    0x08001a99   Thumb Code    56  stm32l1xx_rcc.o(.text)
    RCC_AdjustMSICalibrationValue            0x08001ad1   Thumb Code     8  stm32l1xx_rcc.o(.text)
    RCC_MSIRangeConfig                       0x08001ad9   Thumb Code    20  stm32l1xx_rcc.o(.text)
    RCC_MSICmd                               0x08001aed   Thumb Code     6  stm32l1xx_rcc.o(.text)
    RCC_AdjustHSICalibrationValue            0x08001af3   Thumb Code    22  stm32l1xx_rcc.o(.text)
    RCC_HSICmd                               0x08001b09   Thumb Code     6  stm32l1xx_rcc.o(.text)
    RCC_LSEConfig                            0x08001b0f   Thumb Code    14  stm32l1xx_rcc.o(.text)
    RCC_LSICmd                               0x08001b1d   Thumb Code     6  stm32l1xx_rcc.o(.text)
    RCC_PLLConfig                            0x08001b23   Thumb Code    16  stm32l1xx_rcc.o(.text)
    RCC_PLLCmd                               0x08001b33   Thumb Code     6  stm32l1xx_rcc.o(.text)
    RCC_ClockSecuritySystemCmd               0x08001b39   Thumb Code     6  stm32l1xx_rcc.o(.text)
    RCC_LSEClockSecuritySystemCmd            0x08001b3f   Thumb Code     8  stm32l1xx_rcc.o(.text)
    RCC_MCOConfig                            0x08001b47   Thumb Code    12  stm32l1xx_rcc.o(.text)
    RCC_SYSCLKConfig                         0x08001b53   Thumb Code    20  stm32l1xx_rcc.o(.text)
    RCC_GetSYSCLKSource                      0x08001b67   Thumb Code    12  stm32l1xx_rcc.o(.text)
    RCC_HCLKConfig                           0x08001b73   Thumb Code    20  stm32l1xx_rcc.o(.text)
    RCC_PCLK1Config                          0x08001b87   Thumb Code    20  stm32l1xx_rcc.o(.text)
    RCC_PCLK2Config                          0x08001b9b   Thumb Code    22  stm32l1xx_rcc.o(.text)
    RCC_GetClocksFreq                        0x08001bb1   Thumb Code   248  stm32l1xx_rcc.o(.text)
    RCC_RTCCLKConfig                         0x08001ca9   Thumb Code    64  stm32l1xx_rcc.o(.text)
    RCC_RTCCLKCmd                            0x08001ce9   Thumb Code     8  stm32l1xx_rcc.o(.text)
    RCC_RTCResetCmd                          0x08001cf1   Thumb Code     8  stm32l1xx_rcc.o(.text)
    RCC_AHBPeriphClockCmd                    0x08001cf9   Thumb Code    34  stm32l1xx_rcc.o(.text)
    RCC_APB2PeriphClockCmd                   0x08001d1b   Thumb Code    34  stm32l1xx_rcc.o(.text)
    RCC_APB1PeriphClockCmd                   0x08001d3d   Thumb Code    34  stm32l1xx_rcc.o(.text)
    RCC_AHBPeriphResetCmd                    0x08001d5f   Thumb Code    34  stm32l1xx_rcc.o(.text)
    RCC_APB2PeriphResetCmd                   0x08001d81   Thumb Code    34  stm32l1xx_rcc.o(.text)
    RCC_APB1PeriphResetCmd                   0x08001da3   Thumb Code    34  stm32l1xx_rcc.o(.text)
    RCC_AHBPeriphClockLPModeCmd              0x08001dc5   Thumb Code    34  stm32l1xx_rcc.o(.text)
    RCC_APB2PeriphClockLPModeCmd             0x08001de7   Thumb Code    66  stm32l1xx_rcc.o(.text)
    RCC_APB1PeriphClockLPModeCmd             0x08001e29   Thumb Code    34  stm32l1xx_rcc.o(.text)
    RCC_ITConfig                             0x08001e4b   Thumb Code    34  stm32l1xx_rcc.o(.text)
    RCC_ClearFlag                            0x08001e6d   Thumb Code    18  stm32l1xx_rcc.o(.text)
    RCC_GetITStatus                          0x08001e7f   Thumb Code    22  stm32l1xx_rcc.o(.text)
    RCC_ClearITPendingBit                    0x08001e95   Thumb Code     8  stm32l1xx_rcc.o(.text)
    RTC_WaitForSynchro                       0x08001ea1   Thumb Code    92  stm32l1xx_rtc.o(.text)
    RTC_EnterInitMode                        0x08001efd   Thumb Code    84  stm32l1xx_rtc.o(.text)
    RTC_DeInit                               0x08001f51   Thumb Code   204  stm32l1xx_rtc.o(.text)
    RTC_ExitInitMode                         0x0800201d   Thumb Code    18  stm32l1xx_rtc.o(.text)
    RTC_Init                                 0x0800202f   Thumb Code    94  stm32l1xx_rtc.o(.text)
    RTC_StructInit                           0x0800208d   Thumb Code    14  stm32l1xx_rtc.o(.text)
    RTC_WriteProtectionCmd                   0x0800209b   Thumb Code    22  stm32l1xx_rtc.o(.text)
    RTC_RefClockCmd                          0x080020b1   Thumb Code    76  stm32l1xx_rtc.o(.text)
    RTC_BypassShadowCmd                      0x080020fd   Thumb Code    54  stm32l1xx_rtc.o(.text)
    RTC_SetTime                              0x08002165   Thumb Code   200  stm32l1xx_rtc.o(.text)
    RTC_TimeStructInit                       0x0800222d   Thumb Code    12  stm32l1xx_rtc.o(.text)
    RTC_GetTime                              0x08002239   Thumb Code    74  stm32l1xx_rtc.o(.text)
    RTC_GetSubSecond                         0x08002283   Thumb Code    30  stm32l1xx_rtc.o(.text)
    RTC_SetDate                              0x080022a1   Thumb Code   190  stm32l1xx_rtc.o(.text)
    RTC_DateStructInit                       0x0800235f   Thumb Code    14  stm32l1xx_rtc.o(.text)
    RTC_GetDate                              0x0800236d   Thumb Code    70  stm32l1xx_rtc.o(.text)
    RTC_SetAlarm                             0x080023b3   Thumb Code   230  stm32l1xx_rtc.o(.text)
    RTC_AlarmStructInit                      0x08002499   Thumb Code    22  stm32l1xx_rtc.o(.text)
    RTC_GetAlarm                             0x080024af   Thumb Code   114  stm32l1xx_rtc.o(.text)
    RTC_AlarmCmd                             0x08002521   Thumb Code   112  stm32l1xx_rtc.o(.text)
    RTC_AlarmSubSecondConfig                 0x08002591   Thumb Code    46  stm32l1xx_rtc.o(.text)
    RTC_GetAlarmSubSecond                    0x080025bf   Thumb Code    34  stm32l1xx_rtc.o(.text)
    RTC_WakeUpClockConfig                    0x080025e1   Thumb Code    42  stm32l1xx_rtc.o(.text)
    RTC_SetWakeUpCounter                     0x0800260b   Thumb Code    22  stm32l1xx_rtc.o(.text)
    RTC_GetWakeUpCounter                     0x08002621   Thumb Code    10  stm32l1xx_rtc.o(.text)
    RTC_WakeUpCmd                            0x0800262b   Thumb Code   116  stm32l1xx_rtc.o(.text)
    RTC_DayLightSavingConfig                 0x0800269f   Thumb Code    50  stm32l1xx_rtc.o(.text)
    RTC_GetStoreOperation                    0x080026d1   Thumb Code    12  stm32l1xx_rtc.o(.text)
    RTC_OutputConfig                         0x080026dd   Thumb Code    60  stm32l1xx_rtc.o(.text)
    RTC_CoarseCalibConfig                    0x08002719   Thumb Code    52  stm32l1xx_rtc.o(.text)
    RTC_CoarseCalibCmd                       0x0800274d   Thumb Code    76  stm32l1xx_rtc.o(.text)
    RTC_CalibOutputCmd                       0x08002799   Thumb Code    54  stm32l1xx_rtc.o(.text)
    RTC_CalibOutputConfig                    0x080027cf   Thumb Code    42  stm32l1xx_rtc.o(.text)
    RTC_SmoothCalibConfig                    0x080027f9   Thumb Code    90  stm32l1xx_rtc.o(.text)
    RTC_TimeStampCmd                         0x08002853   Thumb Code    54  stm32l1xx_rtc.o(.text)
    RTC_GetTimeStamp                         0x08002889   Thumb Code   144  stm32l1xx_rtc.o(.text)
    RTC_GetTimeStampSubSecond                0x08002919   Thumb Code     8  stm32l1xx_rtc.o(.text)
    RTC_TamperTriggerConfig                  0x08002921   Thumb Code    38  stm32l1xx_rtc.o(.text)
    RTC_TamperCmd                            0x08002947   Thumb Code    34  stm32l1xx_rtc.o(.text)
    RTC_TamperFilterConfig                   0x08002969   Thumb Code    26  stm32l1xx_rtc.o(.text)
    RTC_TamperSamplingFreqConfig             0x08002983   Thumb Code    26  stm32l1xx_rtc.o(.text)
    RTC_TamperPinsPrechargeDuration          0x0800299d   Thumb Code    26  stm32l1xx_rtc.o(.text)
    RTC_TimeStampOnTamperDetectionCmd        0x080029b7   Thumb Code    38  stm32l1xx_rtc.o(.text)
    RTC_TamperPullUpCmd                      0x080029dd   Thumb Code    38  stm32l1xx_rtc.o(.text)
    RTC_WriteBackupRegister                  0x08002a03   Thumb Code    26  stm32l1xx_rtc.o(.text)
    RTC_ReadBackupRegister                   0x08002a1d   Thumb Code    28  stm32l1xx_rtc.o(.text)
    RTC_OutputTypeConfig                     0x08002a39   Thumb Code    26  stm32l1xx_rtc.o(.text)
    RTC_SynchroShiftConfig                   0x08002a53   Thumb Code   118  stm32l1xx_rtc.o(.text)
    RTC_ITConfig                             0x08002ac9   Thumb Code   108  stm32l1xx_rtc.o(.text)
    RTC_GetFlagStatus                        0x08002b35   Thumb Code    34  stm32l1xx_rtc.o(.text)
    RTC_ClearFlag                            0x08002b57   Thumb Code    30  stm32l1xx_rtc.o(.text)
    RTC_GetITStatus                          0x08002b75   Thumb Code    66  stm32l1xx_rtc.o(.text)
    RTC_ClearITPendingBit                    0x08002bb7   Thumb Code    32  stm32l1xx_rtc.o(.text)
    SPI_I2S_DeInit                           0x08002be1   Thumb Code    76  stm32l1xx_spi.o(.text)
    SPI_Init                                 0x08002c2d   Thumb Code    60  stm32l1xx_spi.o(.text)
    I2S_Init                                 0x08002c69   Thumb Code   212  stm32l1xx_spi.o(.text)
    SPI_StructInit                           0x08002d3d   Thumb Code    24  stm32l1xx_spi.o(.text)
    I2S_StructInit                           0x08002d55   Thumb Code    20  stm32l1xx_spi.o(.text)
    SPI_Cmd                                  0x08002d69   Thumb Code    24  stm32l1xx_spi.o(.text)
    I2S_Cmd                                  0x08002d81   Thumb Code    24  stm32l1xx_spi.o(.text)
    SPI_DataSizeConfig                       0x08002d99   Thumb Code    18  stm32l1xx_spi.o(.text)
    SPI_BiDirectionalLineConfig              0x08002dab   Thumb Code    28  stm32l1xx_spi.o(.text)
    SPI_NSSInternalSoftwareConfig            0x08002dc7   Thumb Code    30  stm32l1xx_spi.o(.text)
    SPI_SSOutputCmd                          0x08002de5   Thumb Code    24  stm32l1xx_spi.o(.text)
    SPI_I2S_ReceiveData                      0x08002dfd   Thumb Code     6  stm32l1xx_spi.o(.text)
    SPI_I2S_SendData                         0x08002e03   Thumb Code     4  stm32l1xx_spi.o(.text)
    SPI_CalculateCRC                         0x08002e07   Thumb Code    24  stm32l1xx_spi.o(.text)
    SPI_TransmitCRC                          0x08002e1f   Thumb Code    10  stm32l1xx_spi.o(.text)
    SPI_GetCRC                               0x08002e29   Thumb Code    16  stm32l1xx_spi.o(.text)
    SPI_GetCRCPolynomial                     0x08002e39   Thumb Code     6  stm32l1xx_spi.o(.text)
    SPI_I2S_DMACmd                           0x08002e3f   Thumb Code    18  stm32l1xx_spi.o(.text)
    SPI_I2S_ITConfig                         0x08002e51   Thumb Code    32  stm32l1xx_spi.o(.text)
    SPI_I2S_GetFlagStatus                    0x08002e71   Thumb Code    18  stm32l1xx_spi.o(.text)
    SPI_I2S_ClearFlag                        0x08002e83   Thumb Code     6  stm32l1xx_spi.o(.text)
    SPI_I2S_GetITStatus                      0x08002e89   Thumb Code    52  stm32l1xx_spi.o(.text)
    SPI_I2S_ClearITPendingBit                0x08002ebd   Thumb Code    20  stm32l1xx_spi.o(.text)
    SYSCFG_DeInit                            0x08002edd   Thumb Code    20  stm32l1xx_syscfg.o(.text)
    SYSCFG_RIDeInit                          0x08002ef1   Thumb Code    32  stm32l1xx_syscfg.o(.text)
    SYSCFG_MemoryRemapConfig                 0x08002f11   Thumb Code     6  stm32l1xx_syscfg.o(.text)
    SYSCFG_GetBootMode                       0x08002f17   Thumb Code    10  stm32l1xx_syscfg.o(.text)
    SYSCFG_USBPuCmd                          0x08002f21   Thumb Code    30  stm32l1xx_syscfg.o(.text)
    SYSCFG_EXTILineConfig                    0x08002f3f   Thumb Code    66  stm32l1xx_syscfg.o(.text)
    SYSCFG_RITIMSelect                       0x08002f81   Thumb Code    18  stm32l1xx_syscfg.o(.text)
    SYSCFG_RITIMInputCaptureConfig           0x08002f93   Thumb Code    86  stm32l1xx_syscfg.o(.text)
    SYSCFG_RIResistorConfig                  0x08002fe9   Thumb Code    34  stm32l1xx_syscfg.o(.text)
    SYSCFG_RIChannelSpeedConfig              0x0800300b   Thumb Code    34  stm32l1xx_syscfg.o(.text)
    SYSCFG_RIIOSwitchConfig                  0x0800302d   Thumb Code    80  stm32l1xx_syscfg.o(.text)
    SYSCFG_RISwitchControlModeCmd            0x0800307d   Thumb Code    38  stm32l1xx_syscfg.o(.text)
    SYSCFG_RIHysteresisConfig                0x080030a3   Thumb Code   282  stm32l1xx_syscfg.o(.text)
    TIM_DeInit                               0x080031c5   Thumb Code   220  stm32l1xx_tim.o(.text)
    TIM_TimeBaseInit                         0x080032a1   Thumb Code    76  stm32l1xx_tim.o(.text)
    TIM_TimeBaseStructInit                   0x080032ed   Thumb Code    16  stm32l1xx_tim.o(.text)
    TIM_PrescalerConfig                      0x080032fd   Thumb Code     6  stm32l1xx_tim.o(.text)
    TIM_CounterModeConfig                    0x08003303   Thumb Code    18  stm32l1xx_tim.o(.text)
    TIM_SetCounter                           0x08003315   Thumb Code     4  stm32l1xx_tim.o(.text)
    TIM_SetAutoreload                        0x08003319   Thumb Code     4  stm32l1xx_tim.o(.text)
    TIM_GetCounter                           0x0800331d   Thumb Code     6  stm32l1xx_tim.o(.text)
    TIM_GetPrescaler                         0x08003323   Thumb Code     6  stm32l1xx_tim.o(.text)
    TIM_UpdateDisableConfig                  0x08003329   Thumb Code    24  stm32l1xx_tim.o(.text)
    TIM_UpdateRequestConfig                  0x08003341   Thumb Code    24  stm32l1xx_tim.o(.text)
    TIM_ARRPreloadConfig                     0x08003359   Thumb Code    24  stm32l1xx_tim.o(.text)
    TIM_SelectOnePulseMode                   0x08003371   Thumb Code    18  stm32l1xx_tim.o(.text)
    TIM_SetClockDivision                     0x08003383   Thumb Code    18  stm32l1xx_tim.o(.text)
    TIM_Cmd                                  0x08003395   Thumb Code    24  stm32l1xx_tim.o(.text)
    TIM_OC1Init                              0x080033ad   Thumb Code    56  stm32l1xx_tim.o(.text)
    TIM_OC2Init                              0x080033e5   Thumb Code    70  stm32l1xx_tim.o(.text)
    TIM_OC3Init                              0x0800342b   Thumb Code    66  stm32l1xx_tim.o(.text)
    TIM_OC4Init                              0x0800346d   Thumb Code    70  stm32l1xx_tim.o(.text)
    TIM_OCStructInit                         0x080034b3   Thumb Code    12  stm32l1xx_tim.o(.text)
    TIM_SelectOCxM                           0x080034bf   Thumb Code    82  stm32l1xx_tim.o(.text)
    TIM_SetCompare1                          0x08003511   Thumb Code     4  stm32l1xx_tim.o(.text)
    TIM_SetCompare2                          0x08003515   Thumb Code     4  stm32l1xx_tim.o(.text)
    TIM_SetCompare3                          0x08003519   Thumb Code     4  stm32l1xx_tim.o(.text)
    TIM_SetCompare4                          0x0800351d   Thumb Code     4  stm32l1xx_tim.o(.text)
    TIM_ForcedOC1Config                      0x08003521   Thumb Code    18  stm32l1xx_tim.o(.text)
    TIM_ForcedOC2Config                      0x08003533   Thumb Code    26  stm32l1xx_tim.o(.text)
    TIM_ForcedOC3Config                      0x0800354d   Thumb Code    18  stm32l1xx_tim.o(.text)
    TIM_ForcedOC4Config                      0x0800355f   Thumb Code    26  stm32l1xx_tim.o(.text)
    TIM_OC1PreloadConfig                     0x08003579   Thumb Code    18  stm32l1xx_tim.o(.text)
    TIM_OC2PreloadConfig                     0x0800358b   Thumb Code    26  stm32l1xx_tim.o(.text)
    TIM_OC3PreloadConfig                     0x080035a5   Thumb Code    18  stm32l1xx_tim.o(.text)
    TIM_OC4PreloadConfig                     0x080035b7   Thumb Code    58  stm32l1xx_tim.o(.text)
    TIM_OC1FastConfig                        0x080035f1   Thumb Code    18  stm32l1xx_tim.o(.text)
    TIM_OC2FastConfig                        0x08003603   Thumb Code    26  stm32l1xx_tim.o(.text)
    TIM_OC3FastConfig                        0x0800361d   Thumb Code    18  stm32l1xx_tim.o(.text)
    TIM_OC4FastConfig                        0x0800362f   Thumb Code    26  stm32l1xx_tim.o(.text)
    TIM_ClearOC1Ref                          0x08003649   Thumb Code    18  stm32l1xx_tim.o(.text)
    TIM_ClearOC2Ref                          0x0800365b   Thumb Code    24  stm32l1xx_tim.o(.text)
    TIM_ClearOC3Ref                          0x08003673   Thumb Code    18  stm32l1xx_tim.o(.text)
    TIM_ClearOC4Ref                          0x08003685   Thumb Code    24  stm32l1xx_tim.o(.text)
    TIM_OC1PolarityConfig                    0x0800369d   Thumb Code    18  stm32l1xx_tim.o(.text)
    TIM_OC2PolarityConfig                    0x080036af   Thumb Code    26  stm32l1xx_tim.o(.text)
    TIM_OC3PolarityConfig                    0x080036c9   Thumb Code    26  stm32l1xx_tim.o(.text)
    TIM_OC4PolarityConfig                    0x080036e3   Thumb Code    26  stm32l1xx_tim.o(.text)
    TIM_SelectOCREFClear                     0x080036fd   Thumb Code    18  stm32l1xx_tim.o(.text)
    TIM_CCxCmd                               0x0800370f   Thumb Code    30  stm32l1xx_tim.o(.text)
    TIM_SetIC4Prescaler                      0x0800372d   Thumb Code    26  stm32l1xx_tim.o(.text)
    TIM_SetIC3Prescaler                      0x08003797   Thumb Code    18  stm32l1xx_tim.o(.text)
    TIM_SetIC2Prescaler                      0x080037f1   Thumb Code    26  stm32l1xx_tim.o(.text)
    TIM_SetIC1Prescaler                      0x0800385b   Thumb Code    18  stm32l1xx_tim.o(.text)
    TIM_ICInit                               0x080038a7   Thumb Code   110  stm32l1xx_tim.o(.text)
    TIM_ICStructInit                         0x08003915   Thumb Code    18  stm32l1xx_tim.o(.text)
    TIM_PWMIConfig                           0x08003927   Thumb Code   124  stm32l1xx_tim.o(.text)
    TIM_GetCapture1                          0x080039a3   Thumb Code     6  stm32l1xx_tim.o(.text)
    TIM_GetCapture2                          0x080039a9   Thumb Code     6  stm32l1xx_tim.o(.text)
    TIM_GetCapture3                          0x080039af   Thumb Code     6  stm32l1xx_tim.o(.text)
    TIM_GetCapture4                          0x080039b5   Thumb Code     6  stm32l1xx_tim.o(.text)
    TIM_ITConfig                             0x080039bb   Thumb Code    18  stm32l1xx_tim.o(.text)
    TIM_GenerateEvent                        0x080039cd   Thumb Code     4  stm32l1xx_tim.o(.text)
    TIM_GetFlagStatus                        0x080039d1   Thumb Code    18  stm32l1xx_tim.o(.text)
    TIM_ClearFlag                            0x080039e3   Thumb Code     6  stm32l1xx_tim.o(.text)
    TIM_GetITStatus                          0x080039e9   Thumb Code    34  stm32l1xx_tim.o(.text)
    TIM_ClearITPendingBit                    0x08003a0b   Thumb Code     6  stm32l1xx_tim.o(.text)
    TIM_DMAConfig                            0x08003a11   Thumb Code    10  stm32l1xx_tim.o(.text)
    TIM_DMACmd                               0x08003a1b   Thumb Code    18  stm32l1xx_tim.o(.text)
    TIM_SelectCCDMA                          0x08003a2d   Thumb Code    24  stm32l1xx_tim.o(.text)
    TIM_InternalClockConfig                  0x08003a45   Thumb Code    12  stm32l1xx_tim.o(.text)
    TIM_SelectInputTrigger                   0x08003a51   Thumb Code    18  stm32l1xx_tim.o(.text)
    TIM_ITRxExternalClockConfig              0x08003a63   Thumb Code    24  stm32l1xx_tim.o(.text)
    TIM_TIxExternalClockConfig               0x08003a7b   Thumb Code    62  stm32l1xx_tim.o(.text)
    TIM_ETRConfig                            0x08003ab9   Thumb Code    28  stm32l1xx_tim.o(.text)
    TIM_ETRClockMode1Config                  0x08003ad5   Thumb Code    54  stm32l1xx_tim.o(.text)
    TIM_ETRClockMode2Config                  0x08003b0b   Thumb Code    32  stm32l1xx_tim.o(.text)
    TIM_SelectOutputTrigger                  0x08003b2b   Thumb Code    18  stm32l1xx_tim.o(.text)
    TIM_SelectSlaveMode                      0x08003b3d   Thumb Code    18  stm32l1xx_tim.o(.text)
    TIM_SelectMasterSlaveMode                0x08003b4f   Thumb Code    18  stm32l1xx_tim.o(.text)
    TIM_EncoderInterfaceConfig               0x08003b61   Thumb Code    66  stm32l1xx_tim.o(.text)
    TIM_SelectHallSensor                     0x08003ba3   Thumb Code    24  stm32l1xx_tim.o(.text)
    TIM_RemapConfig                          0x08003bbb   Thumb Code    22  stm32l1xx_tim.o(.text)
    USART_DeInit                             0x08003bd1   Thumb Code   134  stm32l1xx_usart.o(.text)
    USART_Init                               0x08003c57   Thumb Code   198  stm32l1xx_usart.o(.text)
    USART_StructInit                         0x08003d1d   Thumb Code    24  stm32l1xx_usart.o(.text)
    USART_ClockInit                          0x08003d35   Thumb Code    32  stm32l1xx_usart.o(.text)
    USART_ClockStructInit                    0x08003d55   Thumb Code    12  stm32l1xx_usart.o(.text)
    USART_Cmd                                0x08003d61   Thumb Code    24  stm32l1xx_usart.o(.text)
    USART_SetPrescaler                       0x08003d79   Thumb Code    16  stm32l1xx_usart.o(.text)
    USART_OverSampling8Cmd                   0x08003d89   Thumb Code    22  stm32l1xx_usart.o(.text)
    USART_OneBitMethodCmd                    0x08003d9f   Thumb Code    24  stm32l1xx_usart.o(.text)
    USART_SendData                           0x08003db7   Thumb Code     8  stm32l1xx_usart.o(.text)
    USART_ReceiveData                        0x08003dbf   Thumb Code    10  stm32l1xx_usart.o(.text)
    USART_SetAddress                         0x08003dc9   Thumb Code    18  stm32l1xx_usart.o(.text)
    USART_ReceiverWakeUpCmd                  0x08003ddb   Thumb Code    24  stm32l1xx_usart.o(.text)
    USART_WakeUpConfig                       0x08003df3   Thumb Code    18  stm32l1xx_usart.o(.text)
    USART_LINBreakDetectLengthConfig         0x08003e05   Thumb Code    18  stm32l1xx_usart.o(.text)
    USART_LINCmd                             0x08003e17   Thumb Code    24  stm32l1xx_usart.o(.text)
    USART_SendBreak                          0x08003e2f   Thumb Code    10  stm32l1xx_usart.o(.text)
    USART_HalfDuplexCmd                      0x08003e39   Thumb Code    24  stm32l1xx_usart.o(.text)
    USART_SetGuardTime                       0x08003e51   Thumb Code    16  stm32l1xx_usart.o(.text)
    USART_SmartCardCmd                       0x08003e61   Thumb Code    24  stm32l1xx_usart.o(.text)
    USART_SmartCardNACKCmd                   0x08003e79   Thumb Code    24  stm32l1xx_usart.o(.text)
    USART_IrDAConfig                         0x08003e91   Thumb Code    18  stm32l1xx_usart.o(.text)
    USART_IrDACmd                            0x08003ea3   Thumb Code    24  stm32l1xx_usart.o(.text)
    USART_DMACmd                             0x08003ebb   Thumb Code    18  stm32l1xx_usart.o(.text)
    USART_ITConfig                           0x08003ecd   Thumb Code    74  stm32l1xx_usart.o(.text)
    USART_GetFlagStatus                      0x08003f17   Thumb Code    26  stm32l1xx_usart.o(.text)
    USART_ClearFlag                          0x08003f31   Thumb Code    18  stm32l1xx_usart.o(.text)
    USART_GetITStatus                        0x08003f43   Thumb Code    84  stm32l1xx_usart.o(.text)
    USART_ClearITPendingBit                  0x08003f97   Thumb Code    50  stm32l1xx_usart.o(.text)
    main                                     0x08003fc9   Thumb Code   368  main.o(.text)
    SystemInit                               0x0800424f   Thumb Code    88  system_stm32l1xx.o(.text)
    SystemCoreClockUpdate                    0x080042a7   Thumb Code   204  system_stm32l1xx.o(.text)
    NMI_Handler                              0x080043a1   Thumb Code     2  stm32l1xx_it.o(.text)
    HardFault_Handler                        0x080043a3   Thumb Code     4  stm32l1xx_it.o(.text)
    MemManage_Handler                        0x080043a7   Thumb Code     4  stm32l1xx_it.o(.text)
    BusFault_Handler                         0x080043ab   Thumb Code     4  stm32l1xx_it.o(.text)
    UsageFault_Handler                       0x080043af   Thumb Code     4  stm32l1xx_it.o(.text)
    DebugMon_Handler                         0x080043b3   Thumb Code     2  stm32l1xx_it.o(.text)
    SVC_Handler                              0x080043b5   Thumb Code     2  stm32l1xx_it.o(.text)
    PendSV_Handler                           0x080043b7   Thumb Code     2  stm32l1xx_it.o(.text)
    SysTick_Handler                          0x080043b9   Thumb Code     2  stm32l1xx_it.o(.text)
    delay_init                               0x080043bd   Thumb Code    56  delay.o(.text)
    delay_us                                 0x080043f5   Thumb Code    56  delay.o(.text)
    delay_ms                                 0x0800442d   Thumb Code    56  delay.o(.text)
    USART1_OUT                               0x0800446d   Thumb Code    48  usart.o(.text)
    fputc                                    0x0800449d   Thumb Code    32  usart.o(.text)
    USART1_Configuration                     0x080044bd   Thumb Code   192  usart.o(.text)
    USART1_Send                              0x0800457d   Thumb Code    44  usart.o(.text)
    Delay                                    0x080045b1   Thumb Code    18  24l01.o(.text)
    SPI_NRF_Init                             0x080045c3   Thumb Code   138  24l01.o(.text)
    SPI_NRF_RW                               0x0800464d   Thumb Code    50  24l01.o(.text)
    SPI_NRF_WriteReg                         0x0800467f   Thumb Code    48  24l01.o(.text)
    SPI_NRF_ReadReg                          0x080046af   Thumb Code    46  24l01.o(.text)
    SPI_NRF_ReadBuf                          0x080046dd   Thumb Code    68  24l01.o(.text)
    SPI_NRF_WriteBuf                         0x08004721   Thumb Code    68  24l01.o(.text)
    NRF_RX_Mode                              0x08004765   Thumb Code    78  24l01.o(.text)
    NRF_TX_Mode                              0x080047b3   Thumb Code    96  24l01.o(.text)
    NRF_Check                                0x08004813   Thumb Code    72  24l01.o(.text)
    NRF_Tx_Dat                               0x0800485b   Thumb Code    92  24l01.o(.text)
    NRF_Rx_Dat                               0x080048b7   Thumb Code    86  24l01.o(.text)
    NRF_LowPower_Mode                        0x0800490d   Thumb Code    12  24l01.o(.text)
    STMFLASH_ReadHalfWord                    0x08004931   Thumb Code     6  stmflash.o(.text)
    STMFLASH_Write_NoCheck                   0x08004937   Thumb Code    38  stmflash.o(.text)
    STMFLASH_Read                            0x0800495d   Thumb Code    34  stmflash.o(.text)
    STMFLASH_Write                           0x0800497f   Thumb Code   212  stmflash.o(.text)
    Test_Write                               0x08004a53   Thumb Code    16  stmflash.o(.text)
    RTC_Configuration                        0x08004a71   Thumb Code   136  rtc.o(.text)
    RTC_Time_Set                             0x08004af9   Thumb Code    60  rtc.o(.text)
    RTC_Alarm_Configuration                  0x08004b35   Thumb Code   140  rtc.o(.text)
    RTC_Alarm_IRQHandler                     0x08004bc1   Thumb Code   174  rtc.o(.text)
    iso_date                                 0x08004c6f   Thumb Code   170  rtc.o(.text)
    Adc_Key_Init                             0x08004d31   Thumb Code   134  adc.o(.text)
    DMA_init                                 0x08004db7   Thumb Code   124  adc.o(.text)
    Adc_Init                                 0x08004e33   Thumb Code   246  adc.o(.text)
    Adc_Key_On                               0x08004f29   Thumb Code    28  adc.o(.text)
    Adc_Key_Off                              0x08004f45   Thumb Code    28  adc.o(.text)
    Get_Adc                                  0x08004f61   Thumb Code    10  adc.o(.text)
    Get_Adc_Average                          0x08004f6b   Thumb Code    46  adc.o(.text)
    SPI1_Init                                0x08004fad   Thumb Code   146  spi.o(.text)
    SPI1_SetSpeed                            0x0800503f   Thumb Code    26  spi.o(.text)
    SPI1_ReadWriteByte                       0x08005059   Thumb Code    78  spi.o(.text)
    Run_Mode                                 0x080050b5   Thumb Code    74  lpm.o(.text)
    Stop_Mode                                0x080050ff   Thumb Code    20  lpm.o(.text)
    DS18B20_IO_IN                            0x08005115   Thumb Code    28  ds18b20.o(.text)
    DS18B20_Check                            0x08005131   Thumb Code    74  ds18b20.o(.text)
    DS18B20_IO_OUT                           0x0800517b   Thumb Code    34  ds18b20.o(.text)
    DS18B20_Rst                              0x0800519d   Thumb Code    38  ds18b20.o(.text)
    DS18B20_Init                             0x080051c3   Thumb Code    58  ds18b20.o(.text)
    DS18B20_Write_Byte                       0x080051fd   Thumb Code    88  ds18b20.o(.text)
    DS18B20_Start                            0x08005255   Thumb Code    24  ds18b20.o(.text)
    DS18B20_Read_Bit                         0x0800526d   Thumb Code    60  ds18b20.o(.text)
    DS18B20_Read_Byte                        0x080052a9   Thumb Code    34  ds18b20.o(.text)
    DS18B20_Get_Temp                         0x080052cb   Thumb Code   144  ds18b20.o(.text)
    TIM2_Init                                0x0800536d   Thumb Code   106  timer.o(.text)
    TIM2_IRQHandler                          0x080053d7   Thumb Code    36  timer.o(.text)
    TIM10_Init                               0x080053fb   Thumb Code   104  timer.o(.text)
    TIM10_IRQHandler                         0x08005463   Thumb Code    36  timer.o(.text)
    sht10_init                               0x08005495   Thumb Code     2  sht10.o(.text)
    sht10_strsmission_start                  0x08005497   Thumb Code   106  sht10.o(.text)
    sht10_connection_reset                   0x08005501   Thumb Code    66  sht10.o(.text)
    sht10_measure                            0x08005659   Thumb Code   166  sht10.o(.text)
    sht10_calc                               0x080056ff   Thumb Code   206  sht10.o(.text)
    sht10_temp_init                          0x08005805   Thumb Code    30  temp.o(.text)
    sht10_temp_read                          0x08005823   Thumb Code    22  temp.o(.text)
    NBBCxx_parser                            0x08005915   Thumb Code   124  nb_at.o(.text)
    USART1_IRQHandler                        0x08005991   Thumb Code   106  nb_at.o(.text)
    NBBCxx_recv                              0x080059fb   Thumb Code   106  nb_at.o(.text)
    TIM4_init                                0x08005a65   Thumb Code    90  nb_at.o(.text)
    TIM4_IRQHandler                          0x08005abf   Thumb Code   124  nb_at.o(.text)
    UARTx_write                              0x08005b3b   Thumb Code    40  nb_at.o(.text)
    NBAT_send                                0x08005b63   Thumb Code    30  nb_at.o(.text)
    NBAT_checkCmd                            0x08005b81   Thumb Code    44  nb_at.o(.text)
    NBAT_checkUrc                            0x08005bad   Thumb Code    16  nb_at.o(.text)
    NBAT_sendCmd                             0x08005bbd   Thumb Code   234  nb_at.o(.text)
    NBAT_getUrc                              0x08005ca7   Thumb Code    62  nb_at.o(.text)
    NBAT_recvData                            0x08005ce5   Thumb Code   124  nb_at.o(.text)
    NBBCxx_checkModel                        0x08005df1   Thumb Code    22  nb_interface.o(.text)
    NBBCxx_reboot                            0x08005e07   Thumb Code    22  nb_interface.o(.text)
    NBBCxx_getACK                            0x08005e1d   Thumb Code    22  nb_interface.o(.text)
    NBBCxx_setCMEE                           0x08005e33   Thumb Code    22  nb_interface.o(.text)
    NBBCxx_getNBAND                          0x08005e49   Thumb Code    22  nb_interface.o(.text)
    NBBCxx_getCIMI                           0x08005e5f   Thumb Code    22  nb_interface.o(.text)
    NBBCxx_setCGATT                          0x08005e75   Thumb Code    22  nb_interface.o(.text)
    NBBCxx_getCSQ                            0x08005e8b   Thumb Code    62  nb_interface.o(.text)
    NBBCxx_getCEREG                          0x08005ec9   Thumb Code    54  nb_interface.o(.text)
    NBBCxx_setCEREG                          0x08005eff   Thumb Code    22  nb_interface.o(.text)
    NBBCxx_getCOPS                           0x08005f15   Thumb Code    54  nb_interface.o(.text)
    NBBCxx_setNCDP                           0x08005f4b   Thumb Code    38  nb_interface.o(.text)
    NBBCxx_setNMGS_char                      0x08005f71   Thumb Code    44  nb_interface.o(.text)
    NBBCxx_setCGDCONT                        0x08005f9d   Thumb Code    22  nb_interface.o(.text)
    NBBCxx_getCGATT                          0x08005fb3   Thumb Code    40  nb_interface.o(.text)
    NBBCxx_getCSCON                          0x08005fdb   Thumb Code    54  nb_interface.o(.text)
    NBBCxx_setNSOCR                          0x08006011   Thumb Code    98  nb_interface.o(.text)
    NBBCxx_setNSOCOTcp                       0x08006073   Thumb Code    52  nb_interface.o(.text)
    NBBCxx_setNSOTSUdp                       0x080060a7   Thumb Code    84  nb_interface.o(.text)
    NBBCxx_setNSOSDTcp                       0x080060fb   Thumb Code    68  nb_interface.o(.text)
    NBBCxx_setNSORFTcp                       0x0800613f   Thumb Code    54  nb_interface.o(.text)
    NBBCxx_setUrcTable                       0x08006175   Thumb Code     6  nb_interface.o(.text)
    NBBCxx_getUrc                            0x080063f9   Thumb Code    42  nb_interface.o(.text)
    NB_LowPower_Mode                         0x08006423   Thumb Code    24  nb_interface.o(.text)
    hexToStr                                 0x08006465   Thumb Code    54  nb_process.o(.text)
    hexToStr1                                0x0800649b   Thumb Code    54  nb_process.o(.text)
    strToHex                                 0x080064d1   Thumb Code   190  nb_process.o(.text)
    TIM3_init                                0x0800658f   Thumb Code    88  nb_process.o(.text)
    TIM3_IRQHandler                          0x080065e7   Thumb Code    32  nb_process.o(.text)
    NBBCxx_init                              0x08006629   Thumb Code     8  nb_process.o(.text)
    NB_Connect                               0x08006631   Thumb Code   390  nb_process.o(.text)
    NB_DataSend                              0x080067b7   Thumb Code    74  nb_process.o(.text)
    NB_Close                                 0x08006801   Thumb Code     2  nb_process.o(.text)
    Wireless_Key_Init                        0x08006835   Thumb Code   126  exti.o(.text)
    EXTI4_IRQHandler                         0x080068b3   Thumb Code    56  exti.o(.text)
    Config_Info_Save                         0x080068f5   Thumb Code    14  protocol.o(.text)
    Config_Info_Read                         0x08006903   Thumb Code    14  protocol.o(.text)
    Config_Init                              0x08006911   Thumb Code   242  protocol.o(.text)
    BLEndianInt32                            0x08006a03   Thumb Code    26  protocol.o(.text)
    ICT_Data_Call                            0x08006a1d   Thumb Code   388  protocol.o(.text)
    WTM_Data_Call                            0x08006ba1   Thumb Code   504  protocol.o(.text)
    BLEndianInt16                            0x08006d99   Thumb Code    14  protocol.o(.text)
    WVS_Data_Call                            0x08006da7   Thumb Code   438  protocol.o(.text)
    FEC_Data_Call                            0x08006f5d   Thumb Code   450  protocol.o(.text)
    Data_Call                                0x0800711f   Thumb Code    54  protocol.o(.text)
    ICT_Data_Report                          0x08007155   Thumb Code   460  protocol.o(.text)
    Sensor_Data_Report                       0x08007321   Thumb Code   638  protocol.o(.text)
    Data_Report                              0x0800759f   Thumb Code    18  protocol.o(.text)
    ICT_Threshold_Set                        0x080075b1   Thumb Code   230  protocol.o(.text)
    WTM_Threshold_Set                        0x08007697   Thumb Code   552  protocol.o(.text)
    WVS_Threshold_Set                        0x080078bf   Thumb Code   642  protocol.o(.text)
    FEC_Threshold_Set                        0x08007b41   Thumb Code   542  protocol.o(.text)
    Freq_Set                                 0x08007d5f   Thumb Code   162  protocol.o(.text)
    Time_Set                                 0x08007e01   Thumb Code   128  protocol.o(.text)
    ICT_Threshold_Query                      0x08007e81   Thumb Code   202  protocol.o(.text)
    WTM_Threshold_Query                      0x08007f4b   Thumb Code   296  protocol.o(.text)
    WVS_Threshold_Query                      0x08008073   Thumb Code   302  protocol.o(.text)
    FEC_Threshold_Query                      0x080081a1   Thumb Code   336  protocol.o(.text)
    Freq_Query                               0x080082f1   Thumb Code   138  protocol.o(.text)
    Software_Version_Query                   0x0800837b   Thumb Code    84  protocol.o(.text)
    Data_Set_Query                           0x080083cf   Thumb Code   288  protocol.o(.text)
    Sensor_ID_Set                            0x080084ef   Thumb Code   398  protocol.o(.text)
    Data_Process                             0x0800867d   Thumb Code     2  protocol.o(.text)
    BLEndianFloat                            0x0800867f   Thumb Code    42  protocol.o(.text)
    KEY_Init                                 0x080086a9   Thumb Code    54  key.o(.text)
    SDA_OUT                                  0x080086df   Thumb Code    36  key.o(.text)
    SDA_IN                                   0x08008703   Thumb Code    30  key.o(.text)
    IIC_Start                                0x08008721   Thumb Code    46  key.o(.text)
    IIC_Stop                                 0x0800874f   Thumb Code    48  key.o(.text)
    IIC_Wait_Ack                             0x0800877f   Thumb Code    68  key.o(.text)
    IIC_Ack                                  0x080087c3   Thumb Code    52  key.o(.text)
    IIC_NAck                                 0x080087f7   Thumb Code    52  key.o(.text)
    IIC_Send_Byte                            0x0800882b   Thumb Code    86  key.o(.text)
    IIC_Read_Byte                            0x08008881   Thumb Code    82  key.o(.text)
    Key_Read                                 0x080088d3   Thumb Code   140  key.o(.text)
    I2C_WriteByte                            0x08008971   Thumb Code   126  oled.o(.text)
    WriteCmd                                 0x080089ef   Thumb Code    14  oled.o(.text)
    OLED_Init                                0x080089fd   Thumb Code   330  oled.o(.text)
    WriteDat                                 0x08008b47   Thumb Code    14  oled.o(.text)
    OLED_SetPos                              0x08008b55   Thumb Code    40  oled.o(.text)
    OLED_Fill                                0x08008b7d   Thumb Code    58  oled.o(.text)
    OLED_CLS                                 0x08008bb7   Thumb Code    10  oled.o(.text)
    OLED_ON                                  0x08008bc1   Thumb Code    22  oled.o(.text)
    OLED_OFF                                 0x08008bd7   Thumb Code    22  oled.o(.text)
    OLED_ShowStr                             0x08008bed   Thumb Code   228  oled.o(.text)
    OLED_ShowChar                            0x08008cd1   Thumb Code   102  oled.o(.text)
    OLED_ShowChar_Small                      0x08008d37   Thumb Code   106  oled.o(.text)
    OLED_ShowCN                              0x08008da1   Thumb Code    80  oled.o(.text)
    OLED_DrawBMP                             0x08008df1   Thumb Code   116  oled.o(.text)
    OLED_Line1                               0x08008e65   Thumb Code   106  oled.o(.text)
    OLED_Line2                               0x08008ecf   Thumb Code    92  oled.o(.text)
    OLED_Line3                               0x08008f2b   Thumb Code   106  oled.o(.text)
    OLED_Line4                               0x08008f95   Thumb Code   106  oled.o(.text)
    OLED_Line5                               0x08008fff   Thumb Code    78  oled.o(.text)
    OLED_Line6                               0x0800904d   Thumb Code   106  oled.o(.text)
    OLED_Line7                               0x080090b7   Thumb Code   106  oled.o(.text)
    OLED_Line8                               0x08009121   Thumb Code   120  oled.o(.text)
    OLED_Line9                               0x08009199   Thumb Code    78  oled.o(.text)
    Display_OLEDLine                         0x080091ed   Thumb Code   102  menu.o(.text)
    Display_OLEDMenu                         0x08009253   Thumb Code    48  menu.o(.text)
    MenuCancelOption                         0x08009283   Thumb Code   126  menu.o(.text)
    Function9                                0x08009301   Thumb Code    92  menu.o(.text)
    Function8                                0x0800935d   Thumb Code   104  menu.o(.text)
    Vib_NumRightOption                       0x080093c5   Thumb Code    84  menu.o(.text)
    Vib_NumLeftOption                        0x08009419   Thumb Code    84  menu.o(.text)
    Function7                                0x0800946d   Thumb Code   728  menu.o(.text)
    Tmp_NumRightOption                       0x08009745   Thumb Code    88  menu.o(.text)
    Tmp_NumLeftOption                        0x0800979d   Thumb Code    88  menu.o(.text)
    Function6                                0x080097f5   Thumb Code   618  menu.o(.text)
    Function5                                0x08009a5f   Thumb Code   138  menu.o(.text)
    Function4                                0x08009ae9   Thumb Code   132  menu.o(.text)
    Function3                                0x08009b6d   Thumb Code   132  menu.o(.text)
    Function2                                0x08009bf1   Thumb Code   292  menu.o(.text)
    NumRightOption                           0x08009d15   Thumb Code    88  menu.o(.text)
    NumLeftOption                            0x08009d6d   Thumb Code    88  menu.o(.text)
    Function1                                0x08009dc5   Thumb Code   526  menu.o(.text)
    MenuEnterOption                          0x08009fd3   Thumb Code   110  menu.o(.text)
    MenuDownOneOption                        0x0800a041   Thumb Code   118  menu.o(.text)
    MenuUpOneOption                          0x0800a0b7   Thumb Code   134  menu.o(.text)
    MenuReflash                              0x0800a13d   Thumb Code    96  menu.o(.text)
    LED_Init                                 0x0800a1c1   Thumb Code    48  switch.o(.text)
    Run_Led                                  0x0800a1f1   Thumb Code    26  switch.o(.text)
    BEEP_Init                                0x0800a20b   Thumb Code    56  switch.o(.text)
    Run_BEEP                                 0x0800a243   Thumb Code    26  switch.o(.text)
    POWER_Init                               0x0800a25d   Thumb Code    48  switch.o(.text)
    POWER_ON                                 0x0800a28d   Thumb Code    30  switch.o(.text)
    Show_HomePage                            0x0800a2b5   Thumb Code   984  show.o(.text)
    Show_OkPage                              0x0800a68d   Thumb Code   128  show.o(.text)
    Show_SendingPage                         0x0800a70d   Thumb Code    88  show.o(.text)
    __aeabi_memcpy                           0x0800a765   Thumb Code    36  memcpya.o(.text)
    __aeabi_memcpy4                          0x0800a765   Thumb Code     0  memcpya.o(.text)
    __aeabi_memcpy8                          0x0800a765   Thumb Code     0  memcpya.o(.text)
    __aeabi_memset                           0x0800a789   Thumb Code    14  memseta.o(.text)
    __aeabi_memset4                          0x0800a789   Thumb Code     0  memseta.o(.text)
    __aeabi_memset8                          0x0800a789   Thumb Code     0  memseta.o(.text)
    __aeabi_memclr                           0x0800a797   Thumb Code     4  memseta.o(.text)
    __aeabi_memclr4                          0x0800a797   Thumb Code     0  memseta.o(.text)
    __aeabi_memclr8                          0x0800a797   Thumb Code     0  memseta.o(.text)
    _memset$wrapper                          0x0800a79b   Thumb Code    18  memseta.o(.text)
    strstr                                   0x0800a7ad   Thumb Code    36  strstr.o(.text)
    strlen                                   0x0800a7d1   Thumb Code    14  strlen.o(.text)
    strncmp                                  0x0800a7df   Thumb Code    30  strncmp.o(.text)
    __aeabi_fadd                             0x0800a7fd   Thumb Code   164  fadd.o(.text)
    __aeabi_fsub                             0x0800a8a1   Thumb Code     6  fadd.o(.text)
    __aeabi_frsub                            0x0800a8a7   Thumb Code     6  fadd.o(.text)
    __aeabi_fmul                             0x0800a8ad   Thumb Code   100  fmul.o(.text)
    __aeabi_fdiv                             0x0800a911   Thumb Code   124  fdiv.o(.text)
    __aeabi_dadd                             0x0800a98d   Thumb Code   322  dadd.o(.text)
    __aeabi_dsub                             0x0800aacf   Thumb Code     6  dadd.o(.text)
    __aeabi_drsub                            0x0800aad5   Thumb Code     6  dadd.o(.text)
    __aeabi_dmul                             0x0800aadb   Thumb Code   228  dmul.o(.text)
    __aeabi_ddiv                             0x0800abbf   Thumb Code   222  ddiv.o(.text)
    __aeabi_i2f                              0x0800ac9d   Thumb Code    18  fflti.o(.text)
    __aeabi_ui2f                             0x0800acaf   Thumb Code    10  ffltui.o(.text)
    __aeabi_i2d                              0x0800acb9   Thumb Code    34  dflti.o(.text)
    __aeabi_f2iz                             0x0800acdb   Thumb Code    50  ffixi.o(.text)
    __aeabi_d2iz                             0x0800ad0d   Thumb Code    62  dfixi.o(.text)
    __aeabi_f2d                              0x0800ad4b   Thumb Code    38  f2d.o(.text)
    __aeabi_cdcmpeq                          0x0800ad71   Thumb Code     0  cdcmple.o(.text)
    __aeabi_cdcmple                          0x0800ad71   Thumb Code    48  cdcmple.o(.text)
    __aeabi_cdrcmple                         0x0800ada1   Thumb Code    48  cdrcmple.o(.text)
    __aeabi_d2f                              0x0800add1   Thumb Code    56  d2f.o(.text)
    __aeabi_cfcmpeq                          0x0800ae09   Thumb Code     0  cfcmple.o(.text)
    __aeabi_cfcmple                          0x0800ae09   Thumb Code    20  cfcmple.o(.text)
    __aeabi_cfrcmple                         0x0800ae1d   Thumb Code    20  cfrcmple.o(.text)
    __aeabi_uidiv                            0x0800ae31   Thumb Code     0  uidiv.o(.text)
    __aeabi_uidivmod                         0x0800ae31   Thumb Code    44  uidiv.o(.text)
    __aeabi_llsl                             0x0800ae5d   Thumb Code    30  llshl.o(.text)
    _ll_shift_l                              0x0800ae5d   Thumb Code     0  llshl.o(.text)
    __aeabi_llsr                             0x0800ae7b   Thumb Code    32  llushr.o(.text)
    _ll_ushift_r                             0x0800ae7b   Thumb Code     0  llushr.o(.text)
    __aeabi_lasr                             0x0800ae9b   Thumb Code    36  llsshr.o(.text)
    _ll_sshift_r                             0x0800ae9b   Thumb Code     0  llsshr.o(.text)
    __I$use$fp                               0x0800aebf   Thumb Code     0  iusefp.o(.text)
    _float_round                             0x0800aebf   Thumb Code    18  fepilogue.o(.text)
    _float_epilogue                          0x0800aed1   Thumb Code    92  fepilogue.o(.text)
    _double_round                            0x0800af2d   Thumb Code    30  depilogue.o(.text)
    _double_epilogue                         0x0800af4b   Thumb Code   156  depilogue.o(.text)
    __scatterload                            0x0800afe9   Thumb Code    28  init.o(.text)
    __scatterload_rt2                        0x0800afe9   Thumb Code     0  init.o(.text)
    __decompress                             0x0800b00d   Thumb Code     0  __dclz77c.o(.text)
    __decompress2                            0x0800b00d   Thumb Code    94  __dclz77c.o(.text)
    __0sprintf$6                             0x0800b06d   Thumb Code    34  printf6.o(i.__0sprintf$6)
    __1sprintf$6                             0x0800b06d   Thumb Code     0  printf6.o(i.__0sprintf$6)
    __2sprintf                               0x0800b06d   Thumb Code     0  printf6.o(i.__0sprintf$6)
    __scatterload_copy                       0x0800b095   Thumb Code    14  handlers.o(i.__scatterload_copy)
    __scatterload_null                       0x0800b0a3   Thumb Code     2  handlers.o(i.__scatterload_null)
    __scatterload_zeroinit                   0x0800b0a5   Thumb Code    14  handlers.o(i.__scatterload_zeroinit)
    hexStrTable                              0x0800b430   Data          16  nb_process.o(.constdata)
    F6x8                                     0x0800b458   Data         552  oled.o(.constdata)
    F8X16                                    0x0800b680   Data        1520  oled.o(.constdata)
    BMP1                                     0x0800bc70   Data        1024  oled.o(.constdata)
    asc2_1206                                0x0800c070   Data        1140  oled.o(.constdata)
    asc2_1608                                0x0800c4e4   Data        1520  oled.o(.constdata)
    asc2_2412                                0x0800cad4   Data        3420  oled.o(.constdata)
    Region$$Table$$Base                      0x0800d84c   Number         0  anon$$obj.o(Region$$Table)
    Region$$Table$$Limit                     0x0800d86c   Number         0  anon$$obj.o(Region$$Table)
    key_num_t                                0x20000019   Data           1  main.o(.data)
    SystemCoreClock                          0x2000001c   Data           4  system_stm32l1xx.o(.data)
    PLLMulTable                              0x20000020   Data           9  system_stm32l1xx.o(.data)
    AHBPrescTable                            0x20000029   Data          16  system_stm32l1xx.o(.data)
    TX_ADDRESS                               0x2000003e   Data           5  24l01.o(.data)
    RX_ADDRESS                               0x20000043   Data           5  24l01.o(.data)
    sys_time_t                               0x20000048   Data           6  rtc.o(.data)
    RTC_time_current                         0x2000004e   Data           4  rtc.o(.data)
    RTC_date_current                         0x20000052   Data           4  rtc.o(.data)
    call_time_interval                       0x20000056   Data           2  rtc.o(.data)
    ADC_ConvertedValue                       0x20000058   Data           6  adc.o(.data)
    timer2_flag                              0x2000005e   Data           1  timer.o(.data)
    timer10_flag                             0x2000005f   Data           1  timer.o(.data)
    NB_RxLen                                 0x200000a2   Data           2  nb_at.o(.data)
    gtime3Count                              0x200000a4   Data           4  nb_process.o(.data)
    sendDataCount                            0x200000a8   Data           1  nb_process.o(.data)
    nb_csq                                   0x200000a9   Data           1  nb_process.o(.data)
    g_socketId                               0x200000aa   Data           1  nb_process.o(.data)
    key_num                                  0x200000ab   Data           1  protocol.o(.data)
    data_process_flag                        0x200000ac   Data           1  protocol.o(.data)
    data_report_flag                         0x200000ad   Data           1  protocol.o(.data)
    nrf_status                               0x200000ae   Data           1  protocol.o(.data)
    KEY_Num                                  0x200000b2   Data           1  key.o(.data)
    F16x16                                   0x200000b3   Data        1728  oled.o(.data)
    sOption                                  0x20000773   Data          27  menu.o(.data)
    Level                                    0x2000078e   Data           3  menu.o(.data)
    FirstLineIndex                           0x20000791   Data           1  menu.o(.data)
    SelectLine_L                             0x20000792   Data           1  menu.o(.data)
    SelectLine                               0x20000793   Data           1  menu.o(.data)
    SelectIndex                              0x20000794   Data           1  menu.o(.data)
    LastIndex                                0x20000795   Data           1  menu.o(.data)
    ICT_Num                                  0x20000796   Data           9  menu.o(.data)
    Tmp_Num                                  0x2000079f   Data           9  menu.o(.data)
    Vib_Num                                  0x200007a8   Data           9  menu.o(.data)
    Server                                   0x200007b1   Data          16  menu.o(.data)
    Clear                                    0x200007c1   Data           1  menu.o(.data)
    UpTime                                   0x200007c2   Data           3  menu.o(.data)
    SampTime                                 0x200007c5   Data           3  menu.o(.data)
    Up                                       0x200007c8   Data           1  menu.o(.data)
    Water                                    0x200007c9   Data           1  menu.o(.data)
    LevelNum                                 0x200007ca   Data           3  menu.o(.data)
    SelectIndexNum                           0x200007cd   Data           1  menu.o(.data)
    LevelServer                              0x200007ce   Data           3  menu.o(.data)
    SelectIndexServer                        0x200007d1   Data           1  menu.o(.data)
    LevelUpTime                              0x200007d2   Data           3  menu.o(.data)
    SelectIndexUpTime                        0x200007d5   Data           1  menu.o(.data)
    LevelSampTime                            0x200007d6   Data           3  menu.o(.data)
    SelectIndexSampTime                      0x200007d9   Data           1  menu.o(.data)
    humidity                                 0x200007dc   Data           4  show.o(.data)
    temperature                              0x200007e0   Data           2  show.o(.data)
    str_tmp                                  0x200007e2   Data          19  show.o(.data)
    voltage                                  0x200007f8   Data           4  show.o(.data)
    light1                                   0x200007fc   Data           4  show.o(.data)
    light2                                   0x20000800   Data           4  show.o(.data)
    voltage_H                                0x20000804   Data           1  show.o(.data)
    voltage_L                                0x20000805   Data           1  show.o(.data)
    STMFLASH_BUF                             0x20000808   Data        1024  stmflash.o(.bss)
    SPI_InitStructure                        0x20000c08   Data          18  spi.o(.bss)
    NB_RxBuf                                 0x2000101a   Data         512  nb_at.o(.bss)
    tmpData                                  0x2000161a   Data         512  nb_interface.o(.bss)
    tmpBuf1                                  0x2000181a   Data         512  nb_process.o(.bss)
    tmpBuf2                                  0x20001a1a   Data         512  nb_process.o(.bss)
    txbuf                                    0x20001c1c   Data          32  protocol.o(.bss)
    rxbuf                                    0x20001c3c   Data          32  protocol.o(.bss)
    Data_Save                                0x20001c5c   Data         232  protocol.o(.bss)
    ADC_ConvertedValueLocal                  0x20001d44   Data          12  show.o(.bss)
    __initial_sp                             0x20002150   Data           0  startup_stm32l1xx_md.o(STACK)



==============================================================================

Memory Map of the image

  Image Entry point : 0x080000f5

  Load Region LR_IROM1 (Base: 0x08000000, Size: 0x0000e074, Max: 0x00040000, ABSOLUTE, COMPRESSED[0x0000ddc0])

    Execution Region ER_IROM1 (Base: 0x08000000, Size: 0x0000d86c, Max: 0x00040000, ABSOLUTE)

    Base Addr    Size         Type   Attr      Idx    E Section Name        Object

    0x08000000   0x000000f4   Data   RO            3    RESET               startup_stm32l1xx_md.o
    0x080000f4   0x00000000   Code   RO         1120  * .ARM.Collect$$$$00000000  mc_w.l(entry.o)
    0x080000f4   0x00000004   Code   RO         1430    .ARM.Collect$$$$00000001  mc_w.l(entry2.o)
    0x080000f8   0x00000004   Code   RO         1433    .ARM.Collect$$$$00000004  mc_w.l(entry5.o)
    0x080000fc   0x00000000   Code   RO         1435    .ARM.Collect$$$$00000008  mc_w.l(entry7b.o)
    0x080000fc   0x00000000   Code   RO         1437    .ARM.Collect$$$$0000000A  mc_w.l(entry8b.o)
    0x080000fc   0x00000008   Code   RO         1438    .ARM.Collect$$$$0000000B  mc_w.l(entry9a.o)
    0x08000104   0x00000000   Code   RO         1440    .ARM.Collect$$$$0000000D  mc_w.l(entry10a.o)
    0x08000104   0x00000000   Code   RO         1442    .ARM.Collect$$$$0000000F  mc_w.l(entry11a.o)
    0x08000104   0x00000004   Code   RO         1431    .ARM.Collect$$$$00002712  mc_w.l(entry2.o)
    0x08000108   0x00000024   Code   RO            4    .text               startup_stm32l1xx_md.o
    0x0800012c   0x000000e0   Code   RO           11    .text               misc.o
    0x0800020c   0x00000534   Code   RO           54    .text               stm32l1xx_adc.o
    0x08000740   0x00000254   Code   RO          187    .text               stm32l1xx_dma.o
    0x08000994   0x00000118   Code   RO          206    .text               stm32l1xx_exti.o
    0x08000aac   0x000007d0   Code   RO          225    .text               stm32l1xx_flash.o
    0x0800127c   0x0000023c   Code   RO          263    .text               stm32l1xx_gpio.o
    0x080014b8   0x00000400   Code   RO          282    .text               stm32l1xx_i2c.o
    0x080018b8   0x00000158   Code   RO          358    .text               stm32l1xx_pwr.o
    0x08001a10   0x00000490   Code   RO          377    .text               stm32l1xx_rcc.o
    0x08001ea0   0x00000d40   Code   RO          395    .text               stm32l1xx_rtc.o
    0x08002be0   0x000002fc   Code   RO          433    .text               stm32l1xx_spi.o
    0x08002edc   0x000002e8   Code   RO          452    .text               stm32l1xx_syscfg.o
    0x080031c4   0x00000a0c   Code   RO          471    .text               stm32l1xx_tim.o
    0x08003bd0   0x000003f8   Code   RO          490    .text               stm32l1xx_usart.o
    0x08003fc8   0x00000184   Code   RO          528    .text               main.o
    0x0800414c   0x00000254   Code   RO          628    .text               system_stm32l1xx.o
    0x080043a0   0x0000001a   Code   RO          650    .text               stm32l1xx_it.o
    0x080043ba   0x00000002   PAD
    0x080043bc   0x000000b0   Code   RO          673    .text               delay.o
    0x0800446c   0x00000144   Code   RO          707    .text               usart.o
    0x080045b0   0x00000380   Code   RO          726    .text               24l01.o
    0x08004930   0x00000140   Code   RO          749    .text               stmflash.o
    0x08004a70   0x000002c0   Code   RO          768    .text               rtc.o
    0x08004d30   0x0000027c   Code   RO          789    .text               adc.o
    0x08004fac   0x00000108   Code   RO          808    .text               spi.o
    0x080050b4   0x0000005e   Code   RO          827    .text               lpm.o
    0x08005112   0x00000002   PAD
    0x08005114   0x00000258   Code   RO          843    .text               ds18b20.o
    0x0800536c   0x00000128   Code   RO          859    .text               timer.o
    0x08005494   0x00000370   Code   RO          878    .text               sht10.o
    0x08005804   0x00000110   Code   RO          897    .text               temp.o
    0x08005914   0x0000048c   Code   RO          919    .text               nb_at.o
    0x08005da0   0x000006c4   Code   RO          940    .text               nb_interface.o
    0x08006464   0x000003d0   Code   RO          960    .text               nb_process.o
    0x08006834   0x000000c0   Code   RO          982    .text               exti.o
    0x080068f4   0x00001db4   Code   RO          999    .text               protocol.o
    0x080086a8   0x000002c8   Code   RO         1020    .text               key.o
    0x08008970   0x0000087c   Code   RO         1042    .text               oled.o
    0x080091ec   0x00000fd4   Code   RO         1064    .text               menu.o
    0x0800a1c0   0x000000f4   Code   RO         1084    .text               switch.o
    0x0800a2b4   0x000004b0   Code   RO         1100    .text               show.o
    0x0800a764   0x00000024   Code   RO         1123    .text               mc_w.l(memcpya.o)
    0x0800a788   0x00000024   Code   RO         1125    .text               mc_w.l(memseta.o)
    0x0800a7ac   0x00000024   Code   RO         1127    .text               mc_w.l(strstr.o)
    0x0800a7d0   0x0000000e   Code   RO         1129    .text               mc_w.l(strlen.o)
    0x0800a7de   0x0000001e   Code   RO         1131    .text               mc_w.l(strncmp.o)
    0x0800a7fc   0x000000b0   Code   RO         1396    .text               mf_w.l(fadd.o)
    0x0800a8ac   0x00000064   Code   RO         1398    .text               mf_w.l(fmul.o)
    0x0800a910   0x0000007c   Code   RO         1400    .text               mf_w.l(fdiv.o)
    0x0800a98c   0x0000014e   Code   RO         1402    .text               mf_w.l(dadd.o)
    0x0800aada   0x000000e4   Code   RO         1404    .text               mf_w.l(dmul.o)
    0x0800abbe   0x000000de   Code   RO         1406    .text               mf_w.l(ddiv.o)
    0x0800ac9c   0x00000012   Code   RO         1408    .text               mf_w.l(fflti.o)
    0x0800acae   0x0000000a   Code   RO         1410    .text               mf_w.l(ffltui.o)
    0x0800acb8   0x00000022   Code   RO         1412    .text               mf_w.l(dflti.o)
    0x0800acda   0x00000032   Code   RO         1414    .text               mf_w.l(ffixi.o)
    0x0800ad0c   0x0000003e   Code   RO         1416    .text               mf_w.l(dfixi.o)
    0x0800ad4a   0x00000026   Code   RO         1418    .text               mf_w.l(f2d.o)
    0x0800ad70   0x00000030   Code   RO         1420    .text               mf_w.l(cdcmple.o)
    0x0800ada0   0x00000030   Code   RO         1422    .text               mf_w.l(cdrcmple.o)
    0x0800add0   0x00000038   Code   RO         1424    .text               mf_w.l(d2f.o)
    0x0800ae08   0x00000014   Code   RO         1426    .text               mf_w.l(cfcmple.o)
    0x0800ae1c   0x00000014   Code   RO         1428    .text               mf_w.l(cfrcmple.o)
    0x0800ae30   0x0000002c   Code   RO         1445    .text               mc_w.l(uidiv.o)
    0x0800ae5c   0x0000001e   Code   RO         1449    .text               mc_w.l(llshl.o)
    0x0800ae7a   0x00000020   Code   RO         1451    .text               mc_w.l(llushr.o)
    0x0800ae9a   0x00000024   Code   RO         1453    .text               mc_w.l(llsshr.o)
    0x0800aebe   0x00000000   Code   RO         1455    .text               mc_w.l(iusefp.o)
    0x0800aebe   0x0000006e   Code   RO         1456    .text               mf_w.l(fepilogue.o)
    0x0800af2c   0x000000ba   Code   RO         1458    .text               mf_w.l(depilogue.o)
    0x0800afe6   0x00000002   PAD
    0x0800afe8   0x00000024   Code   RO         1462    .text               mc_w.l(init.o)
    0x0800b00c   0x0000005e   Code   RO         1472    .text               mc_w.l(__dclz77c.o)
    0x0800b06a   0x00000002   PAD
    0x0800b06c   0x00000028   Code   RO         1292    i.__0sprintf$6      mc_w.l(printf6.o)
    0x0800b094   0x0000000e   Code   RO         1466    i.__scatterload_copy  mc_w.l(handlers.o)
    0x0800b0a2   0x00000002   Code   RO         1467    i.__scatterload_null  mc_w.l(handlers.o)
    0x0800b0a4   0x0000000e   Code   RO         1468    i.__scatterload_zeroinit  mc_w.l(handlers.o)
    0x0800b0b2   0x00000002   PAD
    0x0800b0b4   0x000002f0   Code   RO         1297    i._printf_core      mc_w.l(printf6.o)
    0x0800b3a4   0x00000024   Code   RO         1298    i._printf_post_padding  mc_w.l(printf6.o)
    0x0800b3c8   0x0000002e   Code   RO         1299    i._printf_pre_padding  mc_w.l(printf6.o)
    0x0800b3f6   0x0000000a   Code   RO         1301    i._sputc            mc_w.l(printf6.o)
    0x0800b400   0x00000030   Data   RO          769    .constdata          rtc.o
    0x0800b430   0x00000028   Data   RO          962    .constdata          nb_process.o
    0x0800b458   0x000023d8   Data   RO         1044    .constdata          oled.o
    0x0800d830   0x0000001a   Data   RO          963    .conststring        nb_process.o
    0x0800d84a   0x00000002   PAD
    0x0800d84c   0x00000020   Data   RO         1464    Region$$Table       anon$$obj.o


    Execution Region RW_IRAM1 (Base: 0x20000000, Size: 0x00002150, Max: 0x00008000, ABSOLUTE, COMPRESSED[0x00000554])

    Base Addr    Size         Type   Attr      Idx    E Section Name        Object

    0x20000000   0x00000019   Data   RW          378    .data               stm32l1xx_rcc.o
    0x20000019   0x00000002   Data   RW          529    .data               main.o
    0x2000001b   0x00000001   PAD
    0x2000001c   0x0000001d   Data   RW          629    .data               system_stm32l1xx.o
    0x20000039   0x00000001   PAD
    0x2000003a   0x00000004   Data   RW          674    .data               delay.o
    0x2000003e   0x0000000a   Data   RW          728    .data               24l01.o
    0x20000048   0x00000010   Data   RW          770    .data               rtc.o
    0x20000058   0x00000006   Data   RW          790    .data               adc.o
    0x2000005e   0x00000002   Data   RW          860    .data               timer.o
    0x20000060   0x00000040   Data   RW          898    .data               temp.o
    0x200000a0   0x00000004   Data   RW          921    .data               nb_at.o
    0x200000a4   0x00000007   Data   RW          964    .data               nb_process.o
    0x200000ab   0x00000007   Data   RW         1001    .data               protocol.o
    0x200000b2   0x00000001   Data   RW         1021    .data               key.o
    0x200000b3   0x000006c0   Data   RW         1045    .data               oled.o
    0x20000773   0x00000067   Data   RW         1065    .data               menu.o
    0x200007da   0x00000002   PAD
    0x200007dc   0x0000002a   Data   RW         1102    .data               show.o
    0x20000806   0x00000002   PAD
    0x20000808   0x00000400   Zero   RW          750    .bss                stmflash.o
    0x20000c08   0x00000012   Zero   RW          809    .bss                spi.o
    0x20000c1a   0x00000600   Zero   RW          920    .bss                nb_at.o
    0x2000121a   0x00000600   Zero   RW          941    .bss                nb_interface.o
    0x2000181a   0x00000400   Zero   RW          961    .bss                nb_process.o
    0x20001c1a   0x00000002   PAD
    0x20001c1c   0x00000128   Zero   RW         1000    .bss                protocol.o
    0x20001d44   0x0000000c   Zero   RW         1101    .bss                show.o
    0x20001d50   0x00000400   Zero   RW            1    STACK               startup_stm32l1xx_md.o


==============================================================================

Image component sizes


      Code (inc. data)   RO Data    RW Data    ZI Data      Debug   Object Name

       896         24          0         10          0       4242   24l01.o
       636         20          0          6          0       2505   adc.o
       176          8          0          4          0       1099   delay.o
       600         18          0          0          0       2555   ds18b20.o
       192         10          0          0          0        825   exti.o
       712         18          0          1          0       2758   key.o
        94          0          0          0          0        617   lpm.o
       388         20          0          2          0      17207   main.o
      4052        244          0        103          0       8107   menu.o
       224         20          0          0          0     182473   misc.o
      1164         64          0          4       1536       4545   nb_at.o
      1732        506          0          0       1536       7576   nb_interface.o
       976         50         66          7       1024       4386   nb_process.o
      2172         76       9176       1728          0       6644   oled.o
      7604        296          0          7        296      13552   protocol.o
       704         24         48         16          0       2702   rtc.o
      1200         48          0         42         12       2334   show.o
       880         56          0          0          0       3057   sht10.o
       264         14          0          0         18       1337   spi.o
        36          8        244          0       1024        828   startup_stm32l1xx_md.o
      1332         20          0          0          0      32006   stm32l1xx_adc.o
       596          8          0          0          0      14330   stm32l1xx_dma.o
       280          4          0          0          0       4891   stm32l1xx_exti.o
      2000         38          0          0          0      18449   stm32l1xx_flash.o
       572         32          0          0          0       9637   stm32l1xx_gpio.o
      1024         18          0          0          0      16063   stm32l1xx_i2c.o
        26          0          0          0          0       1234   stm32l1xx_it.o
       344         14          0          0          0       4100   stm32l1xx_pwr.o
      1168         40          0         25          0       9561   stm32l1xx_rcc.o
      3392         46          0          0          0      30299   stm32l1xx_rtc.o
       764         12          0          0          0      13790   stm32l1xx_spi.o
       744          8          0          0          0       3316   stm32l1xx_syscfg.o
      2572         32          0          0          0      37600   stm32l1xx_tim.o
      1016         20          0          0          0      13604   stm32l1xx_usart.o
       320         14          0          0       1024       2614   stmflash.o
       244         10          0          0          0       1278   switch.o
       596         46          0         29          0       1839   system_stm32l1xx.o
       272         14          0         64          0       3138   temp.o
       296         14          0          2          0       1543   timer.o
       324          8          0          0          0       1764   usart.o

    ----------------------------------------------------------------------
     42588       1922       9568       2056       6472     490405   Object Totals
         0          0         32          0          0          0   (incl. Generated)
         4          0          2          6          2          0   (incl. Padding)

    ----------------------------------------------------------------------

      Code (inc. data)   RO Data    RW Data    ZI Data      Debug   Library Member Name

        94          0          0          0          0          0   __dclz77c.o
         0          0          0          0          0          0   entry.o
         0          0          0          0          0          0   entry10a.o
         0          0          0          0          0          0   entry11a.o
         8          4          0          0          0          0   entry2.o
         4          0          0          0          0          0   entry5.o
         0          0          0          0          0          0   entry7b.o
         0          0          0          0          0          0   entry8b.o
         8          4          0          0          0          0   entry9a.o
        30          0          0          0          0          0   handlers.o
        36          8          0          0          0         68   init.o
         0          0          0          0          0          0   iusefp.o
        30          0          0          0          0         68   llshl.o
        36          0          0          0          0         68   llsshr.o
        32          0          0          0          0         68   llushr.o
        36          0          0          0          0         68   memcpya.o
        36          0          0          0          0        108   memseta.o
       884         10          0          0          0        420   printf6.o
        14          0          0          0          0         68   strlen.o
        30          0          0          0          0         80   strncmp.o
        36          0          0          0          0         80   strstr.o
        44          0          0          0          0         80   uidiv.o
        48          0          0          0          0         68   cdcmple.o
        48          0          0          0          0         68   cdrcmple.o
        20          0          0          0          0         68   cfcmple.o
        20          0          0          0          0         68   cfrcmple.o
        56          0          0          0          0         88   d2f.o
       334          0          0          0          0        148   dadd.o
       222          0          0          0          0        100   ddiv.o
       186          0          0          0          0        176   depilogue.o
        62          0          0          0          0         80   dfixi.o
        34          0          0          0          0         76   dflti.o
       228          0          0          0          0         96   dmul.o
        38          0          0          0          0         68   f2d.o
       176          0          0          0          0        140   fadd.o
       124          0          0          0          0         88   fdiv.o
       110          0          0          0          0        168   fepilogue.o
        50          0          0          0          0         68   ffixi.o
        18          0          0          0          0         68   fflti.o
        10          0          0          0          0         68   ffltui.o
       100          0          0          0          0         76   fmul.o

    ----------------------------------------------------------------------
      3248         26          0          0          0       2956   Library Totals
         6          0          0          0          0          0   (incl. Padding)

    ----------------------------------------------------------------------

      Code (inc. data)   RO Data    RW Data    ZI Data      Debug   Library Name

      1358         26          0          0          0       1176   mc_w.l
      1884          0          0          0          0       1780   mf_w.l

    ----------------------------------------------------------------------
      3248         26          0          0          0       2956   Library Totals

    ----------------------------------------------------------------------

==============================================================================


      Code (inc. data)   RO Data    RW Data    ZI Data      Debug   

     45836       1948       9568       2056       6472     488185   Grand Totals
     45836       1948       9568       1364       6472     488185   ELF Image Totals (compressed)
     45836       1948       9568       1364          0          0   ROM Totals

==============================================================================

    Total RO  Size (Code + RO Data)                55404 (  54.11kB)
    Total RW  Size (RW Data + ZI Data)              8528 (   8.33kB)
    Total ROM Size (Code + RO Data + RW Data)      56768 (  55.44kB)

==============================================================================

