<!doctype html public "-//w3c//dtd html 4.0 transitional//en">
<html><head>
<title>Static Call Graph - [..\Output\SCT_V1.0.0]</title></head>
<body><HR>
<H1>Static Call Graph for image ..\Output\SCT_V1.0.0</H1><HR>
<BR><P>#&#060CALLGRAPH&#062# ARM Linker, 5050106: Last Updated: Mon Nov 11 13:20:51 2019
<BR><P>
<H3>Maximum Stack Usage =       1344 bytes + Unknown(Cycles, Untraceable Function Pointers)</H3><H3>
Call chain for Maximum Stack Depth:</H3>
main &rArr; Data_Set_Query &rArr; FEC_Threshold_Set &rArr; Config_Info_Save &rArr; STMFLASH_Write &rArr; STMFLASH_Write_NoCheck &rArr; DATA_EEPROM_ProgramHalfWord &rArr; DATA_EEPROM_FastProgramByte &rArr; DATA_EEPROM_FastProgramWord &rArr; FLASH_WaitForLastOperation
<P>
<H3>
Mutually Recursive functions
</H3> <LI><a href="#[25]">ADC1_IRQHandler</a>&nbsp;&nbsp;&nbsp;&rArr;&nbsp;&nbsp;&nbsp;<a href="#[25]">ADC1_IRQHandler</a><BR>
</UL>
<P>
<H3>
Function Pointers
</H3><UL>
 <LI><a href="#[25]">ADC1_IRQHandler</a> from startup_stm32l1xx_md.o(.text) referenced from startup_stm32l1xx_md.o(RESET)
 <LI><a href="#[d]">BusFault_Handler</a> from stm32l1xx_it.o(.text) referenced from startup_stm32l1xx_md.o(RESET)
 <LI><a href="#[29]">COMP_IRQHandler</a> from startup_stm32l1xx_md.o(.text) referenced from startup_stm32l1xx_md.o(RESET)
 <LI><a href="#[28]">DAC_IRQHandler</a> from startup_stm32l1xx_md.o(.text) referenced from startup_stm32l1xx_md.o(RESET)
 <LI><a href="#[1e]">DMA1_Channel1_IRQHandler</a> from startup_stm32l1xx_md.o(.text) referenced from startup_stm32l1xx_md.o(RESET)
 <LI><a href="#[1f]">DMA1_Channel2_IRQHandler</a> from startup_stm32l1xx_md.o(.text) referenced from startup_stm32l1xx_md.o(RESET)
 <LI><a href="#[20]">DMA1_Channel3_IRQHandler</a> from startup_stm32l1xx_md.o(.text) referenced from startup_stm32l1xx_md.o(RESET)
 <LI><a href="#[21]">DMA1_Channel4_IRQHandler</a> from startup_stm32l1xx_md.o(.text) referenced from startup_stm32l1xx_md.o(RESET)
 <LI><a href="#[22]">DMA1_Channel5_IRQHandler</a> from startup_stm32l1xx_md.o(.text) referenced from startup_stm32l1xx_md.o(RESET)
 <LI><a href="#[23]">DMA1_Channel6_IRQHandler</a> from startup_stm32l1xx_md.o(.text) referenced from startup_stm32l1xx_md.o(RESET)
 <LI><a href="#[24]">DMA1_Channel7_IRQHandler</a> from startup_stm32l1xx_md.o(.text) referenced from startup_stm32l1xx_md.o(RESET)
 <LI><a href="#[10]">DebugMon_Handler</a> from stm32l1xx_it.o(.text) referenced from startup_stm32l1xx_md.o(RESET)
 <LI><a href="#[19]">EXTI0_IRQHandler</a> from startup_stm32l1xx_md.o(.text) referenced from startup_stm32l1xx_md.o(RESET)
 <LI><a href="#[3b]">EXTI15_10_IRQHandler</a> from startup_stm32l1xx_md.o(.text) referenced from startup_stm32l1xx_md.o(RESET)
 <LI><a href="#[1a]">EXTI1_IRQHandler</a> from startup_stm32l1xx_md.o(.text) referenced from startup_stm32l1xx_md.o(RESET)
 <LI><a href="#[1b]">EXTI2_IRQHandler</a> from startup_stm32l1xx_md.o(.text) referenced from startup_stm32l1xx_md.o(RESET)
 <LI><a href="#[1c]">EXTI3_IRQHandler</a> from startup_stm32l1xx_md.o(.text) referenced from startup_stm32l1xx_md.o(RESET)
 <LI><a href="#[1d]">EXTI4_IRQHandler</a> from exti.o(.text) referenced from startup_stm32l1xx_md.o(RESET)
 <LI><a href="#[2a]">EXTI9_5_IRQHandler</a> from startup_stm32l1xx_md.o(.text) referenced from startup_stm32l1xx_md.o(RESET)
 <LI><a href="#[17]">FLASH_IRQHandler</a> from startup_stm32l1xx_md.o(.text) referenced from startup_stm32l1xx_md.o(RESET)
 <LI><a href="#[b]">HardFault_Handler</a> from stm32l1xx_it.o(.text) referenced from startup_stm32l1xx_md.o(RESET)
 <LI><a href="#[33]">I2C1_ER_IRQHandler</a> from startup_stm32l1xx_md.o(.text) referenced from startup_stm32l1xx_md.o(RESET)
 <LI><a href="#[32]">I2C1_EV_IRQHandler</a> from startup_stm32l1xx_md.o(.text) referenced from startup_stm32l1xx_md.o(RESET)
 <LI><a href="#[35]">I2C2_ER_IRQHandler</a> from startup_stm32l1xx_md.o(.text) referenced from startup_stm32l1xx_md.o(RESET)
 <LI><a href="#[34]">I2C2_EV_IRQHandler</a> from startup_stm32l1xx_md.o(.text) referenced from startup_stm32l1xx_md.o(RESET)
 <LI><a href="#[2b]">LCD_IRQHandler</a> from startup_stm32l1xx_md.o(.text) referenced from startup_stm32l1xx_md.o(RESET)
 <LI><a href="#[c]">MemManage_Handler</a> from stm32l1xx_it.o(.text) referenced from startup_stm32l1xx_md.o(RESET)
 <LI><a href="#[a]">NMI_Handler</a> from stm32l1xx_it.o(.text) referenced from startup_stm32l1xx_md.o(RESET)
 <LI><a href="#[14]">PVD_IRQHandler</a> from startup_stm32l1xx_md.o(.text) referenced from startup_stm32l1xx_md.o(RESET)
 <LI><a href="#[11]">PendSV_Handler</a> from stm32l1xx_it.o(.text) referenced from startup_stm32l1xx_md.o(RESET)
 <LI><a href="#[18]">RCC_IRQHandler</a> from startup_stm32l1xx_md.o(.text) referenced from startup_stm32l1xx_md.o(RESET)
 <LI><a href="#[3c]">RTC_Alarm_IRQHandler</a> from rtc.o(.text) referenced from startup_stm32l1xx_md.o(RESET)
 <LI><a href="#[16]">RTC_WKUP_IRQHandler</a> from startup_stm32l1xx_md.o(.text) referenced from startup_stm32l1xx_md.o(RESET)
 <LI><a href="#[9]">Reset_Handler</a> from startup_stm32l1xx_md.o(.text) referenced from startup_stm32l1xx_md.o(RESET)
 <LI><a href="#[36]">SPI1_IRQHandler</a> from startup_stm32l1xx_md.o(.text) referenced from startup_stm32l1xx_md.o(RESET)
 <LI><a href="#[37]">SPI2_IRQHandler</a> from startup_stm32l1xx_md.o(.text) referenced from startup_stm32l1xx_md.o(RESET)
 <LI><a href="#[f]">SVC_Handler</a> from stm32l1xx_it.o(.text) referenced from startup_stm32l1xx_md.o(RESET)
 <LI><a href="#[12]">SysTick_Handler</a> from stm32l1xx_it.o(.text) referenced from startup_stm32l1xx_md.o(RESET)
 <LI><a href="#[41]">SystemInit</a> from system_stm32l1xx.o(.text) referenced from startup_stm32l1xx_md.o(.text)
 <LI><a href="#[15]">TAMPER_STAMP_IRQHandler</a> from startup_stm32l1xx_md.o(.text) referenced from startup_stm32l1xx_md.o(RESET)
 <LI><a href="#[2d]">TIM10_IRQHandler</a> from timer.o(.text) referenced from startup_stm32l1xx_md.o(RESET)
 <LI><a href="#[2e]">TIM11_IRQHandler</a> from startup_stm32l1xx_md.o(.text) referenced from startup_stm32l1xx_md.o(RESET)
 <LI><a href="#[2f]">TIM2_IRQHandler</a> from timer.o(.text) referenced from startup_stm32l1xx_md.o(RESET)
 <LI><a href="#[30]">TIM3_IRQHandler</a> from nb_process.o(.text) referenced from startup_stm32l1xx_md.o(RESET)
 <LI><a href="#[31]">TIM4_IRQHandler</a> from nb_at.o(.text) referenced from startup_stm32l1xx_md.o(RESET)
 <LI><a href="#[3e]">TIM6_IRQHandler</a> from startup_stm32l1xx_md.o(.text) referenced from startup_stm32l1xx_md.o(RESET)
 <LI><a href="#[3f]">TIM7_IRQHandler</a> from startup_stm32l1xx_md.o(.text) referenced from startup_stm32l1xx_md.o(RESET)
 <LI><a href="#[2c]">TIM9_IRQHandler</a> from startup_stm32l1xx_md.o(.text) referenced from startup_stm32l1xx_md.o(RESET)
 <LI><a href="#[38]">USART1_IRQHandler</a> from nb_at.o(.text) referenced from startup_stm32l1xx_md.o(RESET)
 <LI><a href="#[39]">USART2_IRQHandler</a> from startup_stm32l1xx_md.o(.text) referenced from startup_stm32l1xx_md.o(RESET)
 <LI><a href="#[3a]">USART3_IRQHandler</a> from startup_stm32l1xx_md.o(.text) referenced from startup_stm32l1xx_md.o(RESET)
 <LI><a href="#[3d]">USB_FS_WKUP_IRQHandler</a> from startup_stm32l1xx_md.o(.text) referenced from startup_stm32l1xx_md.o(RESET)
 <LI><a href="#[26]">USB_HP_IRQHandler</a> from startup_stm32l1xx_md.o(.text) referenced from startup_stm32l1xx_md.o(RESET)
 <LI><a href="#[27]">USB_LP_IRQHandler</a> from startup_stm32l1xx_md.o(.text) referenced from startup_stm32l1xx_md.o(RESET)
 <LI><a href="#[e]">UsageFault_Handler</a> from stm32l1xx_it.o(.text) referenced from startup_stm32l1xx_md.o(RESET)
 <LI><a href="#[13]">WWDG_IRQHandler</a> from startup_stm32l1xx_md.o(.text) referenced from startup_stm32l1xx_md.o(RESET)
 <LI><a href="#[42]">__main</a> from entry.o(.ARM.Collect$$$$00000000) referenced from startup_stm32l1xx_md.o(.text)
 <LI><a href="#[2]">_sht10_data_pin_get</a> from temp.o(.text) referenced 2 times from temp.o(.data)
 <LI><a href="#[0]">_sht10_data_pin_set</a> from temp.o(.text) referenced 2 times from temp.o(.data)
 <LI><a href="#[4]">_sht10_data_pin_set_in</a> from temp.o(.text) referenced 2 times from temp.o(.data)
 <LI><a href="#[3]">_sht10_data_pin_set_out</a> from temp.o(.text) referenced 2 times from temp.o(.data)
 <LI><a href="#[1]">_sht10_sck_pin_set</a> from temp.o(.text) referenced 2 times from temp.o(.data)
 <LI><a href="#[43]">_sputc</a> from printf6.o(i._sputc) referenced from printf6.o(i.__0sprintf$6)
 <LI><a href="#[7]">_temp_sht10_init</a> from temp.o(.text) referenced 2 times from temp.o(.data)
 <LI><a href="#[8]">_temp_sht10_read</a> from temp.o(.text) referenced 2 times from temp.o(.data)
 <LI><a href="#[5]">delay_ms</a> from delay.o(.text) referenced 2 times from temp.o(.data)
 <LI><a href="#[6]">delay_us</a> from delay.o(.text) referenced 2 times from temp.o(.data)
 <LI><a href="#[40]">main</a> from main.o(.text) referenced from entry9a.o(.ARM.Collect$$$$0000000B)
 <LI><a href="#[44]">urc_connect_func</a> from nb_process.o(.text) referenced from nb_process.o(.constdata)
 <LI><a href="#[45]">urc_recvdata_func</a> from nb_process.o(.text) referenced from nb_process.o(.constdata)
</UL>
<P>
<H3>
Global Symbols
</H3>
<P><STRONG><a name="[42]"></a>__main</STRONG> (Thumb, 0 bytes, Stack size unknown bytes, entry.o(.ARM.Collect$$$$00000000))
<BR>[Address Reference Count : 1]<UL><LI> startup_stm32l1xx_md.o(.text)
</UL>
<P><STRONG><a name="[1c3]"></a>_main_stk</STRONG> (Thumb, 0 bytes, Stack size unknown bytes, entry2.o(.ARM.Collect$$$$00000001))

<P><STRONG><a name="[46]"></a>_main_scatterload</STRONG> (Thumb, 0 bytes, Stack size unknown bytes, entry5.o(.ARM.Collect$$$$00000004))
<BR><BR>[Calls]<UL><LI><a href="#[47]">&gt;&gt;</a>&nbsp;&nbsp;&nbsp;__scatterload
</UL>

<P><STRONG><a name="[1bd]"></a>__main_after_scatterload</STRONG> (Thumb, 0 bytes, Stack size unknown bytes, entry5.o(.ARM.Collect$$$$00000004))
<BR><BR>[Called By]<UL><LI><a href="#[47]">&gt;&gt;</a>&nbsp;&nbsp;&nbsp;__scatterload
</UL>

<P><STRONG><a name="[1c4]"></a>_main_clock</STRONG> (Thumb, 0 bytes, Stack size unknown bytes, entry7b.o(.ARM.Collect$$$$00000008))

<P><STRONG><a name="[1c5]"></a>_main_cpp_init</STRONG> (Thumb, 0 bytes, Stack size unknown bytes, entry8b.o(.ARM.Collect$$$$0000000A))

<P><STRONG><a name="[1c6]"></a>_main_init</STRONG> (Thumb, 0 bytes, Stack size unknown bytes, entry9a.o(.ARM.Collect$$$$0000000B))

<P><STRONG><a name="[1c7]"></a>__rt_final_cpp</STRONG> (Thumb, 0 bytes, Stack size unknown bytes, entry10a.o(.ARM.Collect$$$$0000000D))

<P><STRONG><a name="[1c8]"></a>__rt_final_exit</STRONG> (Thumb, 0 bytes, Stack size unknown bytes, entry11a.o(.ARM.Collect$$$$0000000F))

<P><STRONG><a name="[9]"></a>Reset_Handler</STRONG> (Thumb, 8 bytes, Stack size 0 bytes, startup_stm32l1xx_md.o(.text))
<BR>[Address Reference Count : 1]<UL><LI> startup_stm32l1xx_md.o(RESET)
</UL>
<P><STRONG><a name="[25]"></a>ADC1_IRQHandler</STRONG> (Thumb, 0 bytes, Stack size 0 bytes, startup_stm32l1xx_md.o(.text))
<BR><BR>[Calls]<UL><LI><a href="#[25]">&gt;&gt;</a>&nbsp;&nbsp;&nbsp;ADC1_IRQHandler
</UL>
<BR>[Called By]<UL><LI><a href="#[25]">&gt;&gt;</a>&nbsp;&nbsp;&nbsp;ADC1_IRQHandler
</UL>
<BR>[Address Reference Count : 1]<UL><LI> startup_stm32l1xx_md.o(RESET)
</UL>
<P><STRONG><a name="[29]"></a>COMP_IRQHandler</STRONG> (Thumb, 0 bytes, Stack size 0 bytes, startup_stm32l1xx_md.o(.text))
<BR>[Address Reference Count : 1]<UL><LI> startup_stm32l1xx_md.o(RESET)
</UL>
<P><STRONG><a name="[28]"></a>DAC_IRQHandler</STRONG> (Thumb, 0 bytes, Stack size 0 bytes, startup_stm32l1xx_md.o(.text))
<BR>[Address Reference Count : 1]<UL><LI> startup_stm32l1xx_md.o(RESET)
</UL>
<P><STRONG><a name="[1e]"></a>DMA1_Channel1_IRQHandler</STRONG> (Thumb, 0 bytes, Stack size 0 bytes, startup_stm32l1xx_md.o(.text))
<BR>[Address Reference Count : 1]<UL><LI> startup_stm32l1xx_md.o(RESET)
</UL>
<P><STRONG><a name="[1f]"></a>DMA1_Channel2_IRQHandler</STRONG> (Thumb, 0 bytes, Stack size 0 bytes, startup_stm32l1xx_md.o(.text))
<BR>[Address Reference Count : 1]<UL><LI> startup_stm32l1xx_md.o(RESET)
</UL>
<P><STRONG><a name="[20]"></a>DMA1_Channel3_IRQHandler</STRONG> (Thumb, 0 bytes, Stack size 0 bytes, startup_stm32l1xx_md.o(.text))
<BR>[Address Reference Count : 1]<UL><LI> startup_stm32l1xx_md.o(RESET)
</UL>
<P><STRONG><a name="[21]"></a>DMA1_Channel4_IRQHandler</STRONG> (Thumb, 0 bytes, Stack size 0 bytes, startup_stm32l1xx_md.o(.text))
<BR>[Address Reference Count : 1]<UL><LI> startup_stm32l1xx_md.o(RESET)
</UL>
<P><STRONG><a name="[22]"></a>DMA1_Channel5_IRQHandler</STRONG> (Thumb, 0 bytes, Stack size 0 bytes, startup_stm32l1xx_md.o(.text))
<BR>[Address Reference Count : 1]<UL><LI> startup_stm32l1xx_md.o(RESET)
</UL>
<P><STRONG><a name="[23]"></a>DMA1_Channel6_IRQHandler</STRONG> (Thumb, 0 bytes, Stack size 0 bytes, startup_stm32l1xx_md.o(.text))
<BR>[Address Reference Count : 1]<UL><LI> startup_stm32l1xx_md.o(RESET)
</UL>
<P><STRONG><a name="[24]"></a>DMA1_Channel7_IRQHandler</STRONG> (Thumb, 0 bytes, Stack size 0 bytes, startup_stm32l1xx_md.o(.text))
<BR>[Address Reference Count : 1]<UL><LI> startup_stm32l1xx_md.o(RESET)
</UL>
<P><STRONG><a name="[19]"></a>EXTI0_IRQHandler</STRONG> (Thumb, 0 bytes, Stack size 0 bytes, startup_stm32l1xx_md.o(.text))
<BR>[Address Reference Count : 1]<UL><LI> startup_stm32l1xx_md.o(RESET)
</UL>
<P><STRONG><a name="[3b]"></a>EXTI15_10_IRQHandler</STRONG> (Thumb, 0 bytes, Stack size 0 bytes, startup_stm32l1xx_md.o(.text))
<BR>[Address Reference Count : 1]<UL><LI> startup_stm32l1xx_md.o(RESET)
</UL>
<P><STRONG><a name="[1a]"></a>EXTI1_IRQHandler</STRONG> (Thumb, 0 bytes, Stack size 0 bytes, startup_stm32l1xx_md.o(.text))
<BR>[Address Reference Count : 1]<UL><LI> startup_stm32l1xx_md.o(RESET)
</UL>
<P><STRONG><a name="[1b]"></a>EXTI2_IRQHandler</STRONG> (Thumb, 0 bytes, Stack size 0 bytes, startup_stm32l1xx_md.o(.text))
<BR>[Address Reference Count : 1]<UL><LI> startup_stm32l1xx_md.o(RESET)
</UL>
<P><STRONG><a name="[1c]"></a>EXTI3_IRQHandler</STRONG> (Thumb, 0 bytes, Stack size 0 bytes, startup_stm32l1xx_md.o(.text))
<BR>[Address Reference Count : 1]<UL><LI> startup_stm32l1xx_md.o(RESET)
</UL>
<P><STRONG><a name="[2a]"></a>EXTI9_5_IRQHandler</STRONG> (Thumb, 0 bytes, Stack size 0 bytes, startup_stm32l1xx_md.o(.text))
<BR>[Address Reference Count : 1]<UL><LI> startup_stm32l1xx_md.o(RESET)
</UL>
<P><STRONG><a name="[17]"></a>FLASH_IRQHandler</STRONG> (Thumb, 0 bytes, Stack size 0 bytes, startup_stm32l1xx_md.o(.text))
<BR>[Address Reference Count : 1]<UL><LI> startup_stm32l1xx_md.o(RESET)
</UL>
<P><STRONG><a name="[33]"></a>I2C1_ER_IRQHandler</STRONG> (Thumb, 0 bytes, Stack size 0 bytes, startup_stm32l1xx_md.o(.text))
<BR>[Address Reference Count : 1]<UL><LI> startup_stm32l1xx_md.o(RESET)
</UL>
<P><STRONG><a name="[32]"></a>I2C1_EV_IRQHandler</STRONG> (Thumb, 0 bytes, Stack size 0 bytes, startup_stm32l1xx_md.o(.text))
<BR>[Address Reference Count : 1]<UL><LI> startup_stm32l1xx_md.o(RESET)
</UL>
<P><STRONG><a name="[35]"></a>I2C2_ER_IRQHandler</STRONG> (Thumb, 0 bytes, Stack size 0 bytes, startup_stm32l1xx_md.o(.text))
<BR>[Address Reference Count : 1]<UL><LI> startup_stm32l1xx_md.o(RESET)
</UL>
<P><STRONG><a name="[34]"></a>I2C2_EV_IRQHandler</STRONG> (Thumb, 0 bytes, Stack size 0 bytes, startup_stm32l1xx_md.o(.text))
<BR>[Address Reference Count : 1]<UL><LI> startup_stm32l1xx_md.o(RESET)
</UL>
<P><STRONG><a name="[2b]"></a>LCD_IRQHandler</STRONG> (Thumb, 0 bytes, Stack size 0 bytes, startup_stm32l1xx_md.o(.text))
<BR>[Address Reference Count : 1]<UL><LI> startup_stm32l1xx_md.o(RESET)
</UL>
<P><STRONG><a name="[14]"></a>PVD_IRQHandler</STRONG> (Thumb, 0 bytes, Stack size 0 bytes, startup_stm32l1xx_md.o(.text))
<BR>[Address Reference Count : 1]<UL><LI> startup_stm32l1xx_md.o(RESET)
</UL>
<P><STRONG><a name="[18]"></a>RCC_IRQHandler</STRONG> (Thumb, 0 bytes, Stack size 0 bytes, startup_stm32l1xx_md.o(.text))
<BR>[Address Reference Count : 1]<UL><LI> startup_stm32l1xx_md.o(RESET)
</UL>
<P><STRONG><a name="[16]"></a>RTC_WKUP_IRQHandler</STRONG> (Thumb, 0 bytes, Stack size 0 bytes, startup_stm32l1xx_md.o(.text))
<BR>[Address Reference Count : 1]<UL><LI> startup_stm32l1xx_md.o(RESET)
</UL>
<P><STRONG><a name="[36]"></a>SPI1_IRQHandler</STRONG> (Thumb, 0 bytes, Stack size 0 bytes, startup_stm32l1xx_md.o(.text))
<BR>[Address Reference Count : 1]<UL><LI> startup_stm32l1xx_md.o(RESET)
</UL>
<P><STRONG><a name="[37]"></a>SPI2_IRQHandler</STRONG> (Thumb, 0 bytes, Stack size 0 bytes, startup_stm32l1xx_md.o(.text))
<BR>[Address Reference Count : 1]<UL><LI> startup_stm32l1xx_md.o(RESET)
</UL>
<P><STRONG><a name="[15]"></a>TAMPER_STAMP_IRQHandler</STRONG> (Thumb, 0 bytes, Stack size 0 bytes, startup_stm32l1xx_md.o(.text))
<BR>[Address Reference Count : 1]<UL><LI> startup_stm32l1xx_md.o(RESET)
</UL>
<P><STRONG><a name="[2e]"></a>TIM11_IRQHandler</STRONG> (Thumb, 0 bytes, Stack size 0 bytes, startup_stm32l1xx_md.o(.text))
<BR>[Address Reference Count : 1]<UL><LI> startup_stm32l1xx_md.o(RESET)
</UL>
<P><STRONG><a name="[3e]"></a>TIM6_IRQHandler</STRONG> (Thumb, 0 bytes, Stack size 0 bytes, startup_stm32l1xx_md.o(.text))
<BR>[Address Reference Count : 1]<UL><LI> startup_stm32l1xx_md.o(RESET)
</UL>
<P><STRONG><a name="[3f]"></a>TIM7_IRQHandler</STRONG> (Thumb, 0 bytes, Stack size 0 bytes, startup_stm32l1xx_md.o(.text))
<BR>[Address Reference Count : 1]<UL><LI> startup_stm32l1xx_md.o(RESET)
</UL>
<P><STRONG><a name="[2c]"></a>TIM9_IRQHandler</STRONG> (Thumb, 0 bytes, Stack size 0 bytes, startup_stm32l1xx_md.o(.text))
<BR>[Address Reference Count : 1]<UL><LI> startup_stm32l1xx_md.o(RESET)
</UL>
<P><STRONG><a name="[39]"></a>USART2_IRQHandler</STRONG> (Thumb, 0 bytes, Stack size 0 bytes, startup_stm32l1xx_md.o(.text))
<BR>[Address Reference Count : 1]<UL><LI> startup_stm32l1xx_md.o(RESET)
</UL>
<P><STRONG><a name="[3a]"></a>USART3_IRQHandler</STRONG> (Thumb, 0 bytes, Stack size 0 bytes, startup_stm32l1xx_md.o(.text))
<BR>[Address Reference Count : 1]<UL><LI> startup_stm32l1xx_md.o(RESET)
</UL>
<P><STRONG><a name="[3d]"></a>USB_FS_WKUP_IRQHandler</STRONG> (Thumb, 0 bytes, Stack size 0 bytes, startup_stm32l1xx_md.o(.text))
<BR>[Address Reference Count : 1]<UL><LI> startup_stm32l1xx_md.o(RESET)
</UL>
<P><STRONG><a name="[26]"></a>USB_HP_IRQHandler</STRONG> (Thumb, 0 bytes, Stack size 0 bytes, startup_stm32l1xx_md.o(.text))
<BR>[Address Reference Count : 1]<UL><LI> startup_stm32l1xx_md.o(RESET)
</UL>
<P><STRONG><a name="[27]"></a>USB_LP_IRQHandler</STRONG> (Thumb, 0 bytes, Stack size 0 bytes, startup_stm32l1xx_md.o(.text))
<BR>[Address Reference Count : 1]<UL><LI> startup_stm32l1xx_md.o(RESET)
</UL>
<P><STRONG><a name="[13]"></a>WWDG_IRQHandler</STRONG> (Thumb, 0 bytes, Stack size 0 bytes, startup_stm32l1xx_md.o(.text))
<BR>[Address Reference Count : 1]<UL><LI> startup_stm32l1xx_md.o(RESET)
</UL>
<P><STRONG><a name="[112]"></a>NVIC_PriorityGroupConfig</STRONG> (Thumb, 10 bytes, Stack size 0 bytes, misc.o(.text))
<BR><BR>[Called By]<UL><LI><a href="#[12c]">&gt;&gt;</a>&nbsp;&nbsp;&nbsp;TIM4_init
<LI><a href="#[e4]">&gt;&gt;</a>&nbsp;&nbsp;&nbsp;TIM2_Init
<LI><a href="#[e2]">&gt;&gt;</a>&nbsp;&nbsp;&nbsp;TIM10_Init
<LI><a href="#[a4]">&gt;&gt;</a>&nbsp;&nbsp;&nbsp;Wireless_Key_Init
<LI><a href="#[150]">&gt;&gt;</a>&nbsp;&nbsp;&nbsp;TIM3_init
</UL>

<P><STRONG><a name="[b9]"></a>NVIC_Init</STRONG> (Thumb, 106 bytes, Stack size 16 bytes, misc.o(.text))
<BR><BR>[Stack]<UL><LI>Max Depth = 16<LI>Call Chain = NVIC_Init
</UL>
<BR>[Called By]<UL><LI><a href="#[12c]">&gt;&gt;</a>&nbsp;&nbsp;&nbsp;TIM4_init
<LI><a href="#[e4]">&gt;&gt;</a>&nbsp;&nbsp;&nbsp;TIM2_Init
<LI><a href="#[e2]">&gt;&gt;</a>&nbsp;&nbsp;&nbsp;TIM10_Init
<LI><a href="#[a4]">&gt;&gt;</a>&nbsp;&nbsp;&nbsp;Wireless_Key_Init
<LI><a href="#[97]">&gt;&gt;</a>&nbsp;&nbsp;&nbsp;USART1_Configuration
<LI><a href="#[93]">&gt;&gt;</a>&nbsp;&nbsp;&nbsp;RTC_Configuration
<LI><a href="#[150]">&gt;&gt;</a>&nbsp;&nbsp;&nbsp;TIM3_init
</UL>

<P><STRONG><a name="[1c9]"></a>NVIC_SetVectorTable</STRONG> (Thumb, 14 bytes, Stack size 0 bytes, misc.o(.text), UNUSED)

<P><STRONG><a name="[1ca]"></a>NVIC_SystemLPConfig</STRONG> (Thumb, 34 bytes, Stack size 0 bytes, misc.o(.text), UNUSED)

<P><STRONG><a name="[1cb]"></a>SysTick_CLKSourceConfig</STRONG> (Thumb, 40 bytes, Stack size 0 bytes, misc.o(.text), UNUSED)

<P><STRONG><a name="[48]"></a>ADC_DeInit</STRONG> (Thumb, 28 bytes, Stack size 8 bytes, stm32l1xx_adc.o(.text))
<BR><BR>[Stack]<UL><LI>Max Depth = 8<LI>Call Chain = ADC_DeInit
</UL>
<BR>[Calls]<UL><LI><a href="#[49]">&gt;&gt;</a>&nbsp;&nbsp;&nbsp;RCC_APB2PeriphResetCmd
</UL>
<BR>[Called By]<UL><LI><a href="#[9d]">&gt;&gt;</a>&nbsp;&nbsp;&nbsp;Adc_Init
</UL>

<P><STRONG><a name="[ee]"></a>ADC_Init</STRONG> (Thumb, 74 bytes, Stack size 12 bytes, stm32l1xx_adc.o(.text))
<BR><BR>[Stack]<UL><LI>Max Depth = 12<LI>Call Chain = ADC_Init
</UL>
<BR>[Called By]<UL><LI><a href="#[9d]">&gt;&gt;</a>&nbsp;&nbsp;&nbsp;Adc_Init
</UL>

<P><STRONG><a name="[1cc]"></a>ADC_StructInit</STRONG> (Thumb, 26 bytes, Stack size 0 bytes, stm32l1xx_adc.o(.text), UNUSED)

<P><STRONG><a name="[1cd]"></a>ADC_CommonInit</STRONG> (Thumb, 22 bytes, Stack size 0 bytes, stm32l1xx_adc.o(.text), UNUSED)

<P><STRONG><a name="[1ce]"></a>ADC_CommonStructInit</STRONG> (Thumb, 6 bytes, Stack size 0 bytes, stm32l1xx_adc.o(.text), UNUSED)

<P><STRONG><a name="[f1]"></a>ADC_Cmd</STRONG> (Thumb, 22 bytes, Stack size 0 bytes, stm32l1xx_adc.o(.text))
<BR><BR>[Called By]<UL><LI><a href="#[9d]">&gt;&gt;</a>&nbsp;&nbsp;&nbsp;Adc_Init
</UL>

<P><STRONG><a name="[1cf]"></a>ADC_BankSelection</STRONG> (Thumb, 22 bytes, Stack size 0 bytes, stm32l1xx_adc.o(.text), UNUSED)

<P><STRONG><a name="[1d0]"></a>ADC_PowerDownCmd</STRONG> (Thumb, 18 bytes, Stack size 0 bytes, stm32l1xx_adc.o(.text), UNUSED)

<P><STRONG><a name="[1d1]"></a>ADC_DelaySelectionConfig</STRONG> (Thumb, 16 bytes, Stack size 0 bytes, stm32l1xx_adc.o(.text), UNUSED)

<P><STRONG><a name="[1d2]"></a>ADC_AnalogWatchdogCmd</STRONG> (Thumb, 16 bytes, Stack size 0 bytes, stm32l1xx_adc.o(.text), UNUSED)

<P><STRONG><a name="[1d3]"></a>ADC_AnalogWatchdogThresholdsConfig</STRONG> (Thumb, 6 bytes, Stack size 0 bytes, stm32l1xx_adc.o(.text), UNUSED)

<P><STRONG><a name="[1d4]"></a>ADC_AnalogWatchdogSingleChannelConfig</STRONG> (Thumb, 16 bytes, Stack size 0 bytes, stm32l1xx_adc.o(.text), UNUSED)

<P><STRONG><a name="[1d5]"></a>ADC_TempSensorVrefintCmd</STRONG> (Thumb, 30 bytes, Stack size 0 bytes, stm32l1xx_adc.o(.text), UNUSED)

<P><STRONG><a name="[eb]"></a>ADC_RegularChannelConfig</STRONG> (Thumb, 344 bytes, Stack size 20 bytes, stm32l1xx_adc.o(.text))
<BR><BR>[Stack]<UL><LI>Max Depth = 20<LI>Call Chain = ADC_RegularChannelConfig
</UL>
<BR>[Called By]<UL><LI><a href="#[e8]">&gt;&gt;</a>&nbsp;&nbsp;&nbsp;DMA_init
</UL>

<P><STRONG><a name="[f2]"></a>ADC_SoftwareStartConv</STRONG> (Thumb, 10 bytes, Stack size 0 bytes, stm32l1xx_adc.o(.text))
<BR><BR>[Called By]<UL><LI><a href="#[9d]">&gt;&gt;</a>&nbsp;&nbsp;&nbsp;Adc_Init
</UL>

<P><STRONG><a name="[1d6]"></a>ADC_GetSoftwareStartConvStatus</STRONG> (Thumb, 20 bytes, Stack size 0 bytes, stm32l1xx_adc.o(.text), UNUSED)

<P><STRONG><a name="[1d7]"></a>ADC_EOCOnEachRegularChannelCmd</STRONG> (Thumb, 22 bytes, Stack size 0 bytes, stm32l1xx_adc.o(.text), UNUSED)

<P><STRONG><a name="[1d8]"></a>ADC_ContinuousModeCmd</STRONG> (Thumb, 22 bytes, Stack size 0 bytes, stm32l1xx_adc.o(.text), UNUSED)

<P><STRONG><a name="[1d9]"></a>ADC_DiscModeChannelCountConfig</STRONG> (Thumb, 24 bytes, Stack size 8 bytes, stm32l1xx_adc.o(.text), UNUSED)

<P><STRONG><a name="[1da]"></a>ADC_DiscModeCmd</STRONG> (Thumb, 22 bytes, Stack size 0 bytes, stm32l1xx_adc.o(.text), UNUSED)

<P><STRONG><a name="[1db]"></a>ADC_GetConversionValue</STRONG> (Thumb, 8 bytes, Stack size 0 bytes, stm32l1xx_adc.o(.text), UNUSED)

<P><STRONG><a name="[f0]"></a>ADC_DMACmd</STRONG> (Thumb, 22 bytes, Stack size 0 bytes, stm32l1xx_adc.o(.text))
<BR><BR>[Called By]<UL><LI><a href="#[9d]">&gt;&gt;</a>&nbsp;&nbsp;&nbsp;Adc_Init
</UL>

<P><STRONG><a name="[ef]"></a>ADC_DMARequestAfterLastTransferCmd</STRONG> (Thumb, 22 bytes, Stack size 0 bytes, stm32l1xx_adc.o(.text))
<BR><BR>[Called By]<UL><LI><a href="#[9d]">&gt;&gt;</a>&nbsp;&nbsp;&nbsp;Adc_Init
</UL>

<P><STRONG><a name="[1dc]"></a>ADC_InjectedChannelConfig</STRONG> (Thumb, 232 bytes, Stack size 20 bytes, stm32l1xx_adc.o(.text), UNUSED)

<P><STRONG><a name="[1dd]"></a>ADC_InjectedSequencerLengthConfig</STRONG> (Thumb, 24 bytes, Stack size 8 bytes, stm32l1xx_adc.o(.text), UNUSED)

<P><STRONG><a name="[1de]"></a>ADC_SetInjectedOffset</STRONG> (Thumb, 20 bytes, Stack size 8 bytes, stm32l1xx_adc.o(.text), UNUSED)

<P><STRONG><a name="[1df]"></a>ADC_ExternalTrigInjectedConvConfig</STRONG> (Thumb, 16 bytes, Stack size 0 bytes, stm32l1xx_adc.o(.text), UNUSED)

<P><STRONG><a name="[1e0]"></a>ADC_ExternalTrigInjectedConvEdgeConfig</STRONG> (Thumb, 16 bytes, Stack size 0 bytes, stm32l1xx_adc.o(.text), UNUSED)

<P><STRONG><a name="[1e1]"></a>ADC_SoftwareStartInjectedConv</STRONG> (Thumb, 10 bytes, Stack size 0 bytes, stm32l1xx_adc.o(.text), UNUSED)

<P><STRONG><a name="[1e2]"></a>ADC_GetSoftwareStartInjectedConvCmdStatus</STRONG> (Thumb, 20 bytes, Stack size 0 bytes, stm32l1xx_adc.o(.text), UNUSED)

<P><STRONG><a name="[1e3]"></a>ADC_AutoInjectedConvCmd</STRONG> (Thumb, 22 bytes, Stack size 0 bytes, stm32l1xx_adc.o(.text), UNUSED)

<P><STRONG><a name="[1e4]"></a>ADC_InjectedDiscModeCmd</STRONG> (Thumb, 22 bytes, Stack size 0 bytes, stm32l1xx_adc.o(.text), UNUSED)

<P><STRONG><a name="[1e5]"></a>ADC_GetInjectedConversionValue</STRONG> (Thumb, 28 bytes, Stack size 8 bytes, stm32l1xx_adc.o(.text), UNUSED)

<P><STRONG><a name="[1e6]"></a>ADC_ITConfig</STRONG> (Thumb, 32 bytes, Stack size 8 bytes, stm32l1xx_adc.o(.text), UNUSED)

<P><STRONG><a name="[f3]"></a>ADC_GetFlagStatus</STRONG> (Thumb, 18 bytes, Stack size 0 bytes, stm32l1xx_adc.o(.text))
<BR><BR>[Called By]<UL><LI><a href="#[9d]">&gt;&gt;</a>&nbsp;&nbsp;&nbsp;Adc_Init
</UL>

<P><STRONG><a name="[1e7]"></a>ADC_ClearFlag</STRONG> (Thumb, 6 bytes, Stack size 0 bytes, stm32l1xx_adc.o(.text), UNUSED)

<P><STRONG><a name="[1e8]"></a>ADC_GetITStatus</STRONG> (Thumb, 38 bytes, Stack size 16 bytes, stm32l1xx_adc.o(.text), UNUSED)

<P><STRONG><a name="[1e9]"></a>ADC_ClearITPendingBit</STRONG> (Thumb, 10 bytes, Stack size 0 bytes, stm32l1xx_adc.o(.text), UNUSED)

<P><STRONG><a name="[e9]"></a>DMA_DeInit</STRONG> (Thumb, 324 bytes, Stack size 0 bytes, stm32l1xx_dma.o(.text))
<BR><BR>[Called By]<UL><LI><a href="#[e8]">&gt;&gt;</a>&nbsp;&nbsp;&nbsp;DMA_init
</UL>

<P><STRONG><a name="[ea]"></a>DMA_Init</STRONG> (Thumb, 60 bytes, Stack size 8 bytes, stm32l1xx_dma.o(.text))
<BR><BR>[Stack]<UL><LI>Max Depth = 8<LI>Call Chain = DMA_Init
</UL>
<BR>[Called By]<UL><LI><a href="#[e8]">&gt;&gt;</a>&nbsp;&nbsp;&nbsp;DMA_init
</UL>

<P><STRONG><a name="[1ea]"></a>DMA_StructInit</STRONG> (Thumb, 26 bytes, Stack size 0 bytes, stm32l1xx_dma.o(.text), UNUSED)

<P><STRONG><a name="[ec]"></a>DMA_Cmd</STRONG> (Thumb, 24 bytes, Stack size 0 bytes, stm32l1xx_dma.o(.text))
<BR><BR>[Called By]<UL><LI><a href="#[e8]">&gt;&gt;</a>&nbsp;&nbsp;&nbsp;DMA_init
</UL>

<P><STRONG><a name="[1eb]"></a>DMA_SetCurrDataCounter</STRONG> (Thumb, 4 bytes, Stack size 0 bytes, stm32l1xx_dma.o(.text), UNUSED)

<P><STRONG><a name="[1ec]"></a>DMA_GetCurrDataCounter</STRONG> (Thumb, 8 bytes, Stack size 0 bytes, stm32l1xx_dma.o(.text), UNUSED)

<P><STRONG><a name="[1ed]"></a>DMA_ITConfig</STRONG> (Thumb, 18 bytes, Stack size 0 bytes, stm32l1xx_dma.o(.text), UNUSED)

<P><STRONG><a name="[1ee]"></a>DMA_GetFlagStatus</STRONG> (Thumb, 40 bytes, Stack size 0 bytes, stm32l1xx_dma.o(.text), UNUSED)

<P><STRONG><a name="[1ef]"></a>DMA_ClearFlag</STRONG> (Thumb, 22 bytes, Stack size 0 bytes, stm32l1xx_dma.o(.text), UNUSED)

<P><STRONG><a name="[1f0]"></a>DMA_GetITStatus</STRONG> (Thumb, 40 bytes, Stack size 0 bytes, stm32l1xx_dma.o(.text), UNUSED)

<P><STRONG><a name="[1f1]"></a>DMA_ClearITPendingBit</STRONG> (Thumb, 22 bytes, Stack size 0 bytes, stm32l1xx_dma.o(.text), UNUSED)

<P><STRONG><a name="[1f2]"></a>EXTI_DeInit</STRONG> (Thumb, 30 bytes, Stack size 0 bytes, stm32l1xx_exti.o(.text), UNUSED)

<P><STRONG><a name="[da]"></a>EXTI_Init</STRONG> (Thumb, 142 bytes, Stack size 0 bytes, stm32l1xx_exti.o(.text))
<BR><BR>[Called By]<UL><LI><a href="#[a4]">&gt;&gt;</a>&nbsp;&nbsp;&nbsp;Wireless_Key_Init
<LI><a href="#[93]">&gt;&gt;</a>&nbsp;&nbsp;&nbsp;RTC_Configuration
</UL>

<P><STRONG><a name="[1f3]"></a>EXTI_StructInit</STRONG> (Thumb, 16 bytes, Stack size 0 bytes, stm32l1xx_exti.o(.text), UNUSED)

<P><STRONG><a name="[1f4]"></a>EXTI_GenerateSWInterrupt</STRONG> (Thumb, 16 bytes, Stack size 0 bytes, stm32l1xx_exti.o(.text), UNUSED)

<P><STRONG><a name="[1f5]"></a>EXTI_GetFlagStatus</STRONG> (Thumb, 22 bytes, Stack size 0 bytes, stm32l1xx_exti.o(.text), UNUSED)

<P><STRONG><a name="[1f6]"></a>EXTI_ClearFlag</STRONG> (Thumb, 8 bytes, Stack size 0 bytes, stm32l1xx_exti.o(.text), UNUSED)

<P><STRONG><a name="[156]"></a>EXTI_GetITStatus</STRONG> (Thumb, 34 bytes, Stack size 0 bytes, stm32l1xx_exti.o(.text))
<BR><BR>[Called By]<UL><LI><a href="#[1d]">&gt;&gt;</a>&nbsp;&nbsp;&nbsp;EXTI4_IRQHandler
</UL>

<P><STRONG><a name="[de]"></a>EXTI_ClearITPendingBit</STRONG> (Thumb, 8 bytes, Stack size 0 bytes, stm32l1xx_exti.o(.text))
<BR><BR>[Called By]<UL><LI><a href="#[3c]">&gt;&gt;</a>&nbsp;&nbsp;&nbsp;RTC_Alarm_IRQHandler
<LI><a href="#[db]">&gt;&gt;</a>&nbsp;&nbsp;&nbsp;RTC_Alarm_Configuration
<LI><a href="#[1d]">&gt;&gt;</a>&nbsp;&nbsp;&nbsp;EXTI4_IRQHandler
</UL>

<P><STRONG><a name="[1f7]"></a>FLASH_SetLatency</STRONG> (Thumb, 18 bytes, Stack size 0 bytes, stm32l1xx_flash.o(.text), UNUSED)

<P><STRONG><a name="[1f8]"></a>FLASH_PrefetchBufferCmd</STRONG> (Thumb, 30 bytes, Stack size 0 bytes, stm32l1xx_flash.o(.text), UNUSED)

<P><STRONG><a name="[1f9]"></a>FLASH_ReadAccess64Cmd</STRONG> (Thumb, 30 bytes, Stack size 0 bytes, stm32l1xx_flash.o(.text), UNUSED)

<P><STRONG><a name="[1fa]"></a>FLASH_SLEEPPowerDownCmd</STRONG> (Thumb, 30 bytes, Stack size 0 bytes, stm32l1xx_flash.o(.text), UNUSED)

<P><STRONG><a name="[4b]"></a>DATA_EEPROM_Unlock</STRONG> (Thumb, 26 bytes, Stack size 0 bytes, stm32l1xx_flash.o(.text))
<BR><BR>[Called By]<UL><LI><a href="#[59]">&gt;&gt;</a>&nbsp;&nbsp;&nbsp;FLASH_OB_Unlock
<LI><a href="#[4a]">&gt;&gt;</a>&nbsp;&nbsp;&nbsp;FLASH_Unlock
<LI><a href="#[d2]">&gt;&gt;</a>&nbsp;&nbsp;&nbsp;STMFLASH_Write
</UL>

<P><STRONG><a name="[4a]"></a>FLASH_Unlock</STRONG> (Thumb, 32 bytes, Stack size 4 bytes, stm32l1xx_flash.o(.text), UNUSED)
<BR><BR>[Calls]<UL><LI><a href="#[4b]">&gt;&gt;</a>&nbsp;&nbsp;&nbsp;DATA_EEPROM_Unlock
</UL>

<P><STRONG><a name="[1fb]"></a>FLASH_Lock</STRONG> (Thumb, 18 bytes, Stack size 0 bytes, stm32l1xx_flash.o(.text), UNUSED)

<P><STRONG><a name="[4d]"></a>FLASH_GetStatus</STRONG> (Thumb, 54 bytes, Stack size 0 bytes, stm32l1xx_flash.o(.text))
<BR><BR>[Called By]<UL><LI><a href="#[4c]">&gt;&gt;</a>&nbsp;&nbsp;&nbsp;FLASH_WaitForLastOperation
</UL>

<P><STRONG><a name="[4c]"></a>FLASH_WaitForLastOperation</STRONG> (Thumb, 48 bytes, Stack size 8 bytes, stm32l1xx_flash.o(.text))
<BR><BR>[Stack]<UL><LI>Max Depth = 8<LI>Call Chain = FLASH_WaitForLastOperation
</UL>
<BR>[Calls]<UL><LI><a href="#[4d]">&gt;&gt;</a>&nbsp;&nbsp;&nbsp;FLASH_GetStatus
</UL>
<BR>[Called By]<UL><LI><a href="#[60]">&gt;&gt;</a>&nbsp;&nbsp;&nbsp;FLASH_OB_BootConfig
<LI><a href="#[5f]">&gt;&gt;</a>&nbsp;&nbsp;&nbsp;FLASH_OB_BORConfig
<LI><a href="#[5e]">&gt;&gt;</a>&nbsp;&nbsp;&nbsp;FLASH_OB_UserConfig
<LI><a href="#[5d]">&gt;&gt;</a>&nbsp;&nbsp;&nbsp;FLASH_OB_RDPConfig
<LI><a href="#[5c]">&gt;&gt;</a>&nbsp;&nbsp;&nbsp;FLASH_OB_WRP2Config
<LI><a href="#[5b]">&gt;&gt;</a>&nbsp;&nbsp;&nbsp;FLASH_OB_WRP1Config
<LI><a href="#[5a]">&gt;&gt;</a>&nbsp;&nbsp;&nbsp;FLASH_OB_WRPConfig
<LI><a href="#[58]">&gt;&gt;</a>&nbsp;&nbsp;&nbsp;DATA_EEPROM_ProgramWord
<LI><a href="#[57]">&gt;&gt;</a>&nbsp;&nbsp;&nbsp;DATA_EEPROM_ProgramHalfWord
<LI><a href="#[56]">&gt;&gt;</a>&nbsp;&nbsp;&nbsp;DATA_EEPROM_ProgramByte
<LI><a href="#[55]">&gt;&gt;</a>&nbsp;&nbsp;&nbsp;DATA_EEPROM_FastProgramHalfWord
<LI><a href="#[54]">&gt;&gt;</a>&nbsp;&nbsp;&nbsp;DATA_EEPROM_FastProgramByte
<LI><a href="#[53]">&gt;&gt;</a>&nbsp;&nbsp;&nbsp;DATA_EEPROM_FastProgramWord
<LI><a href="#[52]">&gt;&gt;</a>&nbsp;&nbsp;&nbsp;DATA_EEPROM_EraseWord
<LI><a href="#[51]">&gt;&gt;</a>&nbsp;&nbsp;&nbsp;DATA_EEPROM_EraseHalfWord
<LI><a href="#[50]">&gt;&gt;</a>&nbsp;&nbsp;&nbsp;DATA_EEPROM_EraseByte
<LI><a href="#[4f]">&gt;&gt;</a>&nbsp;&nbsp;&nbsp;FLASH_FastProgramWord
<LI><a href="#[4e]">&gt;&gt;</a>&nbsp;&nbsp;&nbsp;FLASH_ErasePage
</UL>

<P><STRONG><a name="[4e]"></a>FLASH_ErasePage</STRONG> (Thumb, 86 bytes, Stack size 12 bytes, stm32l1xx_flash.o(.text), UNUSED)
<BR><BR>[Calls]<UL><LI><a href="#[4c]">&gt;&gt;</a>&nbsp;&nbsp;&nbsp;FLASH_WaitForLastOperation
</UL>

<P><STRONG><a name="[4f]"></a>FLASH_FastProgramWord</STRONG> (Thumb, 34 bytes, Stack size 16 bytes, stm32l1xx_flash.o(.text), UNUSED)
<BR><BR>[Calls]<UL><LI><a href="#[4c]">&gt;&gt;</a>&nbsp;&nbsp;&nbsp;FLASH_WaitForLastOperation
</UL>

<P><STRONG><a name="[d3]"></a>DATA_EEPROM_Lock</STRONG> (Thumb, 18 bytes, Stack size 0 bytes, stm32l1xx_flash.o(.text))
<BR><BR>[Called By]<UL><LI><a href="#[d2]">&gt;&gt;</a>&nbsp;&nbsp;&nbsp;STMFLASH_Write
</UL>

<P><STRONG><a name="[1fc]"></a>DATA_EEPROM_FixedTimeProgramCmd</STRONG> (Thumb, 38 bytes, Stack size 0 bytes, stm32l1xx_flash.o(.text), UNUSED)

<P><STRONG><a name="[50]"></a>DATA_EEPROM_EraseByte</STRONG> (Thumb, 26 bytes, Stack size 12 bytes, stm32l1xx_flash.o(.text), UNUSED)
<BR><BR>[Calls]<UL><LI><a href="#[4c]">&gt;&gt;</a>&nbsp;&nbsp;&nbsp;FLASH_WaitForLastOperation
</UL>

<P><STRONG><a name="[51]"></a>DATA_EEPROM_EraseHalfWord</STRONG> (Thumb, 26 bytes, Stack size 12 bytes, stm32l1xx_flash.o(.text), UNUSED)
<BR><BR>[Calls]<UL><LI><a href="#[4c]">&gt;&gt;</a>&nbsp;&nbsp;&nbsp;FLASH_WaitForLastOperation
</UL>

<P><STRONG><a name="[52]"></a>DATA_EEPROM_EraseWord</STRONG> (Thumb, 26 bytes, Stack size 12 bytes, stm32l1xx_flash.o(.text))
<BR><BR>[Stack]<UL><LI>Max Depth = 20<LI>Call Chain = DATA_EEPROM_EraseWord &rArr; FLASH_WaitForLastOperation
</UL>
<BR>[Calls]<UL><LI><a href="#[4c]">&gt;&gt;</a>&nbsp;&nbsp;&nbsp;FLASH_WaitForLastOperation
</UL>
<BR>[Called By]<UL><LI><a href="#[57]">&gt;&gt;</a>&nbsp;&nbsp;&nbsp;DATA_EEPROM_ProgramHalfWord
<LI><a href="#[56]">&gt;&gt;</a>&nbsp;&nbsp;&nbsp;DATA_EEPROM_ProgramByte
<LI><a href="#[55]">&gt;&gt;</a>&nbsp;&nbsp;&nbsp;DATA_EEPROM_FastProgramHalfWord
<LI><a href="#[54]">&gt;&gt;</a>&nbsp;&nbsp;&nbsp;DATA_EEPROM_FastProgramByte
</UL>

<P><STRONG><a name="[53]"></a>DATA_EEPROM_FastProgramWord</STRONG> (Thumb, 50 bytes, Stack size 16 bytes, stm32l1xx_flash.o(.text))
<BR><BR>[Stack]<UL><LI>Max Depth = 24<LI>Call Chain = DATA_EEPROM_FastProgramWord &rArr; FLASH_WaitForLastOperation
</UL>
<BR>[Calls]<UL><LI><a href="#[4c]">&gt;&gt;</a>&nbsp;&nbsp;&nbsp;FLASH_WaitForLastOperation
</UL>
<BR>[Called By]<UL><LI><a href="#[57]">&gt;&gt;</a>&nbsp;&nbsp;&nbsp;DATA_EEPROM_ProgramHalfWord
<LI><a href="#[56]">&gt;&gt;</a>&nbsp;&nbsp;&nbsp;DATA_EEPROM_ProgramByte
<LI><a href="#[55]">&gt;&gt;</a>&nbsp;&nbsp;&nbsp;DATA_EEPROM_FastProgramHalfWord
<LI><a href="#[54]">&gt;&gt;</a>&nbsp;&nbsp;&nbsp;DATA_EEPROM_FastProgramByte
</UL>

<P><STRONG><a name="[54]"></a>DATA_EEPROM_FastProgramByte</STRONG> (Thumb, 108 bytes, Stack size 24 bytes, stm32l1xx_flash.o(.text))
<BR><BR>[Stack]<UL><LI>Max Depth = 48<LI>Call Chain = DATA_EEPROM_FastProgramByte &rArr; DATA_EEPROM_FastProgramWord &rArr; FLASH_WaitForLastOperation
</UL>
<BR>[Calls]<UL><LI><a href="#[53]">&gt;&gt;</a>&nbsp;&nbsp;&nbsp;DATA_EEPROM_FastProgramWord
<LI><a href="#[52]">&gt;&gt;</a>&nbsp;&nbsp;&nbsp;DATA_EEPROM_EraseWord
<LI><a href="#[4c]">&gt;&gt;</a>&nbsp;&nbsp;&nbsp;FLASH_WaitForLastOperation
</UL>
<BR>[Called By]<UL><LI><a href="#[57]">&gt;&gt;</a>&nbsp;&nbsp;&nbsp;DATA_EEPROM_ProgramHalfWord
<LI><a href="#[55]">&gt;&gt;</a>&nbsp;&nbsp;&nbsp;DATA_EEPROM_FastProgramHalfWord
</UL>

<P><STRONG><a name="[55]"></a>DATA_EEPROM_FastProgramHalfWord</STRONG> (Thumb, 136 bytes, Stack size 24 bytes, stm32l1xx_flash.o(.text), UNUSED)
<BR><BR>[Calls]<UL><LI><a href="#[54]">&gt;&gt;</a>&nbsp;&nbsp;&nbsp;DATA_EEPROM_FastProgramByte
<LI><a href="#[53]">&gt;&gt;</a>&nbsp;&nbsp;&nbsp;DATA_EEPROM_FastProgramWord
<LI><a href="#[52]">&gt;&gt;</a>&nbsp;&nbsp;&nbsp;DATA_EEPROM_EraseWord
<LI><a href="#[4c]">&gt;&gt;</a>&nbsp;&nbsp;&nbsp;FLASH_WaitForLastOperation
</UL>

<P><STRONG><a name="[56]"></a>DATA_EEPROM_ProgramByte</STRONG> (Thumb, 92 bytes, Stack size 24 bytes, stm32l1xx_flash.o(.text), UNUSED)
<BR><BR>[Calls]<UL><LI><a href="#[53]">&gt;&gt;</a>&nbsp;&nbsp;&nbsp;DATA_EEPROM_FastProgramWord
<LI><a href="#[52]">&gt;&gt;</a>&nbsp;&nbsp;&nbsp;DATA_EEPROM_EraseWord
<LI><a href="#[4c]">&gt;&gt;</a>&nbsp;&nbsp;&nbsp;FLASH_WaitForLastOperation
</UL>

<P><STRONG><a name="[57]"></a>DATA_EEPROM_ProgramHalfWord</STRONG> (Thumb, 140 bytes, Stack size 24 bytes, stm32l1xx_flash.o(.text))
<BR><BR>[Stack]<UL><LI>Max Depth = 72<LI>Call Chain = DATA_EEPROM_ProgramHalfWord &rArr; DATA_EEPROM_FastProgramByte &rArr; DATA_EEPROM_FastProgramWord &rArr; FLASH_WaitForLastOperation
</UL>
<BR>[Calls]<UL><LI><a href="#[54]">&gt;&gt;</a>&nbsp;&nbsp;&nbsp;DATA_EEPROM_FastProgramByte
<LI><a href="#[53]">&gt;&gt;</a>&nbsp;&nbsp;&nbsp;DATA_EEPROM_FastProgramWord
<LI><a href="#[52]">&gt;&gt;</a>&nbsp;&nbsp;&nbsp;DATA_EEPROM_EraseWord
<LI><a href="#[4c]">&gt;&gt;</a>&nbsp;&nbsp;&nbsp;FLASH_WaitForLastOperation
</UL>
<BR>[Called By]<UL><LI><a href="#[cf]">&gt;&gt;</a>&nbsp;&nbsp;&nbsp;STMFLASH_Write_NoCheck
</UL>

<P><STRONG><a name="[58]"></a>DATA_EEPROM_ProgramWord</STRONG> (Thumb, 34 bytes, Stack size 16 bytes, stm32l1xx_flash.o(.text), UNUSED)
<BR><BR>[Calls]<UL><LI><a href="#[4c]">&gt;&gt;</a>&nbsp;&nbsp;&nbsp;FLASH_WaitForLastOperation
</UL>

<P><STRONG><a name="[59]"></a>FLASH_OB_Unlock</STRONG> (Thumb, 30 bytes, Stack size 4 bytes, stm32l1xx_flash.o(.text), UNUSED)
<BR><BR>[Calls]<UL><LI><a href="#[4b]">&gt;&gt;</a>&nbsp;&nbsp;&nbsp;DATA_EEPROM_Unlock
</UL>

<P><STRONG><a name="[1fd]"></a>FLASH_OB_Lock</STRONG> (Thumb, 14 bytes, Stack size 0 bytes, stm32l1xx_flash.o(.text), UNUSED)

<P><STRONG><a name="[1fe]"></a>FLASH_OB_Launch</STRONG> (Thumb, 14 bytes, Stack size 0 bytes, stm32l1xx_flash.o(.text), UNUSED)

<P><STRONG><a name="[5a]"></a>FLASH_OB_WRPConfig</STRONG> (Thumb, 142 bytes, Stack size 32 bytes, stm32l1xx_flash.o(.text), UNUSED)
<BR><BR>[Calls]<UL><LI><a href="#[4c]">&gt;&gt;</a>&nbsp;&nbsp;&nbsp;FLASH_WaitForLastOperation
</UL>

<P><STRONG><a name="[5b]"></a>FLASH_OB_WRP1Config</STRONG> (Thumb, 142 bytes, Stack size 32 bytes, stm32l1xx_flash.o(.text), UNUSED)
<BR><BR>[Calls]<UL><LI><a href="#[4c]">&gt;&gt;</a>&nbsp;&nbsp;&nbsp;FLASH_WaitForLastOperation
</UL>

<P><STRONG><a name="[5c]"></a>FLASH_OB_WRP2Config</STRONG> (Thumb, 142 bytes, Stack size 32 bytes, stm32l1xx_flash.o(.text), UNUSED)
<BR><BR>[Calls]<UL><LI><a href="#[4c]">&gt;&gt;</a>&nbsp;&nbsp;&nbsp;FLASH_WaitForLastOperation
</UL>

<P><STRONG><a name="[5d]"></a>FLASH_OB_RDPConfig</STRONG> (Thumb, 48 bytes, Stack size 20 bytes, stm32l1xx_flash.o(.text), UNUSED)
<BR><BR>[Calls]<UL><LI><a href="#[4c]">&gt;&gt;</a>&nbsp;&nbsp;&nbsp;FLASH_WaitForLastOperation
</UL>

<P><STRONG><a name="[5e]"></a>FLASH_OB_UserConfig</STRONG> (Thumb, 94 bytes, Stack size 28 bytes, stm32l1xx_flash.o(.text), UNUSED)
<BR><BR>[Calls]<UL><LI><a href="#[4c]">&gt;&gt;</a>&nbsp;&nbsp;&nbsp;FLASH_WaitForLastOperation
</UL>

<P><STRONG><a name="[5f]"></a>FLASH_OB_BORConfig</STRONG> (Thumb, 66 bytes, Stack size 20 bytes, stm32l1xx_flash.o(.text), UNUSED)
<BR><BR>[Calls]<UL><LI><a href="#[4c]">&gt;&gt;</a>&nbsp;&nbsp;&nbsp;FLASH_WaitForLastOperation
</UL>

<P><STRONG><a name="[60]"></a>FLASH_OB_BootConfig</STRONG> (Thumb, 64 bytes, Stack size 20 bytes, stm32l1xx_flash.o(.text), UNUSED)
<BR><BR>[Calls]<UL><LI><a href="#[4c]">&gt;&gt;</a>&nbsp;&nbsp;&nbsp;FLASH_WaitForLastOperation
</UL>

<P><STRONG><a name="[1ff]"></a>FLASH_OB_GetUser</STRONG> (Thumb, 12 bytes, Stack size 0 bytes, stm32l1xx_flash.o(.text), UNUSED)

<P><STRONG><a name="[200]"></a>FLASH_OB_GetWRP</STRONG> (Thumb, 8 bytes, Stack size 0 bytes, stm32l1xx_flash.o(.text), UNUSED)

<P><STRONG><a name="[201]"></a>FLASH_OB_GetWRP1</STRONG> (Thumb, 8 bytes, Stack size 0 bytes, stm32l1xx_flash.o(.text), UNUSED)

<P><STRONG><a name="[202]"></a>FLASH_OB_GetWRP2</STRONG> (Thumb, 8 bytes, Stack size 0 bytes, stm32l1xx_flash.o(.text), UNUSED)

<P><STRONG><a name="[203]"></a>FLASH_OB_GetRDP</STRONG> (Thumb, 22 bytes, Stack size 0 bytes, stm32l1xx_flash.o(.text), UNUSED)

<P><STRONG><a name="[204]"></a>FLASH_OB_GetBOR</STRONG> (Thumb, 12 bytes, Stack size 0 bytes, stm32l1xx_flash.o(.text), UNUSED)

<P><STRONG><a name="[205]"></a>FLASH_ITConfig</STRONG> (Thumb, 26 bytes, Stack size 0 bytes, stm32l1xx_flash.o(.text), UNUSED)

<P><STRONG><a name="[206]"></a>FLASH_GetFlagStatus</STRONG> (Thumb, 22 bytes, Stack size 0 bytes, stm32l1xx_flash.o(.text), UNUSED)

<P><STRONG><a name="[207]"></a>FLASH_ClearFlag</STRONG> (Thumb, 8 bytes, Stack size 0 bytes, stm32l1xx_flash.o(.text), UNUSED)

<P><STRONG><a name="[61]"></a>GPIO_DeInit</STRONG> (Thumb, 196 bytes, Stack size 8 bytes, stm32l1xx_gpio.o(.text), UNUSED)
<BR><BR>[Calls]<UL><LI><a href="#[62]">&gt;&gt;</a>&nbsp;&nbsp;&nbsp;RCC_AHBPeriphResetCmd
</UL>

<P><STRONG><a name="[b5]"></a>GPIO_Init</STRONG> (Thumb, 144 bytes, Stack size 20 bytes, stm32l1xx_gpio.o(.text))
<BR><BR>[Stack]<UL><LI>Max Depth = 20<LI>Call Chain = GPIO_Init
</UL>
<BR>[Called By]<UL><LI><a href="#[7]">&gt;&gt;</a>&nbsp;&nbsp;&nbsp;_temp_sht10_init
<LI><a href="#[102]">&gt;&gt;</a>&nbsp;&nbsp;&nbsp;DS18B20_IO_OUT
<LI><a href="#[100]">&gt;&gt;</a>&nbsp;&nbsp;&nbsp;DS18B20_IO_IN
<LI><a href="#[e7]">&gt;&gt;</a>&nbsp;&nbsp;&nbsp;Adc_Key_Init
<LI><a href="#[bc]">&gt;&gt;</a>&nbsp;&nbsp;&nbsp;SPI1_Init
<LI><a href="#[a4]">&gt;&gt;</a>&nbsp;&nbsp;&nbsp;Wireless_Key_Init
<LI><a href="#[97]">&gt;&gt;</a>&nbsp;&nbsp;&nbsp;USART1_Configuration
<LI><a href="#[99]">&gt;&gt;</a>&nbsp;&nbsp;&nbsp;SPI_NRF_Init
<LI><a href="#[9e]">&gt;&gt;</a>&nbsp;&nbsp;&nbsp;POWER_Init
<LI><a href="#[a0]">&gt;&gt;</a>&nbsp;&nbsp;&nbsp;OLED_Init
<LI><a href="#[95]">&gt;&gt;</a>&nbsp;&nbsp;&nbsp;LED_Init
<LI><a href="#[a2]">&gt;&gt;</a>&nbsp;&nbsp;&nbsp;KEY_Init
<LI><a href="#[9a]">&gt;&gt;</a>&nbsp;&nbsp;&nbsp;DS18B20_Init
<LI><a href="#[a3]">&gt;&gt;</a>&nbsp;&nbsp;&nbsp;BEEP_Init
<LI><a href="#[9d]">&gt;&gt;</a>&nbsp;&nbsp;&nbsp;Adc_Init
<LI><a href="#[175]">&gt;&gt;</a>&nbsp;&nbsp;&nbsp;SDA_IN
<LI><a href="#[174]">&gt;&gt;</a>&nbsp;&nbsp;&nbsp;SDA_OUT
</UL>

<P><STRONG><a name="[208]"></a>GPIO_StructInit</STRONG> (Thumb, 18 bytes, Stack size 0 bytes, stm32l1xx_gpio.o(.text), UNUSED)

<P><STRONG><a name="[209]"></a>GPIO_PinLockConfig</STRONG> (Thumb, 34 bytes, Stack size 8 bytes, stm32l1xx_gpio.o(.text), UNUSED)

<P><STRONG><a name="[cc]"></a>GPIO_ReadInputDataBit</STRONG> (Thumb, 18 bytes, Stack size 0 bytes, stm32l1xx_gpio.o(.text))
<BR><BR>[Called By]<UL><LI><a href="#[2]">&gt;&gt;</a>&nbsp;&nbsp;&nbsp;_sht10_data_pin_get
<LI><a href="#[cd]">&gt;&gt;</a>&nbsp;&nbsp;&nbsp;NRF_Rx_Dat
<LI><a href="#[cb]">&gt;&gt;</a>&nbsp;&nbsp;&nbsp;NRF_Tx_Dat
<LI><a href="#[1d]">&gt;&gt;</a>&nbsp;&nbsp;&nbsp;EXTI4_IRQHandler
</UL>

<P><STRONG><a name="[20a]"></a>GPIO_ReadInputData</STRONG> (Thumb, 6 bytes, Stack size 0 bytes, stm32l1xx_gpio.o(.text), UNUSED)

<P><STRONG><a name="[20b]"></a>GPIO_ReadOutputDataBit</STRONG> (Thumb, 18 bytes, Stack size 0 bytes, stm32l1xx_gpio.o(.text), UNUSED)

<P><STRONG><a name="[20c]"></a>GPIO_ReadOutputData</STRONG> (Thumb, 6 bytes, Stack size 0 bytes, stm32l1xx_gpio.o(.text), UNUSED)

<P><STRONG><a name="[be]"></a>GPIO_SetBits</STRONG> (Thumb, 4 bytes, Stack size 0 bytes, stm32l1xx_gpio.o(.text))
<BR><BR>[Called By]<UL><LI><a href="#[f5]">&gt;&gt;</a>&nbsp;&nbsp;&nbsp;Adc_Key_Off
<LI><a href="#[e7]">&gt;&gt;</a>&nbsp;&nbsp;&nbsp;Adc_Key_Init
<LI><a href="#[bc]">&gt;&gt;</a>&nbsp;&nbsp;&nbsp;SPI1_Init
<LI><a href="#[cd]">&gt;&gt;</a>&nbsp;&nbsp;&nbsp;NRF_Rx_Dat
<LI><a href="#[cb]">&gt;&gt;</a>&nbsp;&nbsp;&nbsp;NRF_Tx_Dat
<LI><a href="#[c8]">&gt;&gt;</a>&nbsp;&nbsp;&nbsp;NRF_TX_Mode
<LI><a href="#[c7]">&gt;&gt;</a>&nbsp;&nbsp;&nbsp;NRF_RX_Mode
<LI><a href="#[c6]">&gt;&gt;</a>&nbsp;&nbsp;&nbsp;SPI_NRF_WriteBuf
<LI><a href="#[c5]">&gt;&gt;</a>&nbsp;&nbsp;&nbsp;SPI_NRF_ReadBuf
<LI><a href="#[c4]">&gt;&gt;</a>&nbsp;&nbsp;&nbsp;SPI_NRF_ReadReg
<LI><a href="#[c3]">&gt;&gt;</a>&nbsp;&nbsp;&nbsp;SPI_NRF_WriteReg
<LI><a href="#[99]">&gt;&gt;</a>&nbsp;&nbsp;&nbsp;SPI_NRF_Init
<LI><a href="#[96]">&gt;&gt;</a>&nbsp;&nbsp;&nbsp;Run_Led
<LI><a href="#[a9]">&gt;&gt;</a>&nbsp;&nbsp;&nbsp;Run_BEEP
<LI><a href="#[9f]">&gt;&gt;</a>&nbsp;&nbsp;&nbsp;POWER_ON
<LI><a href="#[a0]">&gt;&gt;</a>&nbsp;&nbsp;&nbsp;OLED_Init
<LI><a href="#[a2]">&gt;&gt;</a>&nbsp;&nbsp;&nbsp;KEY_Init
<LI><a href="#[9a]">&gt;&gt;</a>&nbsp;&nbsp;&nbsp;DS18B20_Init
</UL>

<P><STRONG><a name="[bd]"></a>GPIO_ResetBits</STRONG> (Thumb, 4 bytes, Stack size 0 bytes, stm32l1xx_gpio.o(.text))
<BR><BR>[Called By]<UL><LI><a href="#[f4]">&gt;&gt;</a>&nbsp;&nbsp;&nbsp;Adc_Key_On
<LI><a href="#[cd]">&gt;&gt;</a>&nbsp;&nbsp;&nbsp;NRF_Rx_Dat
<LI><a href="#[cb]">&gt;&gt;</a>&nbsp;&nbsp;&nbsp;NRF_Tx_Dat
<LI><a href="#[c8]">&gt;&gt;</a>&nbsp;&nbsp;&nbsp;NRF_TX_Mode
<LI><a href="#[c7]">&gt;&gt;</a>&nbsp;&nbsp;&nbsp;NRF_RX_Mode
<LI><a href="#[c6]">&gt;&gt;</a>&nbsp;&nbsp;&nbsp;SPI_NRF_WriteBuf
<LI><a href="#[c5]">&gt;&gt;</a>&nbsp;&nbsp;&nbsp;SPI_NRF_ReadBuf
<LI><a href="#[c4]">&gt;&gt;</a>&nbsp;&nbsp;&nbsp;SPI_NRF_ReadReg
<LI><a href="#[c3]">&gt;&gt;</a>&nbsp;&nbsp;&nbsp;SPI_NRF_WriteReg
<LI><a href="#[99]">&gt;&gt;</a>&nbsp;&nbsp;&nbsp;SPI_NRF_Init
<LI><a href="#[96]">&gt;&gt;</a>&nbsp;&nbsp;&nbsp;Run_Led
<LI><a href="#[a9]">&gt;&gt;</a>&nbsp;&nbsp;&nbsp;Run_BEEP
<LI><a href="#[9f]">&gt;&gt;</a>&nbsp;&nbsp;&nbsp;POWER_ON
<LI><a href="#[a3]">&gt;&gt;</a>&nbsp;&nbsp;&nbsp;BEEP_Init
</UL>

<P><STRONG><a name="[120]"></a>GPIO_WriteBit</STRONG> (Thumb, 10 bytes, Stack size 0 bytes, stm32l1xx_gpio.o(.text))
<BR><BR>[Called By]<UL><LI><a href="#[1]">&gt;&gt;</a>&nbsp;&nbsp;&nbsp;_sht10_sck_pin_set
<LI><a href="#[0]">&gt;&gt;</a>&nbsp;&nbsp;&nbsp;_sht10_data_pin_set
</UL>

<P><STRONG><a name="[20d]"></a>GPIO_Write</STRONG> (Thumb, 4 bytes, Stack size 0 bytes, stm32l1xx_gpio.o(.text), UNUSED)

<P><STRONG><a name="[e3]"></a>GPIO_ToggleBits</STRONG> (Thumb, 8 bytes, Stack size 0 bytes, stm32l1xx_gpio.o(.text))
<BR><BR>[Called By]<UL><LI><a href="#[3c]">&gt;&gt;</a>&nbsp;&nbsp;&nbsp;RTC_Alarm_IRQHandler
</UL>

<P><STRONG><a name="[b6]"></a>GPIO_PinAFConfig</STRONG> (Thumb, 70 bytes, Stack size 20 bytes, stm32l1xx_gpio.o(.text))
<BR><BR>[Stack]<UL><LI>Max Depth = 20<LI>Call Chain = GPIO_PinAFConfig
</UL>
<BR>[Called By]<UL><LI><a href="#[bc]">&gt;&gt;</a>&nbsp;&nbsp;&nbsp;SPI1_Init
<LI><a href="#[97]">&gt;&gt;</a>&nbsp;&nbsp;&nbsp;USART1_Configuration
<LI><a href="#[a0]">&gt;&gt;</a>&nbsp;&nbsp;&nbsp;OLED_Init
</UL>

<P><STRONG><a name="[63]"></a>I2C_DeInit</STRONG> (Thumb, 50 bytes, Stack size 8 bytes, stm32l1xx_i2c.o(.text))
<BR><BR>[Stack]<UL><LI>Max Depth = 8<LI>Call Chain = I2C_DeInit
</UL>
<BR>[Calls]<UL><LI><a href="#[64]">&gt;&gt;</a>&nbsp;&nbsp;&nbsp;RCC_APB1PeriphResetCmd
</UL>
<BR>[Called By]<UL><LI><a href="#[a0]">&gt;&gt;</a>&nbsp;&nbsp;&nbsp;OLED_Init
</UL>

<P><STRONG><a name="[65]"></a>I2C_Init</STRONG> (Thumb, 218 bytes, Stack size 48 bytes, stm32l1xx_i2c.o(.text))
<BR><BR>[Stack]<UL><LI>Max Depth = 68<LI>Call Chain = I2C_Init &rArr; RCC_GetClocksFreq
</UL>
<BR>[Calls]<UL><LI><a href="#[66]">&gt;&gt;</a>&nbsp;&nbsp;&nbsp;RCC_GetClocksFreq
</UL>
<BR>[Called By]<UL><LI><a href="#[a0]">&gt;&gt;</a>&nbsp;&nbsp;&nbsp;OLED_Init
</UL>

<P><STRONG><a name="[20e]"></a>I2C_StructInit</STRONG> (Thumb, 30 bytes, Stack size 0 bytes, stm32l1xx_i2c.o(.text), UNUSED)

<P><STRONG><a name="[185]"></a>I2C_Cmd</STRONG> (Thumb, 24 bytes, Stack size 0 bytes, stm32l1xx_i2c.o(.text))
<BR><BR>[Called By]<UL><LI><a href="#[a0]">&gt;&gt;</a>&nbsp;&nbsp;&nbsp;OLED_Init
</UL>

<P><STRONG><a name="[17f]"></a>I2C_GenerateSTART</STRONG> (Thumb, 24 bytes, Stack size 0 bytes, stm32l1xx_i2c.o(.text))
<BR><BR>[Called By]<UL><LI><a href="#[17d]">&gt;&gt;</a>&nbsp;&nbsp;&nbsp;I2C_WriteByte
</UL>

<P><STRONG><a name="[183]"></a>I2C_GenerateSTOP</STRONG> (Thumb, 24 bytes, Stack size 0 bytes, stm32l1xx_i2c.o(.text))
<BR><BR>[Called By]<UL><LI><a href="#[17d]">&gt;&gt;</a>&nbsp;&nbsp;&nbsp;I2C_WriteByte
</UL>

<P><STRONG><a name="[20f]"></a>I2C_AcknowledgeConfig</STRONG> (Thumb, 24 bytes, Stack size 0 bytes, stm32l1xx_i2c.o(.text), UNUSED)

<P><STRONG><a name="[210]"></a>I2C_OwnAddress2Config</STRONG> (Thumb, 22 bytes, Stack size 0 bytes, stm32l1xx_i2c.o(.text), UNUSED)

<P><STRONG><a name="[211]"></a>I2C_DualAddressCmd</STRONG> (Thumb, 24 bytes, Stack size 0 bytes, stm32l1xx_i2c.o(.text), UNUSED)

<P><STRONG><a name="[212]"></a>I2C_GeneralCallCmd</STRONG> (Thumb, 24 bytes, Stack size 0 bytes, stm32l1xx_i2c.o(.text), UNUSED)

<P><STRONG><a name="[213]"></a>I2C_SoftwareResetCmd</STRONG> (Thumb, 22 bytes, Stack size 0 bytes, stm32l1xx_i2c.o(.text), UNUSED)

<P><STRONG><a name="[214]"></a>I2C_SMBusAlertConfig</STRONG> (Thumb, 28 bytes, Stack size 0 bytes, stm32l1xx_i2c.o(.text), UNUSED)

<P><STRONG><a name="[215]"></a>I2C_ARPCmd</STRONG> (Thumb, 24 bytes, Stack size 0 bytes, stm32l1xx_i2c.o(.text), UNUSED)

<P><STRONG><a name="[216]"></a>I2C_StretchClockCmd</STRONG> (Thumb, 24 bytes, Stack size 0 bytes, stm32l1xx_i2c.o(.text), UNUSED)

<P><STRONG><a name="[217]"></a>I2C_FastModeDutyCycleConfig</STRONG> (Thumb, 28 bytes, Stack size 0 bytes, stm32l1xx_i2c.o(.text), UNUSED)

<P><STRONG><a name="[181]"></a>I2C_Send7bitAddress</STRONG> (Thumb, 16 bytes, Stack size 0 bytes, stm32l1xx_i2c.o(.text))
<BR><BR>[Called By]<UL><LI><a href="#[17d]">&gt;&gt;</a>&nbsp;&nbsp;&nbsp;I2C_WriteByte
</UL>

<P><STRONG><a name="[182]"></a>I2C_SendData</STRONG> (Thumb, 4 bytes, Stack size 0 bytes, stm32l1xx_i2c.o(.text))
<BR><BR>[Called By]<UL><LI><a href="#[17d]">&gt;&gt;</a>&nbsp;&nbsp;&nbsp;I2C_WriteByte
</UL>

<P><STRONG><a name="[218]"></a>I2C_ReceiveData</STRONG> (Thumb, 8 bytes, Stack size 0 bytes, stm32l1xx_i2c.o(.text), UNUSED)

<P><STRONG><a name="[219]"></a>I2C_NACKPositionConfig</STRONG> (Thumb, 28 bytes, Stack size 0 bytes, stm32l1xx_i2c.o(.text), UNUSED)

<P><STRONG><a name="[21a]"></a>I2C_TransmitPEC</STRONG> (Thumb, 24 bytes, Stack size 0 bytes, stm32l1xx_i2c.o(.text), UNUSED)

<P><STRONG><a name="[21b]"></a>I2C_PECPositionConfig</STRONG> (Thumb, 28 bytes, Stack size 0 bytes, stm32l1xx_i2c.o(.text), UNUSED)

<P><STRONG><a name="[21c]"></a>I2C_CalculatePEC</STRONG> (Thumb, 24 bytes, Stack size 0 bytes, stm32l1xx_i2c.o(.text), UNUSED)

<P><STRONG><a name="[21d]"></a>I2C_GetPEC</STRONG> (Thumb, 8 bytes, Stack size 0 bytes, stm32l1xx_i2c.o(.text), UNUSED)

<P><STRONG><a name="[21e]"></a>I2C_DMACmd</STRONG> (Thumb, 24 bytes, Stack size 0 bytes, stm32l1xx_i2c.o(.text), UNUSED)

<P><STRONG><a name="[21f]"></a>I2C_DMALastTransferCmd</STRONG> (Thumb, 24 bytes, Stack size 0 bytes, stm32l1xx_i2c.o(.text), UNUSED)

<P><STRONG><a name="[220]"></a>I2C_ReadRegister</STRONG> (Thumb, 22 bytes, Stack size 8 bytes, stm32l1xx_i2c.o(.text), UNUSED)

<P><STRONG><a name="[221]"></a>I2C_ITConfig</STRONG> (Thumb, 18 bytes, Stack size 0 bytes, stm32l1xx_i2c.o(.text), UNUSED)

<P><STRONG><a name="[180]"></a>I2C_CheckEvent</STRONG> (Thumb, 42 bytes, Stack size 16 bytes, stm32l1xx_i2c.o(.text))
<BR><BR>[Stack]<UL><LI>Max Depth = 16<LI>Call Chain = I2C_CheckEvent
</UL>
<BR>[Called By]<UL><LI><a href="#[17d]">&gt;&gt;</a>&nbsp;&nbsp;&nbsp;I2C_WriteByte
</UL>

<P><STRONG><a name="[222]"></a>I2C_GetLastEvent</STRONG> (Thumb, 26 bytes, Stack size 8 bytes, stm32l1xx_i2c.o(.text), UNUSED)

<P><STRONG><a name="[17e]"></a>I2C_GetFlagStatus</STRONG> (Thumb, 58 bytes, Stack size 12 bytes, stm32l1xx_i2c.o(.text))
<BR><BR>[Stack]<UL><LI>Max Depth = 12<LI>Call Chain = I2C_GetFlagStatus
</UL>
<BR>[Called By]<UL><LI><a href="#[17d]">&gt;&gt;</a>&nbsp;&nbsp;&nbsp;I2C_WriteByte
</UL>

<P><STRONG><a name="[223]"></a>I2C_ClearFlag</STRONG> (Thumb, 12 bytes, Stack size 0 bytes, stm32l1xx_i2c.o(.text), UNUSED)

<P><STRONG><a name="[224]"></a>I2C_GetITStatus</STRONG> (Thumb, 56 bytes, Stack size 12 bytes, stm32l1xx_i2c.o(.text), UNUSED)

<P><STRONG><a name="[225]"></a>I2C_ClearITPendingBit</STRONG> (Thumb, 12 bytes, Stack size 0 bytes, stm32l1xx_i2c.o(.text), UNUSED)

<P><STRONG><a name="[67]"></a>PWR_DeInit</STRONG> (Thumb, 22 bytes, Stack size 8 bytes, stm32l1xx_pwr.o(.text), UNUSED)
<BR><BR>[Calls]<UL><LI><a href="#[64]">&gt;&gt;</a>&nbsp;&nbsp;&nbsp;RCC_APB1PeriphResetCmd
</UL>

<P><STRONG><a name="[d5]"></a>PWR_RTCAccessCmd</STRONG> (Thumb, 6 bytes, Stack size 0 bytes, stm32l1xx_pwr.o(.text))
<BR><BR>[Called By]<UL><LI><a href="#[93]">&gt;&gt;</a>&nbsp;&nbsp;&nbsp;RTC_Configuration
</UL>

<P><STRONG><a name="[226]"></a>PWR_PVDLevelConfig</STRONG> (Thumb, 18 bytes, Stack size 0 bytes, stm32l1xx_pwr.o(.text), UNUSED)

<P><STRONG><a name="[227]"></a>PWR_PVDCmd</STRONG> (Thumb, 6 bytes, Stack size 0 bytes, stm32l1xx_pwr.o(.text), UNUSED)

<P><STRONG><a name="[228]"></a>PWR_WakeUpPinCmd</STRONG> (Thumb, 20 bytes, Stack size 8 bytes, stm32l1xx_pwr.o(.text), UNUSED)

<P><STRONG><a name="[229]"></a>PWR_FastWakeUpCmd</STRONG> (Thumb, 6 bytes, Stack size 0 bytes, stm32l1xx_pwr.o(.text), UNUSED)

<P><STRONG><a name="[22a]"></a>PWR_UltraLowPowerCmd</STRONG> (Thumb, 6 bytes, Stack size 0 bytes, stm32l1xx_pwr.o(.text), UNUSED)

<P><STRONG><a name="[22b]"></a>PWR_VoltageScalingConfig</STRONG> (Thumb, 24 bytes, Stack size 0 bytes, stm32l1xx_pwr.o(.text), UNUSED)

<P><STRONG><a name="[22c]"></a>PWR_EnterLowPowerRunMode</STRONG> (Thumb, 50 bytes, Stack size 0 bytes, stm32l1xx_pwr.o(.text), UNUSED)

<P><STRONG><a name="[22d]"></a>PWR_EnterSleepMode</STRONG> (Thumb, 42 bytes, Stack size 8 bytes, stm32l1xx_pwr.o(.text), UNUSED)

<P><STRONG><a name="[ff]"></a>PWR_EnterSTOPMode</STRONG> (Thumb, 54 bytes, Stack size 8 bytes, stm32l1xx_pwr.o(.text), UNUSED)
<BR><BR>[Called By]<UL><LI><a href="#[fe]">&gt;&gt;</a>&nbsp;&nbsp;&nbsp;Stop_Mode
</UL>

<P><STRONG><a name="[22e]"></a>PWR_EnterSTANDBYMode</STRONG> (Thumb, 42 bytes, Stack size 0 bytes, stm32l1xx_pwr.o(.text), UNUSED)

<P><STRONG><a name="[22f]"></a>PWR_GetFlagStatus</STRONG> (Thumb, 20 bytes, Stack size 0 bytes, stm32l1xx_pwr.o(.text), UNUSED)

<P><STRONG><a name="[230]"></a>PWR_ClearFlag</STRONG> (Thumb, 14 bytes, Stack size 0 bytes, stm32l1xx_pwr.o(.text), UNUSED)

<P><STRONG><a name="[231]"></a>RCC_DeInit</STRONG> (Thumb, 74 bytes, Stack size 0 bytes, stm32l1xx_rcc.o(.text), UNUSED)

<P><STRONG><a name="[fa]"></a>RCC_HSEConfig</STRONG> (Thumb, 14 bytes, Stack size 0 bytes, stm32l1xx_rcc.o(.text))
<BR><BR>[Called By]<UL><LI><a href="#[e1]">&gt;&gt;</a>&nbsp;&nbsp;&nbsp;Run_Mode
</UL>

<P><STRONG><a name="[69]"></a>RCC_GetFlagStatus</STRONG> (Thumb, 48 bytes, Stack size 8 bytes, stm32l1xx_rcc.o(.text))
<BR><BR>[Stack]<UL><LI>Max Depth = 8<LI>Call Chain = RCC_GetFlagStatus
</UL>
<BR>[Called By]<UL><LI><a href="#[68]">&gt;&gt;</a>&nbsp;&nbsp;&nbsp;RCC_WaitForHSEStartUp
<LI><a href="#[e1]">&gt;&gt;</a>&nbsp;&nbsp;&nbsp;Run_Mode
<LI><a href="#[93]">&gt;&gt;</a>&nbsp;&nbsp;&nbsp;RTC_Configuration
<LI><a href="#[9d]">&gt;&gt;</a>&nbsp;&nbsp;&nbsp;Adc_Init
</UL>

<P><STRONG><a name="[68]"></a>RCC_WaitForHSEStartUp</STRONG> (Thumb, 56 bytes, Stack size 16 bytes, stm32l1xx_rcc.o(.text), UNUSED)
<BR><BR>[Calls]<UL><LI><a href="#[69]">&gt;&gt;</a>&nbsp;&nbsp;&nbsp;RCC_GetFlagStatus
</UL>

<P><STRONG><a name="[232]"></a>RCC_AdjustMSICalibrationValue</STRONG> (Thumb, 8 bytes, Stack size 0 bytes, stm32l1xx_rcc.o(.text), UNUSED)

<P><STRONG><a name="[233]"></a>RCC_MSIRangeConfig</STRONG> (Thumb, 20 bytes, Stack size 0 bytes, stm32l1xx_rcc.o(.text), UNUSED)

<P><STRONG><a name="[234]"></a>RCC_MSICmd</STRONG> (Thumb, 6 bytes, Stack size 0 bytes, stm32l1xx_rcc.o(.text), UNUSED)

<P><STRONG><a name="[235]"></a>RCC_AdjustHSICalibrationValue</STRONG> (Thumb, 22 bytes, Stack size 0 bytes, stm32l1xx_rcc.o(.text), UNUSED)

<P><STRONG><a name="[ed]"></a>RCC_HSICmd</STRONG> (Thumb, 6 bytes, Stack size 0 bytes, stm32l1xx_rcc.o(.text))
<BR><BR>[Called By]<UL><LI><a href="#[e1]">&gt;&gt;</a>&nbsp;&nbsp;&nbsp;Run_Mode
<LI><a href="#[9d]">&gt;&gt;</a>&nbsp;&nbsp;&nbsp;Adc_Init
</UL>

<P><STRONG><a name="[d7]"></a>RCC_LSEConfig</STRONG> (Thumb, 14 bytes, Stack size 0 bytes, stm32l1xx_rcc.o(.text))
<BR><BR>[Called By]<UL><LI><a href="#[93]">&gt;&gt;</a>&nbsp;&nbsp;&nbsp;RTC_Configuration
</UL>

<P><STRONG><a name="[236]"></a>RCC_LSICmd</STRONG> (Thumb, 6 bytes, Stack size 0 bytes, stm32l1xx_rcc.o(.text), UNUSED)

<P><STRONG><a name="[237]"></a>RCC_PLLConfig</STRONG> (Thumb, 16 bytes, Stack size 8 bytes, stm32l1xx_rcc.o(.text), UNUSED)

<P><STRONG><a name="[fb]"></a>RCC_PLLCmd</STRONG> (Thumb, 6 bytes, Stack size 0 bytes, stm32l1xx_rcc.o(.text))
<BR><BR>[Called By]<UL><LI><a href="#[e1]">&gt;&gt;</a>&nbsp;&nbsp;&nbsp;Run_Mode
</UL>

<P><STRONG><a name="[238]"></a>RCC_ClockSecuritySystemCmd</STRONG> (Thumb, 6 bytes, Stack size 0 bytes, stm32l1xx_rcc.o(.text), UNUSED)

<P><STRONG><a name="[239]"></a>RCC_LSEClockSecuritySystemCmd</STRONG> (Thumb, 8 bytes, Stack size 0 bytes, stm32l1xx_rcc.o(.text), UNUSED)

<P><STRONG><a name="[23a]"></a>RCC_MCOConfig</STRONG> (Thumb, 12 bytes, Stack size 0 bytes, stm32l1xx_rcc.o(.text), UNUSED)

<P><STRONG><a name="[fc]"></a>RCC_SYSCLKConfig</STRONG> (Thumb, 20 bytes, Stack size 0 bytes, stm32l1xx_rcc.o(.text))
<BR><BR>[Called By]<UL><LI><a href="#[e1]">&gt;&gt;</a>&nbsp;&nbsp;&nbsp;Run_Mode
</UL>

<P><STRONG><a name="[fd]"></a>RCC_GetSYSCLKSource</STRONG> (Thumb, 12 bytes, Stack size 0 bytes, stm32l1xx_rcc.o(.text))
<BR><BR>[Called By]<UL><LI><a href="#[e1]">&gt;&gt;</a>&nbsp;&nbsp;&nbsp;Run_Mode
</UL>

<P><STRONG><a name="[23b]"></a>RCC_HCLKConfig</STRONG> (Thumb, 20 bytes, Stack size 0 bytes, stm32l1xx_rcc.o(.text), UNUSED)

<P><STRONG><a name="[23c]"></a>RCC_PCLK1Config</STRONG> (Thumb, 20 bytes, Stack size 0 bytes, stm32l1xx_rcc.o(.text), UNUSED)

<P><STRONG><a name="[23d]"></a>RCC_PCLK2Config</STRONG> (Thumb, 22 bytes, Stack size 0 bytes, stm32l1xx_rcc.o(.text), UNUSED)

<P><STRONG><a name="[66]"></a>RCC_GetClocksFreq</STRONG> (Thumb, 248 bytes, Stack size 20 bytes, stm32l1xx_rcc.o(.text))
<BR><BR>[Stack]<UL><LI>Max Depth = 20<LI>Call Chain = RCC_GetClocksFreq
</UL>
<BR>[Called By]<UL><LI><a href="#[65]">&gt;&gt;</a>&nbsp;&nbsp;&nbsp;I2C_Init
<LI><a href="#[91]">&gt;&gt;</a>&nbsp;&nbsp;&nbsp;USART_Init
<LI><a href="#[7d]">&gt;&gt;</a>&nbsp;&nbsp;&nbsp;I2S_Init
</UL>

<P><STRONG><a name="[d8]"></a>RCC_RTCCLKConfig</STRONG> (Thumb, 64 bytes, Stack size 0 bytes, stm32l1xx_rcc.o(.text))
<BR><BR>[Called By]<UL><LI><a href="#[93]">&gt;&gt;</a>&nbsp;&nbsp;&nbsp;RTC_Configuration
</UL>

<P><STRONG><a name="[d9]"></a>RCC_RTCCLKCmd</STRONG> (Thumb, 8 bytes, Stack size 0 bytes, stm32l1xx_rcc.o(.text))
<BR><BR>[Called By]<UL><LI><a href="#[93]">&gt;&gt;</a>&nbsp;&nbsp;&nbsp;RTC_Configuration
</UL>

<P><STRONG><a name="[d6]"></a>RCC_RTCResetCmd</STRONG> (Thumb, 8 bytes, Stack size 0 bytes, stm32l1xx_rcc.o(.text))
<BR><BR>[Called By]<UL><LI><a href="#[93]">&gt;&gt;</a>&nbsp;&nbsp;&nbsp;RTC_Configuration
</UL>

<P><STRONG><a name="[b4]"></a>RCC_AHBPeriphClockCmd</STRONG> (Thumb, 34 bytes, Stack size 0 bytes, stm32l1xx_rcc.o(.text))
<BR><BR>[Called By]<UL><LI><a href="#[7]">&gt;&gt;</a>&nbsp;&nbsp;&nbsp;_temp_sht10_init
<LI><a href="#[e8]">&gt;&gt;</a>&nbsp;&nbsp;&nbsp;DMA_init
<LI><a href="#[e7]">&gt;&gt;</a>&nbsp;&nbsp;&nbsp;Adc_Key_Init
<LI><a href="#[bc]">&gt;&gt;</a>&nbsp;&nbsp;&nbsp;SPI1_Init
<LI><a href="#[a4]">&gt;&gt;</a>&nbsp;&nbsp;&nbsp;Wireless_Key_Init
<LI><a href="#[97]">&gt;&gt;</a>&nbsp;&nbsp;&nbsp;USART1_Configuration
<LI><a href="#[99]">&gt;&gt;</a>&nbsp;&nbsp;&nbsp;SPI_NRF_Init
<LI><a href="#[9e]">&gt;&gt;</a>&nbsp;&nbsp;&nbsp;POWER_Init
<LI><a href="#[a0]">&gt;&gt;</a>&nbsp;&nbsp;&nbsp;OLED_Init
<LI><a href="#[95]">&gt;&gt;</a>&nbsp;&nbsp;&nbsp;LED_Init
<LI><a href="#[a2]">&gt;&gt;</a>&nbsp;&nbsp;&nbsp;KEY_Init
<LI><a href="#[9a]">&gt;&gt;</a>&nbsp;&nbsp;&nbsp;DS18B20_Init
<LI><a href="#[a3]">&gt;&gt;</a>&nbsp;&nbsp;&nbsp;BEEP_Init
<LI><a href="#[9d]">&gt;&gt;</a>&nbsp;&nbsp;&nbsp;Adc_Init
</UL>

<P><STRONG><a name="[b3]"></a>RCC_APB2PeriphClockCmd</STRONG> (Thumb, 34 bytes, Stack size 0 bytes, stm32l1xx_rcc.o(.text))
<BR><BR>[Called By]<UL><LI><a href="#[e2]">&gt;&gt;</a>&nbsp;&nbsp;&nbsp;TIM10_Init
<LI><a href="#[bc]">&gt;&gt;</a>&nbsp;&nbsp;&nbsp;SPI1_Init
<LI><a href="#[a4]">&gt;&gt;</a>&nbsp;&nbsp;&nbsp;Wireless_Key_Init
<LI><a href="#[97]">&gt;&gt;</a>&nbsp;&nbsp;&nbsp;USART1_Configuration
<LI><a href="#[9d]">&gt;&gt;</a>&nbsp;&nbsp;&nbsp;Adc_Init
</UL>

<P><STRONG><a name="[10d]"></a>RCC_APB1PeriphClockCmd</STRONG> (Thumb, 34 bytes, Stack size 0 bytes, stm32l1xx_rcc.o(.text))
<BR><BR>[Called By]<UL><LI><a href="#[12c]">&gt;&gt;</a>&nbsp;&nbsp;&nbsp;TIM4_init
<LI><a href="#[e4]">&gt;&gt;</a>&nbsp;&nbsp;&nbsp;TIM2_Init
<LI><a href="#[a0]">&gt;&gt;</a>&nbsp;&nbsp;&nbsp;OLED_Init
<LI><a href="#[150]">&gt;&gt;</a>&nbsp;&nbsp;&nbsp;TIM3_init
</UL>

<P><STRONG><a name="[62]"></a>RCC_AHBPeriphResetCmd</STRONG> (Thumb, 34 bytes, Stack size 0 bytes, stm32l1xx_rcc.o(.text), UNUSED)
<BR><BR>[Called By]<UL><LI><a href="#[61]">&gt;&gt;</a>&nbsp;&nbsp;&nbsp;GPIO_DeInit
</UL>

<P><STRONG><a name="[49]"></a>RCC_APB2PeriphResetCmd</STRONG> (Thumb, 34 bytes, Stack size 0 bytes, stm32l1xx_rcc.o(.text))
<BR><BR>[Called By]<UL><LI><a href="#[48]">&gt;&gt;</a>&nbsp;&nbsp;&nbsp;ADC_DeInit
<LI><a href="#[90]">&gt;&gt;</a>&nbsp;&nbsp;&nbsp;USART_DeInit
<LI><a href="#[7f]">&gt;&gt;</a>&nbsp;&nbsp;&nbsp;TIM_DeInit
<LI><a href="#[7e]">&gt;&gt;</a>&nbsp;&nbsp;&nbsp;SYSCFG_DeInit
<LI><a href="#[7c]">&gt;&gt;</a>&nbsp;&nbsp;&nbsp;SPI_I2S_DeInit
</UL>

<P><STRONG><a name="[64]"></a>RCC_APB1PeriphResetCmd</STRONG> (Thumb, 34 bytes, Stack size 0 bytes, stm32l1xx_rcc.o(.text))
<BR><BR>[Called By]<UL><LI><a href="#[67]">&gt;&gt;</a>&nbsp;&nbsp;&nbsp;PWR_DeInit
<LI><a href="#[63]">&gt;&gt;</a>&nbsp;&nbsp;&nbsp;I2C_DeInit
<LI><a href="#[fe]">&gt;&gt;</a>&nbsp;&nbsp;&nbsp;Stop_Mode
<LI><a href="#[90]">&gt;&gt;</a>&nbsp;&nbsp;&nbsp;USART_DeInit
<LI><a href="#[7f]">&gt;&gt;</a>&nbsp;&nbsp;&nbsp;TIM_DeInit
<LI><a href="#[7c]">&gt;&gt;</a>&nbsp;&nbsp;&nbsp;SPI_I2S_DeInit
</UL>

<P><STRONG><a name="[23e]"></a>RCC_AHBPeriphClockLPModeCmd</STRONG> (Thumb, 34 bytes, Stack size 0 bytes, stm32l1xx_rcc.o(.text), UNUSED)

<P><STRONG><a name="[23f]"></a>RCC_APB2PeriphClockLPModeCmd</STRONG> (Thumb, 66 bytes, Stack size 0 bytes, stm32l1xx_rcc.o(.text), UNUSED)

<P><STRONG><a name="[240]"></a>RCC_APB1PeriphClockLPModeCmd</STRONG> (Thumb, 34 bytes, Stack size 0 bytes, stm32l1xx_rcc.o(.text), UNUSED)

<P><STRONG><a name="[241]"></a>RCC_ITConfig</STRONG> (Thumb, 34 bytes, Stack size 0 bytes, stm32l1xx_rcc.o(.text), UNUSED)

<P><STRONG><a name="[242]"></a>RCC_ClearFlag</STRONG> (Thumb, 18 bytes, Stack size 0 bytes, stm32l1xx_rcc.o(.text), UNUSED)

<P><STRONG><a name="[243]"></a>RCC_GetITStatus</STRONG> (Thumb, 22 bytes, Stack size 0 bytes, stm32l1xx_rcc.o(.text), UNUSED)

<P><STRONG><a name="[244]"></a>RCC_ClearITPendingBit</STRONG> (Thumb, 8 bytes, Stack size 0 bytes, stm32l1xx_rcc.o(.text), UNUSED)

<P><STRONG><a name="[6c]"></a>RTC_WaitForSynchro</STRONG> (Thumb, 92 bytes, Stack size 8 bytes, stm32l1xx_rtc.o(.text))
<BR><BR>[Stack]<UL><LI>Max Depth = 8<LI>Call Chain = RTC_WaitForSynchro
</UL>
<BR>[Called By]<UL><LI><a href="#[7b]">&gt;&gt;</a>&nbsp;&nbsp;&nbsp;RTC_SynchroShiftConfig
<LI><a href="#[74]">&gt;&gt;</a>&nbsp;&nbsp;&nbsp;RTC_SetDate
<LI><a href="#[70]">&gt;&gt;</a>&nbsp;&nbsp;&nbsp;RTC_SetTime
<LI><a href="#[6a]">&gt;&gt;</a>&nbsp;&nbsp;&nbsp;RTC_DeInit
</UL>

<P><STRONG><a name="[6b]"></a>RTC_EnterInitMode</STRONG> (Thumb, 84 bytes, Stack size 8 bytes, stm32l1xx_rtc.o(.text))
<BR><BR>[Stack]<UL><LI>Max Depth = 8<LI>Call Chain = RTC_EnterInitMode
</UL>
<BR>[Called By]<UL><LI><a href="#[79]">&gt;&gt;</a>&nbsp;&nbsp;&nbsp;RTC_CoarseCalibCmd
<LI><a href="#[78]">&gt;&gt;</a>&nbsp;&nbsp;&nbsp;RTC_CoarseCalibConfig
<LI><a href="#[74]">&gt;&gt;</a>&nbsp;&nbsp;&nbsp;RTC_SetDate
<LI><a href="#[70]">&gt;&gt;</a>&nbsp;&nbsp;&nbsp;RTC_SetTime
<LI><a href="#[6f]">&gt;&gt;</a>&nbsp;&nbsp;&nbsp;RTC_RefClockCmd
<LI><a href="#[6d]">&gt;&gt;</a>&nbsp;&nbsp;&nbsp;RTC_Init
<LI><a href="#[6a]">&gt;&gt;</a>&nbsp;&nbsp;&nbsp;RTC_DeInit
</UL>

<P><STRONG><a name="[6a]"></a>RTC_DeInit</STRONG> (Thumb, 204 bytes, Stack size 16 bytes, stm32l1xx_rtc.o(.text), UNUSED)
<BR><BR>[Calls]<UL><LI><a href="#[6b]">&gt;&gt;</a>&nbsp;&nbsp;&nbsp;RTC_EnterInitMode
<LI><a href="#[6c]">&gt;&gt;</a>&nbsp;&nbsp;&nbsp;RTC_WaitForSynchro
</UL>

<P><STRONG><a name="[6e]"></a>RTC_ExitInitMode</STRONG> (Thumb, 18 bytes, Stack size 0 bytes, stm32l1xx_rtc.o(.text))
<BR><BR>[Called By]<UL><LI><a href="#[79]">&gt;&gt;</a>&nbsp;&nbsp;&nbsp;RTC_CoarseCalibCmd
<LI><a href="#[78]">&gt;&gt;</a>&nbsp;&nbsp;&nbsp;RTC_CoarseCalibConfig
<LI><a href="#[74]">&gt;&gt;</a>&nbsp;&nbsp;&nbsp;RTC_SetDate
<LI><a href="#[70]">&gt;&gt;</a>&nbsp;&nbsp;&nbsp;RTC_SetTime
<LI><a href="#[6f]">&gt;&gt;</a>&nbsp;&nbsp;&nbsp;RTC_RefClockCmd
<LI><a href="#[6d]">&gt;&gt;</a>&nbsp;&nbsp;&nbsp;RTC_Init
</UL>

<P><STRONG><a name="[6d]"></a>RTC_Init</STRONG> (Thumb, 94 bytes, Stack size 12 bytes, stm32l1xx_rtc.o(.text))
<BR><BR>[Stack]<UL><LI>Max Depth = 20<LI>Call Chain = RTC_Init &rArr; RTC_EnterInitMode
</UL>
<BR>[Calls]<UL><LI><a href="#[6e]">&gt;&gt;</a>&nbsp;&nbsp;&nbsp;RTC_ExitInitMode
<LI><a href="#[6b]">&gt;&gt;</a>&nbsp;&nbsp;&nbsp;RTC_EnterInitMode
</UL>
<BR>[Called By]<UL><LI><a href="#[93]">&gt;&gt;</a>&nbsp;&nbsp;&nbsp;RTC_Configuration
</UL>

<P><STRONG><a name="[245]"></a>RTC_StructInit</STRONG> (Thumb, 14 bytes, Stack size 0 bytes, stm32l1xx_rtc.o(.text), UNUSED)

<P><STRONG><a name="[246]"></a>RTC_WriteProtectionCmd</STRONG> (Thumb, 22 bytes, Stack size 0 bytes, stm32l1xx_rtc.o(.text), UNUSED)

<P><STRONG><a name="[6f]"></a>RTC_RefClockCmd</STRONG> (Thumb, 76 bytes, Stack size 12 bytes, stm32l1xx_rtc.o(.text), UNUSED)
<BR><BR>[Calls]<UL><LI><a href="#[6e]">&gt;&gt;</a>&nbsp;&nbsp;&nbsp;RTC_ExitInitMode
<LI><a href="#[6b]">&gt;&gt;</a>&nbsp;&nbsp;&nbsp;RTC_EnterInitMode
</UL>

<P><STRONG><a name="[247]"></a>RTC_BypassShadowCmd</STRONG> (Thumb, 54 bytes, Stack size 0 bytes, stm32l1xx_rtc.o(.text), UNUSED)

<P><STRONG><a name="[70]"></a>RTC_SetTime</STRONG> (Thumb, 200 bytes, Stack size 24 bytes, stm32l1xx_rtc.o(.text))
<BR><BR>[Stack]<UL><LI>Max Depth = 32<LI>Call Chain = RTC_SetTime &rArr; RTC_EnterInitMode
</UL>
<BR>[Calls]<UL><LI><a href="#[6e]">&gt;&gt;</a>&nbsp;&nbsp;&nbsp;RTC_ExitInitMode
<LI><a href="#[6b]">&gt;&gt;</a>&nbsp;&nbsp;&nbsp;RTC_EnterInitMode
<LI><a href="#[6c]">&gt;&gt;</a>&nbsp;&nbsp;&nbsp;RTC_WaitForSynchro
<LI><a href="#[71]">&gt;&gt;</a>&nbsp;&nbsp;&nbsp;RTC_Bcd2ToByte
<LI><a href="#[72]">&gt;&gt;</a>&nbsp;&nbsp;&nbsp;RTC_ByteToBcd2
</UL>
<BR>[Called By]<UL><LI><a href="#[94]">&gt;&gt;</a>&nbsp;&nbsp;&nbsp;RTC_Time_Set
<LI><a href="#[16b]">&gt;&gt;</a>&nbsp;&nbsp;&nbsp;Time_Set
</UL>

<P><STRONG><a name="[248]"></a>RTC_TimeStructInit</STRONG> (Thumb, 12 bytes, Stack size 0 bytes, stm32l1xx_rtc.o(.text), UNUSED)

<P><STRONG><a name="[73]"></a>RTC_GetTime</STRONG> (Thumb, 74 bytes, Stack size 16 bytes, stm32l1xx_rtc.o(.text))
<BR><BR>[Stack]<UL><LI>Max Depth = 16<LI>Call Chain = RTC_GetTime
</UL>
<BR>[Calls]<UL><LI><a href="#[71]">&gt;&gt;</a>&nbsp;&nbsp;&nbsp;RTC_Bcd2ToByte
</UL>
<BR>[Called By]<UL><LI><a href="#[3c]">&gt;&gt;</a>&nbsp;&nbsp;&nbsp;RTC_Alarm_IRQHandler
<LI><a href="#[a7]">&gt;&gt;</a>&nbsp;&nbsp;&nbsp;Show_HomePage
<LI><a href="#[16b]">&gt;&gt;</a>&nbsp;&nbsp;&nbsp;Time_Set
<LI><a href="#[164]">&gt;&gt;</a>&nbsp;&nbsp;&nbsp;Sensor_Data_Report
<LI><a href="#[162]">&gt;&gt;</a>&nbsp;&nbsp;&nbsp;ICT_Data_Report
<LI><a href="#[158]">&gt;&gt;</a>&nbsp;&nbsp;&nbsp;ICT_Data_Call
</UL>

<P><STRONG><a name="[249]"></a>RTC_GetSubSecond</STRONG> (Thumb, 30 bytes, Stack size 0 bytes, stm32l1xx_rtc.o(.text), UNUSED)

<P><STRONG><a name="[74]"></a>RTC_SetDate</STRONG> (Thumb, 190 bytes, Stack size 24 bytes, stm32l1xx_rtc.o(.text))
<BR><BR>[Stack]<UL><LI>Max Depth = 32<LI>Call Chain = RTC_SetDate &rArr; RTC_EnterInitMode
</UL>
<BR>[Calls]<UL><LI><a href="#[6e]">&gt;&gt;</a>&nbsp;&nbsp;&nbsp;RTC_ExitInitMode
<LI><a href="#[6b]">&gt;&gt;</a>&nbsp;&nbsp;&nbsp;RTC_EnterInitMode
<LI><a href="#[6c]">&gt;&gt;</a>&nbsp;&nbsp;&nbsp;RTC_WaitForSynchro
<LI><a href="#[71]">&gt;&gt;</a>&nbsp;&nbsp;&nbsp;RTC_Bcd2ToByte
<LI><a href="#[72]">&gt;&gt;</a>&nbsp;&nbsp;&nbsp;RTC_ByteToBcd2
</UL>
<BR>[Called By]<UL><LI><a href="#[94]">&gt;&gt;</a>&nbsp;&nbsp;&nbsp;RTC_Time_Set
<LI><a href="#[16b]">&gt;&gt;</a>&nbsp;&nbsp;&nbsp;Time_Set
</UL>

<P><STRONG><a name="[24a]"></a>RTC_DateStructInit</STRONG> (Thumb, 14 bytes, Stack size 0 bytes, stm32l1xx_rtc.o(.text), UNUSED)

<P><STRONG><a name="[75]"></a>RTC_GetDate</STRONG> (Thumb, 70 bytes, Stack size 16 bytes, stm32l1xx_rtc.o(.text))
<BR><BR>[Stack]<UL><LI>Max Depth = 16<LI>Call Chain = RTC_GetDate
</UL>
<BR>[Calls]<UL><LI><a href="#[71]">&gt;&gt;</a>&nbsp;&nbsp;&nbsp;RTC_Bcd2ToByte
</UL>
<BR>[Called By]<UL><LI><a href="#[a7]">&gt;&gt;</a>&nbsp;&nbsp;&nbsp;Show_HomePage
<LI><a href="#[164]">&gt;&gt;</a>&nbsp;&nbsp;&nbsp;Sensor_Data_Report
<LI><a href="#[162]">&gt;&gt;</a>&nbsp;&nbsp;&nbsp;ICT_Data_Report
<LI><a href="#[158]">&gt;&gt;</a>&nbsp;&nbsp;&nbsp;ICT_Data_Call
</UL>

<P><STRONG><a name="[76]"></a>RTC_SetAlarm</STRONG> (Thumb, 230 bytes, Stack size 24 bytes, stm32l1xx_rtc.o(.text))
<BR><BR>[Stack]<UL><LI>Max Depth = 24<LI>Call Chain = RTC_SetAlarm
</UL>
<BR>[Calls]<UL><LI><a href="#[71]">&gt;&gt;</a>&nbsp;&nbsp;&nbsp;RTC_Bcd2ToByte
<LI><a href="#[72]">&gt;&gt;</a>&nbsp;&nbsp;&nbsp;RTC_ByteToBcd2
</UL>
<BR>[Called By]<UL><LI><a href="#[db]">&gt;&gt;</a>&nbsp;&nbsp;&nbsp;RTC_Alarm_Configuration
</UL>

<P><STRONG><a name="[24b]"></a>RTC_AlarmStructInit</STRONG> (Thumb, 22 bytes, Stack size 0 bytes, stm32l1xx_rtc.o(.text), UNUSED)

<P><STRONG><a name="[77]"></a>RTC_GetAlarm</STRONG> (Thumb, 114 bytes, Stack size 24 bytes, stm32l1xx_rtc.o(.text), UNUSED)
<BR><BR>[Calls]<UL><LI><a href="#[71]">&gt;&gt;</a>&nbsp;&nbsp;&nbsp;RTC_Bcd2ToByte
</UL>

<P><STRONG><a name="[dc]"></a>RTC_AlarmCmd</STRONG> (Thumb, 112 bytes, Stack size 16 bytes, stm32l1xx_rtc.o(.text))
<BR><BR>[Stack]<UL><LI>Max Depth = 16<LI>Call Chain = RTC_AlarmCmd
</UL>
<BR>[Called By]<UL><LI><a href="#[db]">&gt;&gt;</a>&nbsp;&nbsp;&nbsp;RTC_Alarm_Configuration
</UL>

<P><STRONG><a name="[24c]"></a>RTC_AlarmSubSecondConfig</STRONG> (Thumb, 46 bytes, Stack size 12 bytes, stm32l1xx_rtc.o(.text), UNUSED)

<P><STRONG><a name="[24d]"></a>RTC_GetAlarmSubSecond</STRONG> (Thumb, 34 bytes, Stack size 0 bytes, stm32l1xx_rtc.o(.text), UNUSED)

<P><STRONG><a name="[24e]"></a>RTC_WakeUpClockConfig</STRONG> (Thumb, 42 bytes, Stack size 0 bytes, stm32l1xx_rtc.o(.text), UNUSED)

<P><STRONG><a name="[24f]"></a>RTC_SetWakeUpCounter</STRONG> (Thumb, 22 bytes, Stack size 0 bytes, stm32l1xx_rtc.o(.text), UNUSED)

<P><STRONG><a name="[250]"></a>RTC_GetWakeUpCounter</STRONG> (Thumb, 10 bytes, Stack size 0 bytes, stm32l1xx_rtc.o(.text), UNUSED)

<P><STRONG><a name="[251]"></a>RTC_WakeUpCmd</STRONG> (Thumb, 116 bytes, Stack size 12 bytes, stm32l1xx_rtc.o(.text), UNUSED)

<P><STRONG><a name="[252]"></a>RTC_DayLightSavingConfig</STRONG> (Thumb, 50 bytes, Stack size 0 bytes, stm32l1xx_rtc.o(.text), UNUSED)

<P><STRONG><a name="[253]"></a>RTC_GetStoreOperation</STRONG> (Thumb, 12 bytes, Stack size 0 bytes, stm32l1xx_rtc.o(.text), UNUSED)

<P><STRONG><a name="[254]"></a>RTC_OutputConfig</STRONG> (Thumb, 60 bytes, Stack size 0 bytes, stm32l1xx_rtc.o(.text), UNUSED)

<P><STRONG><a name="[78]"></a>RTC_CoarseCalibConfig</STRONG> (Thumb, 52 bytes, Stack size 16 bytes, stm32l1xx_rtc.o(.text), UNUSED)
<BR><BR>[Calls]<UL><LI><a href="#[6e]">&gt;&gt;</a>&nbsp;&nbsp;&nbsp;RTC_ExitInitMode
<LI><a href="#[6b]">&gt;&gt;</a>&nbsp;&nbsp;&nbsp;RTC_EnterInitMode
</UL>

<P><STRONG><a name="[79]"></a>RTC_CoarseCalibCmd</STRONG> (Thumb, 76 bytes, Stack size 12 bytes, stm32l1xx_rtc.o(.text), UNUSED)
<BR><BR>[Calls]<UL><LI><a href="#[6e]">&gt;&gt;</a>&nbsp;&nbsp;&nbsp;RTC_ExitInitMode
<LI><a href="#[6b]">&gt;&gt;</a>&nbsp;&nbsp;&nbsp;RTC_EnterInitMode
</UL>

<P><STRONG><a name="[255]"></a>RTC_CalibOutputCmd</STRONG> (Thumb, 54 bytes, Stack size 0 bytes, stm32l1xx_rtc.o(.text), UNUSED)

<P><STRONG><a name="[256]"></a>RTC_CalibOutputConfig</STRONG> (Thumb, 42 bytes, Stack size 0 bytes, stm32l1xx_rtc.o(.text), UNUSED)

<P><STRONG><a name="[257]"></a>RTC_SmoothCalibConfig</STRONG> (Thumb, 90 bytes, Stack size 16 bytes, stm32l1xx_rtc.o(.text), UNUSED)

<P><STRONG><a name="[258]"></a>RTC_TimeStampCmd</STRONG> (Thumb, 54 bytes, Stack size 8 bytes, stm32l1xx_rtc.o(.text), UNUSED)

<P><STRONG><a name="[7a]"></a>RTC_GetTimeStamp</STRONG> (Thumb, 144 bytes, Stack size 24 bytes, stm32l1xx_rtc.o(.text), UNUSED)
<BR><BR>[Calls]<UL><LI><a href="#[71]">&gt;&gt;</a>&nbsp;&nbsp;&nbsp;RTC_Bcd2ToByte
</UL>

<P><STRONG><a name="[259]"></a>RTC_GetTimeStampSubSecond</STRONG> (Thumb, 8 bytes, Stack size 0 bytes, stm32l1xx_rtc.o(.text), UNUSED)

<P><STRONG><a name="[25a]"></a>RTC_TamperTriggerConfig</STRONG> (Thumb, 38 bytes, Stack size 0 bytes, stm32l1xx_rtc.o(.text), UNUSED)

<P><STRONG><a name="[25b]"></a>RTC_TamperCmd</STRONG> (Thumb, 34 bytes, Stack size 0 bytes, stm32l1xx_rtc.o(.text), UNUSED)

<P><STRONG><a name="[25c]"></a>RTC_TamperFilterConfig</STRONG> (Thumb, 26 bytes, Stack size 0 bytes, stm32l1xx_rtc.o(.text), UNUSED)

<P><STRONG><a name="[25d]"></a>RTC_TamperSamplingFreqConfig</STRONG> (Thumb, 26 bytes, Stack size 0 bytes, stm32l1xx_rtc.o(.text), UNUSED)

<P><STRONG><a name="[25e]"></a>RTC_TamperPinsPrechargeDuration</STRONG> (Thumb, 26 bytes, Stack size 0 bytes, stm32l1xx_rtc.o(.text), UNUSED)

<P><STRONG><a name="[25f]"></a>RTC_TimeStampOnTamperDetectionCmd</STRONG> (Thumb, 38 bytes, Stack size 0 bytes, stm32l1xx_rtc.o(.text), UNUSED)

<P><STRONG><a name="[260]"></a>RTC_TamperPullUpCmd</STRONG> (Thumb, 38 bytes, Stack size 0 bytes, stm32l1xx_rtc.o(.text), UNUSED)

<P><STRONG><a name="[261]"></a>RTC_WriteBackupRegister</STRONG> (Thumb, 26 bytes, Stack size 8 bytes, stm32l1xx_rtc.o(.text), UNUSED)

<P><STRONG><a name="[262]"></a>RTC_ReadBackupRegister</STRONG> (Thumb, 28 bytes, Stack size 8 bytes, stm32l1xx_rtc.o(.text), UNUSED)

<P><STRONG><a name="[263]"></a>RTC_OutputTypeConfig</STRONG> (Thumb, 26 bytes, Stack size 0 bytes, stm32l1xx_rtc.o(.text), UNUSED)

<P><STRONG><a name="[7b]"></a>RTC_SynchroShiftConfig</STRONG> (Thumb, 118 bytes, Stack size 20 bytes, stm32l1xx_rtc.o(.text), UNUSED)
<BR><BR>[Calls]<UL><LI><a href="#[6c]">&gt;&gt;</a>&nbsp;&nbsp;&nbsp;RTC_WaitForSynchro
</UL>

<P><STRONG><a name="[dd]"></a>RTC_ITConfig</STRONG> (Thumb, 108 bytes, Stack size 0 bytes, stm32l1xx_rtc.o(.text))
<BR><BR>[Called By]<UL><LI><a href="#[db]">&gt;&gt;</a>&nbsp;&nbsp;&nbsp;RTC_Alarm_Configuration
</UL>

<P><STRONG><a name="[264]"></a>RTC_GetFlagStatus</STRONG> (Thumb, 34 bytes, Stack size 8 bytes, stm32l1xx_rtc.o(.text), UNUSED)

<P><STRONG><a name="[df]"></a>RTC_ClearFlag</STRONG> (Thumb, 30 bytes, Stack size 0 bytes, stm32l1xx_rtc.o(.text))
<BR><BR>[Called By]<UL><LI><a href="#[3c]">&gt;&gt;</a>&nbsp;&nbsp;&nbsp;RTC_Alarm_IRQHandler
<LI><a href="#[db]">&gt;&gt;</a>&nbsp;&nbsp;&nbsp;RTC_Alarm_Configuration
</UL>

<P><STRONG><a name="[e0]"></a>RTC_GetITStatus</STRONG> (Thumb, 66 bytes, Stack size 12 bytes, stm32l1xx_rtc.o(.text))
<BR><BR>[Stack]<UL><LI>Max Depth = 12<LI>Call Chain = RTC_GetITStatus
</UL>
<BR>[Called By]<UL><LI><a href="#[3c]">&gt;&gt;</a>&nbsp;&nbsp;&nbsp;RTC_Alarm_IRQHandler
</UL>

<P><STRONG><a name="[265]"></a>RTC_ClearITPendingBit</STRONG> (Thumb, 32 bytes, Stack size 0 bytes, stm32l1xx_rtc.o(.text), UNUSED)

<P><STRONG><a name="[7c]"></a>SPI_I2S_DeInit</STRONG> (Thumb, 76 bytes, Stack size 8 bytes, stm32l1xx_spi.o(.text), UNUSED)
<BR><BR>[Calls]<UL><LI><a href="#[64]">&gt;&gt;</a>&nbsp;&nbsp;&nbsp;RCC_APB1PeriphResetCmd
<LI><a href="#[49]">&gt;&gt;</a>&nbsp;&nbsp;&nbsp;RCC_APB2PeriphResetCmd
</UL>

<P><STRONG><a name="[f7]"></a>SPI_Init</STRONG> (Thumb, 60 bytes, Stack size 8 bytes, stm32l1xx_spi.o(.text))
<BR><BR>[Stack]<UL><LI>Max Depth = 8<LI>Call Chain = SPI_Init
</UL>
<BR>[Called By]<UL><LI><a href="#[ca]">&gt;&gt;</a>&nbsp;&nbsp;&nbsp;SPI1_SetSpeed
<LI><a href="#[bc]">&gt;&gt;</a>&nbsp;&nbsp;&nbsp;SPI1_Init
</UL>

<P><STRONG><a name="[7d]"></a>I2S_Init</STRONG> (Thumb, 212 bytes, Stack size 56 bytes, stm32l1xx_spi.o(.text), UNUSED)
<BR><BR>[Calls]<UL><LI><a href="#[66]">&gt;&gt;</a>&nbsp;&nbsp;&nbsp;RCC_GetClocksFreq
</UL>

<P><STRONG><a name="[266]"></a>SPI_StructInit</STRONG> (Thumb, 24 bytes, Stack size 0 bytes, stm32l1xx_spi.o(.text), UNUSED)

<P><STRONG><a name="[267]"></a>I2S_StructInit</STRONG> (Thumb, 20 bytes, Stack size 0 bytes, stm32l1xx_spi.o(.text), UNUSED)

<P><STRONG><a name="[f8]"></a>SPI_Cmd</STRONG> (Thumb, 24 bytes, Stack size 0 bytes, stm32l1xx_spi.o(.text))
<BR><BR>[Called By]<UL><LI><a href="#[ca]">&gt;&gt;</a>&nbsp;&nbsp;&nbsp;SPI1_SetSpeed
<LI><a href="#[bc]">&gt;&gt;</a>&nbsp;&nbsp;&nbsp;SPI1_Init
</UL>

<P><STRONG><a name="[268]"></a>I2S_Cmd</STRONG> (Thumb, 24 bytes, Stack size 0 bytes, stm32l1xx_spi.o(.text), UNUSED)

<P><STRONG><a name="[269]"></a>SPI_DataSizeConfig</STRONG> (Thumb, 18 bytes, Stack size 0 bytes, stm32l1xx_spi.o(.text), UNUSED)

<P><STRONG><a name="[26a]"></a>SPI_BiDirectionalLineConfig</STRONG> (Thumb, 28 bytes, Stack size 0 bytes, stm32l1xx_spi.o(.text), UNUSED)

<P><STRONG><a name="[26b]"></a>SPI_NSSInternalSoftwareConfig</STRONG> (Thumb, 30 bytes, Stack size 0 bytes, stm32l1xx_spi.o(.text), UNUSED)

<P><STRONG><a name="[26c]"></a>SPI_SSOutputCmd</STRONG> (Thumb, 24 bytes, Stack size 0 bytes, stm32l1xx_spi.o(.text), UNUSED)

<P><STRONG><a name="[c2]"></a>SPI_I2S_ReceiveData</STRONG> (Thumb, 6 bytes, Stack size 0 bytes, stm32l1xx_spi.o(.text))
<BR><BR>[Called By]<UL><LI><a href="#[f9]">&gt;&gt;</a>&nbsp;&nbsp;&nbsp;SPI1_ReadWriteByte
<LI><a href="#[bf]">&gt;&gt;</a>&nbsp;&nbsp;&nbsp;SPI_NRF_RW
</UL>

<P><STRONG><a name="[c1]"></a>SPI_I2S_SendData</STRONG> (Thumb, 4 bytes, Stack size 0 bytes, stm32l1xx_spi.o(.text))
<BR><BR>[Called By]<UL><LI><a href="#[f9]">&gt;&gt;</a>&nbsp;&nbsp;&nbsp;SPI1_ReadWriteByte
<LI><a href="#[bf]">&gt;&gt;</a>&nbsp;&nbsp;&nbsp;SPI_NRF_RW
</UL>

<P><STRONG><a name="[26d]"></a>SPI_CalculateCRC</STRONG> (Thumb, 24 bytes, Stack size 0 bytes, stm32l1xx_spi.o(.text), UNUSED)

<P><STRONG><a name="[26e]"></a>SPI_TransmitCRC</STRONG> (Thumb, 10 bytes, Stack size 0 bytes, stm32l1xx_spi.o(.text), UNUSED)

<P><STRONG><a name="[26f]"></a>SPI_GetCRC</STRONG> (Thumb, 16 bytes, Stack size 0 bytes, stm32l1xx_spi.o(.text), UNUSED)

<P><STRONG><a name="[270]"></a>SPI_GetCRCPolynomial</STRONG> (Thumb, 6 bytes, Stack size 0 bytes, stm32l1xx_spi.o(.text), UNUSED)

<P><STRONG><a name="[271]"></a>SPI_I2S_DMACmd</STRONG> (Thumb, 18 bytes, Stack size 0 bytes, stm32l1xx_spi.o(.text), UNUSED)

<P><STRONG><a name="[272]"></a>SPI_I2S_ITConfig</STRONG> (Thumb, 32 bytes, Stack size 12 bytes, stm32l1xx_spi.o(.text), UNUSED)

<P><STRONG><a name="[c0]"></a>SPI_I2S_GetFlagStatus</STRONG> (Thumb, 18 bytes, Stack size 0 bytes, stm32l1xx_spi.o(.text))
<BR><BR>[Called By]<UL><LI><a href="#[f9]">&gt;&gt;</a>&nbsp;&nbsp;&nbsp;SPI1_ReadWriteByte
<LI><a href="#[bf]">&gt;&gt;</a>&nbsp;&nbsp;&nbsp;SPI_NRF_RW
</UL>

<P><STRONG><a name="[273]"></a>SPI_I2S_ClearFlag</STRONG> (Thumb, 6 bytes, Stack size 0 bytes, stm32l1xx_spi.o(.text), UNUSED)

<P><STRONG><a name="[274]"></a>SPI_I2S_GetITStatus</STRONG> (Thumb, 52 bytes, Stack size 20 bytes, stm32l1xx_spi.o(.text), UNUSED)

<P><STRONG><a name="[275]"></a>SPI_I2S_ClearITPendingBit</STRONG> (Thumb, 20 bytes, Stack size 8 bytes, stm32l1xx_spi.o(.text), UNUSED)

<P><STRONG><a name="[7e]"></a>SYSCFG_DeInit</STRONG> (Thumb, 20 bytes, Stack size 8 bytes, stm32l1xx_syscfg.o(.text), UNUSED)
[...]
<BR><BR>[Stack]<UL><LI>Max Depth = 4<LI>Call Chain = __aeabi_i2f &rArr; _float_epilogue
</UL>
<BR>[Calls]<UL><LI><a href="#[1b3]">&gt;&gt;</a>&nbsp;&nbsp;&nbsp;_float_epilogue
</UL>
<BR>[Called By]<UL><LI><a href="#[108]">&gt;&gt;</a>&nbsp;&nbsp;&nbsp;DS18B20_Get_Temp
<LI><a href="#[169]">&gt;&gt;</a>&nbsp;&nbsp;&nbsp;FEC_Threshold_Set
<LI><a href="#[167]">&gt;&gt;</a>&nbsp;&nbsp;&nbsp;WTM_Threshold_Set
<LI><a href="#[165]">&gt;&gt;</a>&nbsp;&nbsp;&nbsp;ICT_Threshold_Set
<LI><a href="#[162]">&gt;&gt;</a>&nbsp;&nbsp;&nbsp;ICT_Data_Report
<LI><a href="#[158]">&gt;&gt;</a>&nbsp;&nbsp;&nbsp;ICT_Data_Call
</UL>

<P><STRONG><a name="[122]"></a>__aeabi_ui2f</STRONG> (Thumb, 10 bytes, Stack size 0 bytes, ffltui.o(.text))
<BR><BR>[Stack]<UL><LI>Max Depth = 4<LI>Call Chain = __aeabi_ui2f &rArr; _float_epilogue
</UL>
<BR>[Calls]<UL><LI><a href="#[1b3]">&gt;&gt;</a>&nbsp;&nbsp;&nbsp;_float_epilogue
</UL>
<BR>[Called By]<UL><LI><a href="#[8]">&gt;&gt;</a>&nbsp;&nbsp;&nbsp;_temp_sht10_read
<LI><a href="#[a7]">&gt;&gt;</a>&nbsp;&nbsp;&nbsp;Show_HomePage
<LI><a href="#[162]">&gt;&gt;</a>&nbsp;&nbsp;&nbsp;ICT_Data_Report
<LI><a href="#[158]">&gt;&gt;</a>&nbsp;&nbsp;&nbsp;ICT_Data_Call
</UL>

<P><STRONG><a name="[170]"></a>__aeabi_i2d</STRONG> (Thumb, 34 bytes, Stack size 16 bytes, dflti.o(.text))
<BR><BR>[Stack]<UL><LI>Max Depth = 56<LI>Call Chain = __aeabi_i2d &rArr; _double_epilogue &rArr; _double_round
</UL>
<BR>[Calls]<UL><LI><a href="#[1b9]">&gt;&gt;</a>&nbsp;&nbsp;&nbsp;_double_epilogue
</UL>
<BR>[Called By]<UL><LI><a href="#[16f]">&gt;&gt;</a>&nbsp;&nbsp;&nbsp;FEC_Threshold_Query
</UL>

<P><STRONG><a name="[15b]"></a>__aeabi_f2iz</STRONG> (Thumb, 50 bytes, Stack size 0 bytes, ffixi.o(.text))
<BR><BR>[Called By]<UL><LI><a href="#[16f]">&gt;&gt;</a>&nbsp;&nbsp;&nbsp;FEC_Threshold_Query
<LI><a href="#[162]">&gt;&gt;</a>&nbsp;&nbsp;&nbsp;ICT_Data_Report
<LI><a href="#[158]">&gt;&gt;</a>&nbsp;&nbsp;&nbsp;ICT_Data_Call
</UL>

<P><STRONG><a name="[10c]"></a>__aeabi_d2iz</STRONG> (Thumb, 62 bytes, Stack size 16 bytes, dfixi.o(.text))
<BR><BR>[Stack]<UL><LI>Max Depth = 16<LI>Call Chain = __aeabi_d2iz
</UL>
<BR>[Calls]<UL><LI><a href="#[1bc]">&gt;&gt;</a>&nbsp;&nbsp;&nbsp;__aeabi_llsr
</UL>
<BR>[Called By]<UL><LI><a href="#[108]">&gt;&gt;</a>&nbsp;&nbsp;&nbsp;DS18B20_Get_Temp
<LI><a href="#[16f]">&gt;&gt;</a>&nbsp;&nbsp;&nbsp;FEC_Threshold_Query
<LI><a href="#[16d]">&gt;&gt;</a>&nbsp;&nbsp;&nbsp;WTM_Threshold_Query
<LI><a href="#[16c]">&gt;&gt;</a>&nbsp;&nbsp;&nbsp;ICT_Threshold_Query
<LI><a href="#[164]">&gt;&gt;</a>&nbsp;&nbsp;&nbsp;Sensor_Data_Report
<LI><a href="#[162]">&gt;&gt;</a>&nbsp;&nbsp;&nbsp;ICT_Data_Report
<LI><a href="#[160]">&gt;&gt;</a>&nbsp;&nbsp;&nbsp;FEC_Data_Call
<LI><a href="#[15e]">&gt;&gt;</a>&nbsp;&nbsp;&nbsp;WVS_Data_Call
<LI><a href="#[15c]">&gt;&gt;</a>&nbsp;&nbsp;&nbsp;WTM_Data_Call
<LI><a href="#[158]">&gt;&gt;</a>&nbsp;&nbsp;&nbsp;ICT_Data_Call
</UL>

<P><STRONG><a name="[10a]"></a>__aeabi_f2d</STRONG> (Thumb, 38 bytes, Stack size 0 bytes, f2d.o(.text))
<BR><BR>[Called By]<UL><LI><a href="#[118]">&gt;&gt;</a>&nbsp;&nbsp;&nbsp;sht10_calc
<LI><a href="#[108]">&gt;&gt;</a>&nbsp;&nbsp;&nbsp;DS18B20_Get_Temp
<LI><a href="#[a7]">&gt;&gt;</a>&nbsp;&nbsp;&nbsp;Show_HomePage
<LI><a href="#[16d]">&gt;&gt;</a>&nbsp;&nbsp;&nbsp;WTM_Threshold_Query
<LI><a href="#[16c]">&gt;&gt;</a>&nbsp;&nbsp;&nbsp;ICT_Threshold_Query
<LI><a href="#[169]">&gt;&gt;</a>&nbsp;&nbsp;&nbsp;FEC_Threshold_Set
<LI><a href="#[167]">&gt;&gt;</a>&nbsp;&nbsp;&nbsp;WTM_Threshold_Set
<LI><a href="#[165]">&gt;&gt;</a>&nbsp;&nbsp;&nbsp;ICT_Threshold_Set
<LI><a href="#[164]">&gt;&gt;</a>&nbsp;&nbsp;&nbsp;Sensor_Data_Report
<LI><a href="#[162]">&gt;&gt;</a>&nbsp;&nbsp;&nbsp;ICT_Data_Report
<LI><a href="#[160]">&gt;&gt;</a>&nbsp;&nbsp;&nbsp;FEC_Data_Call
<LI><a href="#[15e]">&gt;&gt;</a>&nbsp;&nbsp;&nbsp;WVS_Data_Call
<LI><a href="#[15c]">&gt;&gt;</a>&nbsp;&nbsp;&nbsp;WTM_Data_Call
<LI><a href="#[158]">&gt;&gt;</a>&nbsp;&nbsp;&nbsp;ICT_Data_Call
</UL>

<P><STRONG><a name="[2de]"></a>__aeabi_cdcmpeq</STRONG> (Thumb, 0 bytes, Stack size 0 bytes, cdcmple.o(.text), UNUSED)

<P><STRONG><a name="[11f]"></a>__aeabi_cdcmple</STRONG> (Thumb, 48 bytes, Stack size 0 bytes, cdcmple.o(.text))
<BR><BR>[Called By]<UL><LI><a href="#[118]">&gt;&gt;</a>&nbsp;&nbsp;&nbsp;sht10_calc
<LI><a href="#[a7]">&gt;&gt;</a>&nbsp;&nbsp;&nbsp;Show_HomePage
</UL>

<P><STRONG><a name="[1b0]"></a>__aeabi_cdrcmple</STRONG> (Thumb, 48 bytes, Stack size 0 bytes, cdrcmple.o(.text))
<BR><BR>[Called By]<UL><LI><a href="#[a7]">&gt;&gt;</a>&nbsp;&nbsp;&nbsp;Show_HomePage
</UL>

<P><STRONG><a name="[11a]"></a>__aeabi_d2f</STRONG> (Thumb, 56 bytes, Stack size 8 bytes, d2f.o(.text))
<BR><BR>[Stack]<UL><LI>Max Depth = 8<LI>Call Chain = __aeabi_d2f
</UL>
<BR>[Calls]<UL><LI><a href="#[1b4]">&gt;&gt;</a>&nbsp;&nbsp;&nbsp;_float_round
</UL>
<BR>[Called By]<UL><LI><a href="#[118]">&gt;&gt;</a>&nbsp;&nbsp;&nbsp;sht10_calc
<LI><a href="#[a7]">&gt;&gt;</a>&nbsp;&nbsp;&nbsp;Show_HomePage
<LI><a href="#[169]">&gt;&gt;</a>&nbsp;&nbsp;&nbsp;FEC_Threshold_Set
<LI><a href="#[167]">&gt;&gt;</a>&nbsp;&nbsp;&nbsp;WTM_Threshold_Set
<LI><a href="#[165]">&gt;&gt;</a>&nbsp;&nbsp;&nbsp;ICT_Threshold_Set
<LI><a href="#[162]">&gt;&gt;</a>&nbsp;&nbsp;&nbsp;ICT_Data_Report
<LI><a href="#[158]">&gt;&gt;</a>&nbsp;&nbsp;&nbsp;ICT_Data_Call
</UL>

<P><STRONG><a name="[15d]"></a>__aeabi_cfcmpeq</STRONG> (Thumb, 0 bytes, Stack size 0 bytes, cfcmple.o(.text))
<BR><BR>[Called By]<UL><LI><a href="#[160]">&gt;&gt;</a>&nbsp;&nbsp;&nbsp;FEC_Data_Call
<LI><a href="#[15e]">&gt;&gt;</a>&nbsp;&nbsp;&nbsp;WVS_Data_Call
<LI><a href="#[15c]">&gt;&gt;</a>&nbsp;&nbsp;&nbsp;WTM_Data_Call
</UL>

<P><STRONG><a name="[163]"></a>__aeabi_cfcmple</STRONG> (Thumb, 20 bytes, Stack size 0 bytes, cfcmple.o(.text))
<BR><BR>[Called By]<UL><LI><a href="#[a7]">&gt;&gt;</a>&nbsp;&nbsp;&nbsp;Show_HomePage
<LI><a href="#[162]">&gt;&gt;</a>&nbsp;&nbsp;&nbsp;ICT_Data_Report
</UL>

<P><STRONG><a name="[11e]"></a>__aeabi_cfrcmple</STRONG> (Thumb, 20 bytes, Stack size 0 bytes, cfrcmple.o(.text))
<BR><BR>[Called By]<UL><LI><a href="#[118]">&gt;&gt;</a>&nbsp;&nbsp;&nbsp;sht10_calc
<LI><a href="#[a7]">&gt;&gt;</a>&nbsp;&nbsp;&nbsp;Show_HomePage
<LI><a href="#[162]">&gt;&gt;</a>&nbsp;&nbsp;&nbsp;ICT_Data_Report
</UL>

<P><STRONG><a name="[2df]"></a>__aeabi_uidiv</STRONG> (Thumb, 0 bytes, Stack size 12 bytes, uidiv.o(.text), UNUSED)

<P><STRONG><a name="[1c1]"></a>__aeabi_uidivmod</STRONG> (Thumb, 44 bytes, Stack size 12 bytes, uidiv.o(.text), UNUSED)
<BR><BR>[Called By]<UL><LI><a href="#[1bf]">&gt;&gt;</a>&nbsp;&nbsp;&nbsp;_printf_core
</UL>

<P><STRONG><a name="[1b7]"></a>__aeabi_llsl</STRONG> (Thumb, 30 bytes, Stack size 0 bytes, llshl.o(.text))
<BR><BR>[Called By]<UL><LI><a href="#[1b9]">&gt;&gt;</a>&nbsp;&nbsp;&nbsp;_double_epilogue
<LI><a href="#[1b6]">&gt;&gt;</a>&nbsp;&nbsp;&nbsp;__aeabi_dadd
</UL>

<P><STRONG><a name="[2e0]"></a>_ll_shift_l</STRONG> (Thumb, 0 bytes, Stack size 0 bytes, llshl.o(.text), UNUSED)

<P><STRONG><a name="[1bc]"></a>__aeabi_llsr</STRONG> (Thumb, 32 bytes, Stack size 0 bytes, llushr.o(.text))
<BR><BR>[Called By]<UL><LI><a href="#[10c]">&gt;&gt;</a>&nbsp;&nbsp;&nbsp;__aeabi_d2iz
<LI><a href="#[1b9]">&gt;&gt;</a>&nbsp;&nbsp;&nbsp;_double_epilogue
</UL>

<P><STRONG><a name="[2e1]"></a>_ll_ushift_r</STRONG> (Thumb, 0 bytes, Stack size 0 bytes, llushr.o(.text), UNUSED)

<P><STRONG><a name="[1b8]"></a>__aeabi_lasr</STRONG> (Thumb, 36 bytes, Stack size 0 bytes, llsshr.o(.text))
<BR><BR>[Called By]<UL><LI><a href="#[1b6]">&gt;&gt;</a>&nbsp;&nbsp;&nbsp;__aeabi_dadd
</UL>

<P><STRONG><a name="[2e2]"></a>_ll_sshift_r</STRONG> (Thumb, 0 bytes, Stack size 0 bytes, llsshr.o(.text), UNUSED)

<P><STRONG><a name="[2e3]"></a>__I$use$fp</STRONG> (Thumb, 0 bytes, Stack size 0 bytes, iusefp.o(.text), UNUSED)

<P><STRONG><a name="[1b4]"></a>_float_round</STRONG> (Thumb, 18 bytes, Stack size 0 bytes, fepilogue.o(.text))
<BR><BR>[Called By]<UL><LI><a href="#[11c]">&gt;&gt;</a>&nbsp;&nbsp;&nbsp;__aeabi_fadd
<LI><a href="#[11a]">&gt;&gt;</a>&nbsp;&nbsp;&nbsp;__aeabi_d2f
<LI><a href="#[15a]">&gt;&gt;</a>&nbsp;&nbsp;&nbsp;__aeabi_fdiv
</UL>

<P><STRONG><a name="[1b3]"></a>_float_epilogue</STRONG> (Thumb, 92 bytes, Stack size 4 bytes, fepilogue.o(.text))
<BR><BR>[Stack]<UL><LI>Max Depth = 4<LI>Call Chain = _float_epilogue
</UL>
<BR>[Called By]<UL><LI><a href="#[122]">&gt;&gt;</a>&nbsp;&nbsp;&nbsp;__aeabi_ui2f
<LI><a href="#[11c]">&gt;&gt;</a>&nbsp;&nbsp;&nbsp;__aeabi_fadd
<LI><a href="#[109]">&gt;&gt;</a>&nbsp;&nbsp;&nbsp;__aeabi_i2f
</UL>

<P><STRONG><a name="[1ba]"></a>_double_round</STRONG> (Thumb, 30 bytes, Stack size 8 bytes, depilogue.o(.text))
<BR><BR>[Stack]<UL><LI>Max Depth = 8<LI>Call Chain = _double_round
</UL>
<BR>[Called By]<UL><LI><a href="#[166]">&gt;&gt;</a>&nbsp;&nbsp;&nbsp;__aeabi_ddiv
<LI><a href="#[1b9]">&gt;&gt;</a>&nbsp;&nbsp;&nbsp;_double_epilogue
<LI><a href="#[1b6]">&gt;&gt;</a>&nbsp;&nbsp;&nbsp;__aeabi_dadd
</UL>

<P><STRONG><a name="[1b9]"></a>_double_epilogue</STRONG> (Thumb, 156 bytes, Stack size 32 bytes, depilogue.o(.text))
<BR><BR>[Stack]<UL><LI>Max Depth = 40<LI>Call Chain = _double_epilogue &rArr; _double_round
</UL>
<BR>[Calls]<UL><LI><a href="#[1bc]">&gt;&gt;</a>&nbsp;&nbsp;&nbsp;__aeabi_llsr
<LI><a href="#[1b7]">&gt;&gt;</a>&nbsp;&nbsp;&nbsp;__aeabi_llsl
<LI><a href="#[1ba]">&gt;&gt;</a>&nbsp;&nbsp;&nbsp;_double_round
</UL>
<BR>[Called By]<UL><LI><a href="#[10b]">&gt;&gt;</a>&nbsp;&nbsp;&nbsp;__aeabi_dmul
<LI><a href="#[170]">&gt;&gt;</a>&nbsp;&nbsp;&nbsp;__aeabi_i2d
<LI><a href="#[1b6]">&gt;&gt;</a>&nbsp;&nbsp;&nbsp;__aeabi_dadd
</UL>

<P><STRONG><a name="[47]"></a>__scatterload</STRONG> (Thumb, 28 bytes, Stack size 0 bytes, init.o(.text))
<BR><BR>[Calls]<UL><LI><a href="#[1bd]">&gt;&gt;</a>&nbsp;&nbsp;&nbsp;__main_after_scatterload
</UL>
<BR>[Called By]<UL><LI><a href="#[46]">&gt;&gt;</a>&nbsp;&nbsp;&nbsp;_main_scatterload
</UL>

<P><STRONG><a name="[2e4]"></a>__scatterload_rt2</STRONG> (Thumb, 0 bytes, Stack size 0 bytes, init.o(.text), UNUSED)

<P><STRONG><a name="[2e5]"></a>__decompress</STRONG> (Thumb, 0 bytes, Stack size unknown bytes, __dclz77c.o(.text), UNUSED)

<P><STRONG><a name="[2e6]"></a>__decompress2</STRONG> (Thumb, 94 bytes, Stack size unknown bytes, __dclz77c.o(.text), UNUSED)

<P><STRONG><a name="[1be]"></a>__0sprintf$6</STRONG> (Thumb, 34 bytes, Stack size 24 bytes, printf6.o(i.__0sprintf$6), UNUSED)
<BR><BR>[Calls]<UL><LI><a href="#[43]">&gt;&gt;</a>&nbsp;&nbsp;&nbsp;_sputc
<LI><a href="#[1bf]">&gt;&gt;</a>&nbsp;&nbsp;&nbsp;_printf_core
</UL>

<P><STRONG><a name="[2e7]"></a>__1sprintf$6</STRONG> (Thumb, 0 bytes, Stack size 24 bytes, printf6.o(i.__0sprintf$6), UNUSED)

<P><STRONG><a name="[134]"></a>__2sprintf</STRONG> (Thumb, 0 bytes, Stack size 24 bytes, printf6.o(i.__0sprintf$6))
<BR><BR>[Stack]<UL><LI>Max Depth = 24<LI>Call Chain = __2sprintf
</UL>
<BR>[Called By]<UL><LI><a href="#[12b]">&gt;&gt;</a>&nbsp;&nbsp;&nbsp;NBBCxx_setNMGS_char
<LI><a href="#[133]">&gt;&gt;</a>&nbsp;&nbsp;&nbsp;NBAT_sendCmd
<LI><a href="#[14b]">&gt;&gt;</a>&nbsp;&nbsp;&nbsp;NBBCxx_setNSORFTcp
<LI><a href="#[14a]">&gt;&gt;</a>&nbsp;&nbsp;&nbsp;NBBCxx_setNSOSDTcp
<LI><a href="#[149]">&gt;&gt;</a>&nbsp;&nbsp;&nbsp;NBBCxx_setNSOTSUdp
<LI><a href="#[148]">&gt;&gt;</a>&nbsp;&nbsp;&nbsp;NBBCxx_setNSOCOTcp
<LI><a href="#[147]">&gt;&gt;</a>&nbsp;&nbsp;&nbsp;NBBCxx_setNSOCR
<LI><a href="#[143]">&gt;&gt;</a>&nbsp;&nbsp;&nbsp;NBBCxx_setNCDP
</UL>

<P><STRONG><a name="[2e8]"></a>__scatterload_copy</STRONG> (Thumb, 14 bytes, Stack size unknown bytes, handlers.o(i.__scatterload_copy), UNUSED)

<P><STRONG><a name="[2e9]"></a>__scatterload_null</STRONG> (Thumb, 2 bytes, Stack size unknown bytes, handlers.o(i.__scatterload_null), UNUSED)

<P><STRONG><a name="[2ea]"></a>__scatterload_zeroinit</STRONG> (Thumb, 14 bytes, Stack size unknown bytes, handlers.o(i.__scatterload_zeroinit), UNUSED)
<P>
<H3>
Local Symbols
</H3>
<P><STRONG><a name="[72]"></a>RTC_ByteToBcd2</STRONG> (Thumb, 28 bytes, Stack size 0 bytes, stm32l1xx_rtc.o(.text))
<BR><BR>[Called By]<UL><LI><a href="#[76]">&gt;&gt;</a>&nbsp;&nbsp;&nbsp;RTC_SetAlarm
<LI><a href="#[74]">&gt;&gt;</a>&nbsp;&nbsp;&nbsp;RTC_SetDate
<LI><a href="#[70]">&gt;&gt;</a>&nbsp;&nbsp;&nbsp;RTC_SetTime
</UL>

<P><STRONG><a name="[71]"></a>RTC_Bcd2ToByte</STRONG> (Thumb, 22 bytes, Stack size 0 bytes, stm32l1xx_rtc.o(.text))
<BR><BR>[Called By]<UL><LI><a href="#[7a]">&gt;&gt;</a>&nbsp;&nbsp;&nbsp;RTC_GetTimeStamp
<LI><a href="#[77]">&gt;&gt;</a>&nbsp;&nbsp;&nbsp;RTC_GetAlarm
<LI><a href="#[76]">&gt;&gt;</a>&nbsp;&nbsp;&nbsp;RTC_SetAlarm
<LI><a href="#[75]">&gt;&gt;</a>&nbsp;&nbsp;&nbsp;RTC_GetDate
<LI><a href="#[74]">&gt;&gt;</a>&nbsp;&nbsp;&nbsp;RTC_SetDate
<LI><a href="#[73]">&gt;&gt;</a>&nbsp;&nbsp;&nbsp;RTC_GetTime
<LI><a href="#[70]">&gt;&gt;</a>&nbsp;&nbsp;&nbsp;RTC_SetTime
</UL>

<P><STRONG><a name="[87]"></a>TI4_Config</STRONG> (Thumb, 80 bytes, Stack size 20 bytes, stm32l1xx_tim.o(.text), UNUSED)
<BR><BR>[Called By]<UL><LI><a href="#[80]">&gt;&gt;</a>&nbsp;&nbsp;&nbsp;TIM_ICInit
</UL>

<P><STRONG><a name="[85]"></a>TI3_Config</STRONG> (Thumb, 72 bytes, Stack size 20 bytes, stm32l1xx_tim.o(.text), UNUSED)
<BR><BR>[Called By]<UL><LI><a href="#[80]">&gt;&gt;</a>&nbsp;&nbsp;&nbsp;TIM_ICInit
</UL>

<P><STRONG><a name="[83]"></a>TI2_Config</STRONG> (Thumb, 80 bytes, Stack size 20 bytes, stm32l1xx_tim.o(.text), UNUSED)
<BR><BR>[Called By]<UL><LI><a href="#[8c]">&gt;&gt;</a>&nbsp;&nbsp;&nbsp;TIM_TIxExternalClockConfig
<LI><a href="#[89]">&gt;&gt;</a>&nbsp;&nbsp;&nbsp;TIM_PWMIConfig
<LI><a href="#[80]">&gt;&gt;</a>&nbsp;&nbsp;&nbsp;TIM_ICInit
</UL>

<P><STRONG><a name="[81]"></a>TI1_Config</STRONG> (Thumb, 58 bytes, Stack size 20 bytes, stm32l1xx_tim.o(.text), UNUSED)
<BR><BR>[Called By]<UL><LI><a href="#[8c]">&gt;&gt;</a>&nbsp;&nbsp;&nbsp;TIM_TIxExternalClockConfig
<LI><a href="#[89]">&gt;&gt;</a>&nbsp;&nbsp;&nbsp;TIM_PWMIConfig
<LI><a href="#[80]">&gt;&gt;</a>&nbsp;&nbsp;&nbsp;TIM_ICInit
</UL>

<P><STRONG><a name="[ae]"></a>SetSysClock</STRONG> (Thumb, 258 bytes, Stack size 12 bytes, system_stm32l1xx.o(.text))
<BR><BR>[Stack]<UL><LI>Max Depth = 12<LI>Call Chain = SetSysClock
</UL>
<BR>[Called By]<UL><LI><a href="#[41]">&gt;&gt;</a>&nbsp;&nbsp;&nbsp;SystemInit
</UL>

<P><STRONG><a name="[116]"></a>sht10_write_byte</STRONG> (Thumb, 138 bytes, Stack size 24 bytes, sht10.o(.text))
<BR><BR>[Stack]<UL><LI>Max Depth = 24<LI>Call Chain = sht10_write_byte
</UL>
<BR>[Called By]<UL><LI><a href="#[114]">&gt;&gt;</a>&nbsp;&nbsp;&nbsp;sht10_measure
</UL>

<P><STRONG><a name="[117]"></a>sht10_read_byte</STRONG> (Thumb, 140 bytes, Stack size 24 bytes, sht10.o(.text))
<BR><BR>[Stack]<UL><LI>Max Depth = 24<LI>Call Chain = sht10_read_byte
</UL>
<BR>[Called By]<UL><LI><a href="#[114]">&gt;&gt;</a>&nbsp;&nbsp;&nbsp;sht10_measure
</UL>

<P><STRONG><a name="[0]"></a>_sht10_data_pin_set</STRONG> (Thumb, 20 bytes, Stack size 16 bytes, temp.o(.text))
<BR><BR>[Stack]<UL><LI>Max Depth = 16<LI>Call Chain = _sht10_data_pin_set
</UL>
<BR>[Calls]<UL><LI><a href="#[120]">&gt;&gt;</a>&nbsp;&nbsp;&nbsp;GPIO_WriteBit
</UL>
<BR>[Address Reference Count : 1]<UL><LI> temp.o(.data)
</UL>
<P><STRONG><a name="[1]"></a>_sht10_sck_pin_set</STRONG> (Thumb, 20 bytes, Stack size 16 bytes, temp.o(.text))
<BR><BR>[Stack]<UL><LI>Max Depth = 16<LI>Call Chain = _sht10_sck_pin_set
</UL>
<BR>[Calls]<UL><LI><a href="#[120]">&gt;&gt;</a>&nbsp;&nbsp;&nbsp;GPIO_WriteBit
</UL>
<BR>[Address Reference Count : 1]<UL><LI> temp.o(.data)
</UL>
<P><STRONG><a name="[2]"></a>_sht10_data_pin_get</STRONG> (Thumb, 26 bytes, Stack size 16 bytes, temp.o(.text))
<BR><BR>[Stack]<UL><LI>Max Depth = 16<LI>Call Chain = _sht10_data_pin_get
</UL>
<BR>[Calls]<UL><LI><a href="#[cc]">&gt;&gt;</a>&nbsp;&nbsp;&nbsp;GPIO_ReadInputDataBit
</UL>
<BR>[Address Reference Count : 1]<UL><LI> temp.o(.data)
</UL>
<P><STRONG><a name="[3]"></a>_sht10_data_pin_set_out</STRONG> (Thumb, 2 bytes, Stack size 0 bytes, temp.o(.text))
<BR>[Address Reference Count : 1]<UL><LI> temp.o(.data)
</UL>
<P><STRONG><a name="[4]"></a>_sht10_data_pin_set_in</STRONG> (Thumb, 2 bytes, Stack size 0 bytes, temp.o(.text))
<BR>[Address Reference Count : 1]<UL><LI> temp.o(.data)
</UL>
<P><STRONG><a name="[7]"></a>_temp_sht10_init</STRONG> (Thumb, 68 bytes, Stack size 24 bytes, temp.o(.text))
<BR><BR>[Stack]<UL><LI>Max Depth = 44<LI>Call Chain = _temp_sht10_init &rArr; GPIO_Init
</UL>
<BR>[Calls]<UL><LI><a href="#[b4]">&gt;&gt;</a>&nbsp;&nbsp;&nbsp;RCC_AHBPeriphClockCmd
<LI><a href="#[b5]">&gt;&gt;</a>&nbsp;&nbsp;&nbsp;GPIO_Init
</UL>
<BR>[Address Reference Count : 1]<UL><LI> temp.o(.data)
</UL>
<P><STRONG><a name="[8]"></a>_temp_sht10_read</STRONG> (Thumb, 68 bytes, Stack size 32 bytes, temp.o(.text))
<BR><BR>[Stack]<UL><LI>Max Depth = 200<LI>Call Chain = _temp_sht10_read &rArr; sht10_calc &rArr; __aeabi_dsub &rArr; __aeabi_dadd &rArr; _double_epilogue &rArr; _double_round
</UL>
<BR>[Calls]<UL><LI><a href="#[122]">&gt;&gt;</a>&nbsp;&nbsp;&nbsp;__aeabi_ui2f
<LI><a href="#[118]">&gt;&gt;</a>&nbsp;&nbsp;&nbsp;sht10_calc
<LI><a href="#[114]">&gt;&gt;</a>&nbsp;&nbsp;&nbsp;sht10_measure
<LI><a href="#[121]">&gt;&gt;</a>&nbsp;&nbsp;&nbsp;sht10_connection_reset
</UL>
<BR>[Address Reference Count : 1]<UL><LI> temp.o(.data)
</UL>
<P><STRONG><a name="[137]"></a>NBBCxx_checkHexStr</STRONG> (Thumb, 80 bytes, Stack size 16 bytes, nb_interface.o(.text), UNUSED)
<BR><BR>[Calls]<UL><LI><a href="#[124]">&gt;&gt;</a>&nbsp;&nbsp;&nbsp;strlen
</UL>
<BR>[Called By]<UL><LI><a href="#[14a]">&gt;&gt;</a>&nbsp;&nbsp;&nbsp;NBBCxx_setNSOSDTcp
<LI><a href="#[149]">&gt;&gt;</a>&nbsp;&nbsp;&nbsp;NBBCxx_setNSOTSUdp
</UL>

<P><STRONG><a name="[14c]"></a>get_urc_obj</STRONG> (Thumb, 638 bytes, Stack size 32 bytes, nb_interface.o(.text), UNUSED)
<BR><BR>[Calls]<UL><LI><a href="#[128]">&gt;&gt;</a>&nbsp;&nbsp;&nbsp;strncmp
<LI><a href="#[124]">&gt;&gt;</a>&nbsp;&nbsp;&nbsp;strlen
</UL>
<BR>[Called By]<UL><LI><a href="#[14d]">&gt;&gt;</a>&nbsp;&nbsp;&nbsp;NBBCxx_getUrc
</UL>

<P><STRONG><a name="[44]"></a>urc_connect_func</STRONG> (Thumb, 2 bytes, Stack size 0 bytes, nb_process.o(.text))
<BR>[Address Reference Count : 1]<UL><LI> nb_process.o(.constdata)
</UL>
<P><STRONG><a name="[45]"></a>urc_recvdata_func</STRONG> (Thumb, 32 bytes, Stack size 112 bytes, nb_process.o(.text))
<BR><BR>[Stack]<UL><LI>Max Depth = 196<LI>Call Chain = urc_recvdata_func &rArr; NBBCxx_setNSORFTcp &rArr; NBAT_sendCmd &rArr; NBAT_checkCmd &rArr; strstr
</UL>
<BR>[Calls]<UL><LI><a href="#[129]">&gt;&gt;</a>&nbsp;&nbsp;&nbsp;__aeabi_memclr4
<LI><a href="#[14b]">&gt;&gt;</a>&nbsp;&nbsp;&nbsp;NBBCxx_setNSORFTcp
</UL>
<BR>[Address Reference Count : 1]<UL><LI> nb_process.o(.constdata)
</UL>
<P><STRONG><a name="[1bf]"></a>_printf_core</STRONG> (Thumb, 748 bytes, Stack size 96 bytes, printf6.o(i._printf_core), UNUSED)
<BR><BR>[Calls]<UL><LI><a href="#[1c0]">&gt;&gt;</a>&nbsp;&nbsp;&nbsp;_printf_pre_padding
<LI><a href="#[1c2]">&gt;&gt;</a>&nbsp;&nbsp;&nbsp;_printf_post_padding
<LI><a href="#[1c1]">&gt;&gt;</a>&nbsp;&nbsp;&nbsp;__aeabi_uidivmod
</UL>
<BR>[Called By]<UL><LI><a href="#[1be]">&gt;&gt;</a>&nbsp;&nbsp;&nbsp;__0sprintf$6
</UL>

<P><STRONG><a name="[1c2]"></a>_printf_post_padding</STRONG> (Thumb, 36 bytes, Stack size 24 bytes, printf6.o(i._printf_post_padding), UNUSED)
<BR><BR>[Called By]<UL><LI><a href="#[1bf]">&gt;&gt;</a>&nbsp;&nbsp;&nbsp;_printf_core
</UL>

<P><STRONG><a name="[1c0]"></a>_printf_pre_padding</STRONG> (Thumb, 46 bytes, Stack size 24 bytes, printf6.o(i._printf_pre_padding), UNUSED)
<BR><BR>[Called By]<UL><LI><a href="#[1bf]">&gt;&gt;</a>&nbsp;&nbsp;&nbsp;_printf_core
</UL>

<P><STRONG><a name="[43]"></a>_sputc</STRONG> (Thumb, 10 bytes, Stack size 0 bytes, printf6.o(i._sputc))
<BR><BR>[Called By]<UL><LI><a href="#[1be]">&gt;&gt;</a>&nbsp;&nbsp;&nbsp;__0sprintf$6
</UL>
<BR>[Address Reference Count : 1]<UL><LI> printf6.o(i.__0sprintf$6)
</UL><P>
<H3>
Undefined Global Symbols
</H3><HR></body></html>
