<html>
<body>
<pre>
<h1>礦ision Build Log</h1>
<h2>Tool Versions:</h2>
IDE-Version: μVision V5.14.0.0
Copyright (C) 2015 ARM Ltd and ARM Germany GmbH. All rights reserved.
License Information: wang hongyan, hy, LIC=IC930-BR4HE-D3YM3-AN13M-A7NG0-K2RNH
 
Tool Versions:
Toolchain:       MDK-ARM Professional  Version: 5.14.0.0
Toolchain Path:  C:\Keil_v5\ARM\ARMCC\Bin
C Compiler:      Armcc.exe V5.05 update 1 (build 106)
Assembler:       Armasm.exe V5.05 update 1 (build 106)
Linker/Locator:  ArmLink.exe V5.05 update 1 (build 106)
Library Manager: ArmAr.exe V5.05 update 1 (build 106)
Hex Converter:   FromElf.exe V5.05 update 1 (build 106)
CPU DLL:         SARMCM3.DLL V5.14.0.0
Dialog DLL:      DCM.DLL V1.13.1.0
Target DLL:      STLink\ST-LINKIII-KEIL_SWO.dll V2.0.6.0_KEIL
Dialog DLL:      TCM.DLL V1.14.4.0
 
<h2>Project:</h2>
C:\Users\hongyan\Desktop\ICT\191111显示功能全部成功\STM32L151_ICT20191107\Project\STM32L1_Project.uvprojx
Project File Date:  11/07/2019

<h2>Output:</h2>
Build target 'STM32L151'
compiling main.c...
compiling protocol.c...
linking...
Program Size: Code=45836 RO-data=9568 RW-data=2056 ZI-data=6472  
FromELF: creating hex file...
"..\Output\SCT_V1.0.0" - 0 Error(s), 0 Warning(s).

<h2>Collection of Component include folders:</h2>
  C:\Users\hongyan\Desktop\ICT\191111显示功能全部成功\STM32L151_ICT20191107\Project\RTE
  C:\Keil_v5\ARM\PACK\Keil\STM32L1xx_DFP\1.2.0

<h2>Collection of Component Files used:</h2>
</pre>
</body>
</html>
